################################################################################
#                                                                              #
#      IAR Universal Linker V6.4.6.89                                          #
#                                                                              #
#           Link time     =  04/Nov/2025  21:13:04                             #
#           Target CPU    =  x51                                               #
#           List file     =  E:\实验室Start\TrajectoryCompression\Serf_Embedde #
#                            d\Debug\List\serf-all.map                         #
#           Output file 1 =  E:\实验室Start\TrajectoryCompression\Serf_Embedde #
#                            d\Debug\Exe\serf-all.a51                          #
#                            Format: intel-extended                            #
#           Output file 2 =  E:\实验室Start\TrajectoryCompression\Serf_Embedde #
#                            d\Debug\Exe\serf-all.d51                          #
#                            Format: ubrof10                                   #
#                            UBROF version 10.0.6                              #
#                            Using library modules for C-SPY (-rt)             #
#           Command line  =  -f                                                #
#                            C:\Users\zqq666\AppData\Local\Temp\EW5B9C.tmp     #
#                            (E:\实验室Start\TrajectoryCompression\Serf_Embedd #
#                            ed\Debug\Obj\elias_gamma_codec.r51                #
#                            E:\实验室Start\TrajectoryCompression\Serf_Embedde #
#                            d\Debug\Obj\file_reader.r51                       #
#                            E:\实验室Start\TrajectoryCompression\Serf_Embedde #
#                            d\Debug\Obj\iar_serf_test.r51                     #
#                            E:\实验室Start\TrajectoryCompression\Serf_Embedde #
#                            d\Debug\Obj\input_bit_stream.r51                  #
#                            E:\实验室Start\TrajectoryCompression\Serf_Embedde #
#                            d\Debug\Obj\output_bit_stream.r51                 #
#                            E:\实验室Start\TrajectoryCompression\Serf_Embedde #
#                            d\Debug\Obj\serf_qt_compressor.r51                #
#                            E:\实验室Start\TrajectoryCompression\Serf_Embedde #
#                            d\Debug\Obj\serf_qt_decompressor.r51              #
#                            -o                                                #
#                            E:\实验室Start\TrajectoryCompression\Serf_Embedde #
#                            d\Debug\Exe\serf-all.d51                          #
#                            -l                                                #
#                            E:\实验室Start\TrajectoryCompression\Serf_Embedde #
#                            d\Debug\List\serf-all.map                         #
#                            -xms -IE:\实验室Start\IAR\8051\LIB\ -f            #
#                            "E:\实验室Start\IAR\8051\config\devices\Texas Ins #
#                            truments\lnk51ew_cc2530F256_banked.xcl"           #
#                            (-D_IDATA0_START=0x00 -D_IDATA0_END=0xFF          #
#                            -D_PDATA0_START=0x1E00 -D_PDATA0_END=0x1EFF       #
#                            -D_IXDATA0_START=0x0001 -D_IXDATA0_END=0x1EFF     #
#                            -D_XDATA0_START=_IXDATA0_START                    #
#                            -D_XDATA0_END=_IXDATA0_END                        #
#                            -D_NEAR_CODE_START=0x0000                         #
#                            -D_FIRST_BANK_ADDR=0x10000 -D?REGISTER_BANK=0x0   #
#                            -D_REGISTER_BANK_START=0x0 -D_BREG_START=0x00     #
#                            -D?VB=0x20 -Z(BIT)BREG=_BREG_START                #
#                            -Z(BIT)BIT_N=0-7F                                 #
#                            -Z(DATA)REGISTERS+8=_REGISTER_BANK_START          #
#                            -Z(DATA)BDATA_Z,BDATA_N,BDATA_I=20-2F             #
#                            -Z(DATA)VREG=08-7F -Z(DATA)PSP,XSP=08-7F          #
#                            -Z(DATA)DOVERLAY=08-7F                            #
#                            -Z(DATA)DATA_I,DATA_Z,DATA_N=08-7F                #
#                            -U(IDATA)0-7F=(DATA)0-7F                          #
#                            -Z(IDATA)IDATA_I,IDATA_Z,IDATA_N=08-_IDATA0_END   #
#                            -Z(IDATA)ISTACK+_IDATA_STACK_SIZE#08-_IDATA0_END  #
#                            -Z(IDATA)IOVERLAY=08-FF -Z(CODE)INTVEC=0          #
#                            -Z(CODE)CSTART=_NEAR_CODE_START-(_CODEBANK_START- #
#                            1)                                                #
#                            -Z(CODE)BIT_ID,BDATA_ID,DATA_ID,IDATA_ID,IXDATA_I #
#                            D,PDATA_ID,XDATA_ID=_NEAR_CODE_START-(_CODEBANK_S #
#                            TART-1)                                           #
#                            -Z(CODE)BANK_RELAYS,RCODE,DIFUNCT,CODE_C,CODE_N,N #
#                            EAR_CODE=_NEAR_CODE_START-(_CODEBANK_START-1)     #
#                            -P(CODE)BANKED_CODE=_NEAR_CODE_START-(_CODEBANK_S #
#                            TART-1),[(_CODEBANK_START+_FIRST_BANK_ADDR)-(_COD #
#                            EBANK_END+_FIRST_BANK_ADDR)]*_NR_OF_BANKS+10000   #
#                            -Z(CODE)CHECKSUM#(_CODEBANK_START-1)              #
#                            -Z(XDATA)PDATA_Z,PDATA_I=_PDATA0_START-_PDATA0_EN #
#                            D                                                 #
#                            -P(XDATA)PDATA_N=_PDATA0_START-_PDATA0_END        #
#                            -Z(XDATA)PSTACK+_PDATA_STACK_SIZE=_PDATA0_START-_ #
#                            PDATA0_END                                        #
#                            -Z(XDATA)EXT_STACK+_EXTENDED_STACK_SIZE=_EXTENDED #
#                            _STACK_START                                      #
#                            -Z(XDATA)XSTACK+_XDATA_STACK_SIZE=_XDATA0_START-_ #
#                            XDATA0_END                                        #
#                            -Z(XDATA)IXDATA_Z,IXDATA_I=_IXDATA0_START-_IXDATA #
#                            0_END                                             #
#                            -P(XDATA)IXDATA_N=_IXDATA0_START-_IXDATA0_END     #
#                            -Z(XDATA)XDATA_Z,XDATA_I=_XDATA0_START-_XDATA0_EN #
#                            D                                                 #
#                            -P(XDATA)XDATA_N=_XDATA0_START-_XDATA0_END        #
#                            -Z(XDATA)XDATA_HEAP+_XDATA_HEAP_SIZE=_XDATA0_STAR #
#                            T-_XDATA0_END                                     #
#                            -Z(CONST)XDATA_ROM_C=_XDATA0_START-_XDATA0_END    #
#                            -cx51                                             #
#                            -M(CODE)[(_CODEBANK_START+_FIRST_BANK_ADDR)-(_COD #
#                            EBANK_END+_FIRST_BANK_ADDR)]*_NR_OF_BANKS+0x10000 #
#                            =0x8000                                           #
#                            -ww69=i -D_BANK0_START=0x00000                    #
#                            -D_BANK0_END=0x07FFF -D_BANK1_START=0x18000       #
#                            -D_BANK1_END=0x1FFFF -D_BANK2_START=0x28000       #
#                            -D_BANK2_END=0x2FFFF -D_BANK3_START=0x38000       #
#                            -D_BANK3_END=0x3FFFF -D_BANK4_START=0x48000       #
#                            -D_BANK4_END=0x4FFFF -D_BANK5_START=0x58000       #
#                            -D_BANK5_END=0x5FFFF -D_BANK6_START=0x68000       #
#                            -D_BANK6_END=0x6FFFF -D_BANK7_START=0x78000       #
#                            -D_BANK7_END=0x7FFFF                              #
#                            -P(CODE)BANK0=_BANK0_START-_BANK0_END             #
#                            -P(CODE)BANK1=_BANK1_START-_BANK1_END             #
#                            -P(CODE)BANK2=_BANK2_START-_BANK2_END             #
#                            -P(CODE)BANK3=_BANK3_START-_BANK3_END             #
#                            -P(CODE)BANK4=_BANK4_START-_BANK4_END             #
#                            -P(CODE)BANK5=_BANK5_START-_BANK5_END             #
#                            -P(CODE)BANK6=_BANK6_START-_BANK6_END             #
#                            -P(CODE)BANK7=_BANK7_START-_BANK7_END             #
#                            -D_FLASH_LOCK_BITS_START=0x7FFF0                  #
#                            -D_FLASH_LOCK_BITS_END=0x7FFFF                    #
#                            -Z(CODE)FLASH_LOCK_BITS=_FLASH_LOCK_BITS_START-_F #
#                            LASH_LOCK_BITS_END                                #
#                            -U(CODE)0x0000=(CODE)_FLASH_LOCK_BITS_START-_FLAS #
#                            H_LOCK_BITS_END)                                  #
#                            -D_NR_OF_VIRTUAL_REGISTERS=8 -D?PBANK=0x93        #
#                            -D?CBANK=0x9F -D?CBANK_MASK=0xFF                  #
#                            -e?BCALL_FF=?BCALL -e?BRET_FF=?BRET               #
#                            -e?BDISPATCH_FF=?BDISPATCH                        #
#                            -D_CODEBANK_START=0x8000 -D_CODEBANK_END=0xFFFF   #
#                            -D_NR_OF_BANKS=0x07                               #
#                            -IE:\实验室Start\IAR\8051\CONFIG\ -rt             #
#                            -Ointel-extended=E:\实验室Start\TrajectoryCompres #
#                            sion\Serf_Embedded\Debug\Exe\serf-all.a51         #
#                            -s __program_start                                #
#                            E:\实验室Start\IAR\8051\LIB\DLIB\dl-pli-blxd-1e16 #
#                            x01n.r51                                          #
#                            -D_IDATA_STACK_SIZE=0x40 -D?ESP=0 -D?ESP_MASK=0   #
#                            -D_EXTENDED_STACK_START=0                         #
#                            -D_EXTENDED_STACK_SIZE=0                          #
#                            -D_PDATA_STACK_SIZE=0x80                          #
#                            -D_XDATA_STACK_SIZE=0x1FF                         #
#                            -D_XDATA_HEAP_SIZE=0xFF -D_FAR_HEAP_SIZE=0xFFF    #
#                            -D_HUGE_HEAP_SIZE=0xFFF                           #
#                            -D_FAR22_HEAP_SIZE=0xFFF)                         #
#                                                                              #
#                           Copyright (C) 1987-2016 IAR Systems AB.            #
################################################################################





                ****************************************
                *                                      *
                *           CROSS REFERENCE            *
                *                                      *
                ****************************************

       Program entry at : CODE      0000005A  Relocatable, from module : CSTARTUP




                ****************************************
                *                                      *
                *            RUNTIME MODEL             *
                *                                      *
                ****************************************

  __Heap_Handler             = Basic
  __SystemLibrary            = DLib
  __calling_convention       = xdata_reentrant
  __code_model               = banked
  __core                     = plain
  __data_model               = large
  __dlib_file_descriptor     = 0
  __dlib_full_locale_support = 0
  __dptr_size                = 16
  __extended_stack           = disabled
  __location_for_constants   = data
  __number_of_dptrs          = 1
  __register_banks           = *
  __rt_version               = 1

                ****************************************
                *                                      *
                *    AUTOMATIC SYMBOL REDIRECTIONS     *
                *                                      *
                ****************************************

       All references to: _Printf
         were redirected to: _PrintfLargeNoMb
       All references to: _Printf::?relay
         were redirected to: _PrintfLargeNoMb::?relay



                ****************************************
                *                                      *
                *              MODULE MAP              *
                *                                      *
                ****************************************


  DEFINED ABSOLUTE ENTRIES
    *************************************************************************

  DEFINED ABSOLUTE ENTRIES
  PROGRAM MODULE, NAME : ?ABS_ENTRY_MOD

Absolute parts
           ENTRY                   ADDRESS         REF BY
           =====                   =======         ======
           _FAR22_HEAP_SIZE        00000FFF 
           _HUGE_HEAP_SIZE         00000FFF 
           _FAR_HEAP_SIZE          00000FFF 
           _XDATA_HEAP_SIZE        000000FF 
           _XDATA_STACK_SIZE       000001FF 
           _PDATA_STACK_SIZE       00000080 
           _EXTENDED_STACK_SIZE    00000000 
           _EXTENDED_STACK_START   00000000 
           ?ESP_MASK               00000000 
           ?ESP                    00000000 
           _IDATA_STACK_SIZE       00000040 
           _NR_OF_BANKS            00000007 
           _CODEBANK_END           0000FFFF 
           _CODEBANK_START         00008000 
           ?CBANK_MASK             000000FF 
           ?CBANK                  0000009F        ?RESET_CODE_BANK (CSTARTUP)
                                                   Segment part 0 (?BANKED_CODE_SUPPORT)
           ?PBANK                  00000093 
           _NR_OF_VIRTUAL_REGISTERS
                                   00000008 
           _FLASH_LOCK_BITS_END    0003FFFF 
           _FLASH_LOCK_BITS_START
                                   0003FFF0 
           _BANK7_END              0003FFFF 
           _BANK7_START            00038000 
           _BANK6_END              00037FFF 
           _BANK6_START            00030000 
           _BANK5_END              0002FFFF 
           _BANK5_START            00028000 
           _BANK4_END              00027FFF 
           _BANK4_START            00020000 
           _BANK3_END              0001FFFF 
           _BANK3_START            00018000 
           _BANK2_END              00017FFF 
           _BANK2_START            00010000 
           _BANK1_END              0000FFFF 
           _BANK1_START            00008000 
           _BANK0_END              00007FFF 
           _BANK0_START            00000000 
           ?VB                     00000020        ?BANKED_ENTER_XDATA (?BANKED_ENTER_XDATA)
                                                   ?BANKED_LEAVE_XDATA (?BANKED_LEAVE_XDATA)
                                                   InputBitStream::ReadBit() (input_bit_stream)
           _BREG_START             00000000 
           _REGISTER_BANK_START    00000000 
           ?REGISTER_BANK          00000000        Segment part 6 (CSTARTUP)
           _FIRST_BANK_ADDR        00010000 
           _NEAR_CODE_START        00000000 
           _XDATA0_END             00001EFF 
           _XDATA0_START           00000001 
           _IXDATA0_END            00001EFF 
           _IXDATA0_START          00000001 
           _PDATA0_END             00001EFF 
           _PDATA0_START           00001E00 
           _IDATA0_END             000000FF 
           _IDATA0_START           00000000 
    *************************************************************************

  FILE NAME : E:\实验室Start\TrajectoryCompression\Serf_Embedded\Debug\Obj\elias_gamma_codec.r51
  PROGRAM MODULE, NAME : elias_gamma_codec

  SEGMENTS IN THE MODULE
  ======================
XDATA_I
  Relative segment, address: XDATA 000010F7 - 0000113A (0x44 bytes), align: 0
  Segment part 6.             Intra module refs:   EliasGammaCodec::Encode(long, OutputBitStream *)
           ENTRY                   ADDRESS         REF BY
           =====                   =======         ======
           EliasGammaCodec::kLog2Table
                                   000010F7 
    -------------------------------------------------------------------------
XDATA_I
  Relative segment, address: XDATA 0000113B - 0000113E (0x4 bytes), align: 0
  Segment part 8.             Intra module refs:   EliasGammaCodec::Encode(long, OutputBitStream *)
           ENTRY                   ADDRESS         REF BY
           =====                   =======         ======
           __Constant_11           0000113B 
    -------------------------------------------------------------------------
XDATA_I
  Relative segment, address: XDATA 0000113F - 00001142 (0x4 bytes), align: 0
  Segment part 10.            Intra module refs:   EliasGammaCodec::Encode(long, OutputBitStream *)
                                                   _LdtobLargeNoMb (?xprintflarge_nomb)
                                                   _LitobLargeNoMb (?xprintflarge_nomb)
                                                   _PrintfLargeNoMb (?xprintflarge_nomb)
                                                   fabsf (?fabsf)
                                                   floorf (?floorf)
           ENTRY                   ADDRESS         REF BY
           =====                   =======         ======
           __Constant_0            0000113F 
    -------------------------------------------------------------------------
XDATA_I
  Relative segment, address: XDATA 00001143 - 00001146 (0x4 bytes), align: 0
  Segment part 12.            Intra module refs:   EliasGammaCodec::Decode(InputBitStream *)
                                                   InputBitStream::Forward(uint32_t) (input_bit_stream)
                                                   InputBitStream::Peek(uint32_t) (input_bit_stream)
                                                   InputBitStream::ReadBit() (input_bit_stream)
                                                   OutputBitStream::Flush() (output_bit_stream)
                                                   OutputBitStream::Write(uint32_t, uint32_t) (output_bit_stream)
                                                   SerfQtCompressor::AddValue(float) (serf_qt_compressor)
                                                   SerfQtDecompressor::NextValue() (serf_qt_decompressor)
                                                   ceilf (?ceilf)
           ENTRY                   ADDRESS         REF BY
           =====                   =======         ======
           __Constant_1            00001143 
    -------------------------------------------------------------------------
<BANKED_CODE> 1 (was BANKED_CODE)
  Relative segment, address: CODE 00005F8E - 00006081 (0xf4 bytes), align: 0
  Segment part 14.            Intra module refs:   EliasGammaCodec::Encode(long, OutputBitStream *)::?relay
           ENTRY                   ADDRESS         REF BY
           =====                   =======         ======
           EliasGammaCodec::Encode(long, OutputBitStream *)
                                   00005F8E 
               calls direct
               XSTACK = 00000002 ( 0000001A )
               ISTACK = 00000000 ( 00000002 )
    -------------------------------------------------------------------------
<BANKED_CODE> 1 (was BANKED_CODE)
  Relative segment, address: CODE 00006082 - 00006083 (0x2 bytes), align: 0
  Segment part 16.            Intra module refs:   EliasGammaCodec::Encode(long, OutputBitStream *)
           LOCAL                   ADDRESS         
           =====                   =======         
           ?Subroutine0            00006082 
    -------------------------------------------------------------------------
<BANKED_CODE> 1 (was BANKED_CODE)
  Relative segment, address: CODE 00006084 - 0000608D (0xa bytes), align: 0
  Segment part 17.            Intra module refs:   ?Subroutine0
                                                   EliasGammaCodec::Decode(InputBitStream *)
    -------------------------------------------------------------------------
<BANKED_CODE> 1 (was BANKED_CODE)
  Relative segment, address: CODE 0000608E - 00006104 (0x77 bytes), align: 0
  Segment part 18.            Intra module refs:   EliasGammaCodec::Decode(InputBitStream *)::?relay
           ENTRY                   ADDRESS         REF BY
           =====                   =======         ======
           EliasGammaCodec::Decode(InputBitStream *)
                                   0000608E 
               calls direct
               XSTACK = 00000000 ( 00000010 )
    -------------------------------------------------------------------------
XDATA_ID
  Relative segment, address: CODE 0000008A - 000000CD (0x44 bytes), align: 0
  Segment part 7.             Intra module refs:   EliasGammaCodec::kLog2Table
    -------------------------------------------------------------------------
XDATA_ID
  Relative segment, address: CODE 000000CE - 000000D1 (0x4 bytes), align: 0
  Segment part 9.             Intra module refs:   __Constant_11
    -------------------------------------------------------------------------
XDATA_ID
  Relative segment, address: CODE 000000D2 - 000000D5 (0x4 bytes), align: 0
  Segment part 11.            Intra module refs:   __Constant_0
    -------------------------------------------------------------------------
XDATA_ID
  Relative segment, address: CODE 000000D6 - 000000D9 (0x4 bytes), align: 0
  Segment part 13.            Intra module refs:   __Constant_1
    -------------------------------------------------------------------------
BANK_RELAYS
  Relative segment, address: CODE 0000089E - 000008A3 (0x6 bytes), align: 0
  Segment part 15.
           ENTRY                   ADDRESS         REF BY
           =====                   =======         ======
           EliasGammaCodec::Encode(long, OutputBitStream *)::?relay
                                   0000089E        SerfQtCompressor::AddValue(float) (serf_qt_compressor)
    -------------------------------------------------------------------------
BANK_RELAYS
  Relative segment, address: CODE 000008A4 - 000008A9 (0x6 bytes), align: 0
  Segment part 19.
           ENTRY                   ADDRESS         REF BY
           =====                   =======         ======
           EliasGammaCodec::Decode(InputBitStream *)::?relay
                                   000008A4        SerfQtDecompressor::NextValue() (serf_qt_decompressor)

    *************************************************************************

  FILE NAME : E:\实验室Start\TrajectoryCompression\Serf_Embedded\Debug\Obj\file_reader.r51
  PROGRAM MODULE, NAME : file_reader

  SEGMENTS IN THE MODULE
  ======================
XDATA_Z
  Relative segment, address: XDATA 00000200 - 0000083F (0x640 bytes), align: 0
  Segment part 6.             Intra module refs:   file_reader_init(file_reader_t *, char const *)
                                                   file_reader_read_next(file_reader_t *, trajectory_point_t *)
           LOCAL                   ADDRESS         
           =====                   =======         
           trajectory_data         00000200 
    -------------------------------------------------------------------------
XDATA_Z
  Relative segment, address: XDATA 00000840 - 00000841 (0x2 bytes), align: 0
  Segment part 7.             Intra module refs:   file_reader_init(file_reader_t *, char const *)
           LOCAL                   ADDRESS         
           =====                   =======         
           trajectory_count        00000840 
    -------------------------------------------------------------------------
XDATA_Z
  Relative segment, address: XDATA 00000842 - 00000842 (0x1 bytes), align: 0
  Segment part 8.             Intra module refs:   file_reader_init(file_reader_t *, char const *)
           LOCAL                   ADDRESS         
           =====                   =======         
           data_loaded             00000842 
    -------------------------------------------------------------------------
<BANKED_CODE> 1 (was BANKED_CODE)
  Relative segment, address: CODE 00005BD7 - 00005D12 (0x13c bytes), align: 0
  Segment part 15.            Intra module refs:   file_reader_init(file_reader_t *, char const *)::?relay
           ENTRY                   ADDRESS         REF BY
           =====                   =======         ======
           file_reader_init(file_reader_t *, char const *)
                                   00005BD7 
               XSTACK = 00000000 ( 00000018 )
               ISTACK = 00000000 ( 00000001 )
    -------------------------------------------------------------------------
<BANKED_CODE> 1 (was BANKED_CODE)
  Relative segment, address: CODE 00005D13 - 00005D1B (0x9 bytes), align: 0
  Segment part 17.            Intra module refs:   file_reader_init(file_reader_t *, char const *)
           LOCAL                   ADDRESS         
           =====                   =======         
           ?Subroutine3            00005D13 
    -------------------------------------------------------------------------
<BANKED_CODE> 1 (was BANKED_CODE)
  Relative segment, address: CODE 00005D1C - 00005D25 (0xa bytes), align: 0
  Segment part 18.            Intra module refs:   file_reader_init(file_reader_t *, char const *)
           LOCAL                   ADDRESS         
           =====                   =======         
           ?Subroutine2            00005D1C 
    -------------------------------------------------------------------------
<BANKED_CODE> 1 (was BANKED_CODE)
  Relative segment, address: CODE 00005D26 - 00005D31 (0xc bytes), align: 0
  Segment part 19.            Intra module refs:   ?Subroutine1
                                                   ?Subroutine2
                                                   file_reader_init(file_reader_t *, char const *)
           LOCAL                   ADDRESS         
           =====                   =======         
           ?Subroutine4            00005D26 
    -------------------------------------------------------------------------
<BANKED_CODE> 1 (was BANKED_CODE)
  Relative segment, address: CODE 00005D32 - 00005D3E (0xd bytes), align: 0
  Segment part 20.            Intra module refs:   file_reader_init(file_reader_t *, char const *)
           LOCAL                   ADDRESS         
           =====                   =======         
           ?Subroutine1            00005D32 
    -------------------------------------------------------------------------
<BANKED_CODE> 1 (was BANKED_CODE)
  Relative segment, address: CODE 00005D3F - 00005DB2 (0x74 bytes), align: 0
  Segment part 21.            Intra module refs:   file_reader_read_next(file_reader_t *, trajectory_point_t *)::?relay
           ENTRY                   ADDRESS         REF BY
           =====                   =======         ======
           file_reader_read_next(file_reader_t *, trajectory_point_t *)
                                   00005D3F 
               XSTACK = 00000000 ( 0000000A )
    -------------------------------------------------------------------------
<BANKED_CODE> 1 (was BANKED_CODE)
  Relative segment, address: CODE 00005DB3 - 00005DB9 (0x7 bytes), align: 0
  Segment part 25.            Intra module refs:   file_reader_close(file_reader_t *)
                                                   file_reader_get_total_points(file_reader_t *)
           LOCAL                   ADDRESS         
           =====                   =======         
           ?Subroutine0            00005DB3 
    -------------------------------------------------------------------------
<BANKED_CODE> 1 (was BANKED_CODE)
  Relative segment, address: CODE 00005DBA - 00005DD8 (0x1f bytes), align: 0
  Segment part 26.            Intra module refs:   file_reader_close(file_reader_t *)::?relay
           ENTRY                   ADDRESS         REF BY
           =====                   =======         ======
           file_reader_close(file_reader_t *)
                                   00005DBA 
               ISTACK = 00000000 ( 00000003 )
    -------------------------------------------------------------------------
<BANKED_CODE> 1 (was BANKED_CODE)
  Relative segment, address: CODE 00005DD9 - 00005DF5 (0x1d bytes), align: 0
  Segment part 28.            Intra module refs:   file_reader_get_total_points(file_reader_t *)::?relay
           ENTRY                   ADDRESS         REF BY
           =====                   =======         ======
           file_reader_get_total_points(file_reader_t *)
                                   00005DD9 
               ISTACK = 00000000 ( 00000002 )
    -------------------------------------------------------------------------
XDATA_I
  Relative segment, address: XDATA 00001147 - 0000114A (0x4 bytes), align: 0
  Segment part 9.             Intra module refs:   file_reader_init(file_reader_t *, char const *)
                                                   test_serf_qt_compression() (iar_serf_test)
           ENTRY                   ADDRESS         REF BY
           =====                   =======         ======
           __Constant_38d1b717     00001147 
    -------------------------------------------------------------------------
XDATA_ID
  Relative segment, address: CODE 000000DA - 000000DD (0x4 bytes), align: 0
  Segment part 10.            Intra module refs:   __Constant_38d1b717
    -------------------------------------------------------------------------
XDATA_I
  Relative segment, address: XDATA 0000114B - 0000114E (0x4 bytes), align: 0
  Segment part 11.            Intra module refs:   file_reader_init(file_reader_t *, char const *)
           ENTRY                   ADDRESS         REF BY
           =====                   =======         ======
           __Constant_42200e33     0000114B 
    -------------------------------------------------------------------------
XDATA_ID
  Relative segment, address: CODE 000000DE - 000000E1 (0x4 bytes), align: 0
  Segment part 12.            Intra module refs:   __Constant_42200e33
    -------------------------------------------------------------------------
XDATA_I
  Relative segment, address: XDATA 0000114F - 00001152 (0x4 bytes), align: 0
  Segment part 13.            Intra module refs:   file_reader_init(file_reader_t *, char const *)
           ENTRY                   ADDRESS         REF BY
           =====                   =======         ======
           __Constant_42e89cea     0000114F 
    -------------------------------------------------------------------------
XDATA_ID
  Relative segment, address: CODE 000000E2 - 000000E5 (0x4 bytes), align: 0
  Segment part 14.            Intra module refs:   __Constant_42e89cea
    -------------------------------------------------------------------------
BANK_RELAYS
  Relative segment, address: CODE 000008AA - 000008AF (0x6 bytes), align: 0
  Segment part 16.
           ENTRY                   ADDRESS         REF BY
           =====                   =======         ======
           file_reader_init(file_reader_t *, char const *)::?relay
                                   000008AA        load_test_data(char const *) (iar_serf_test)
    -------------------------------------------------------------------------
BANK_RELAYS
  Relative segment, address: CODE 000008B0 - 000008B5 (0x6 bytes), align: 0
  Segment part 22.
           ENTRY                   ADDRESS         REF BY
           =====                   =======         ======
           file_reader_read_next(file_reader_t *, trajectory_point_t *)::?relay
                                   000008B0        load_test_data(char const *) (iar_serf_test)
    -------------------------------------------------------------------------
BANK_RELAYS
  Relative segment, address: CODE 000008B6 - 000008BB (0x6 bytes), align: 0
  Segment part 27.
           ENTRY                   ADDRESS         REF BY
           =====                   =======         ======
           file_reader_close(file_reader_t *)::?relay
                                   000008B6        load_test_data(char const *) (iar_serf_test)
    -------------------------------------------------------------------------
BANK_RELAYS
  Relative segment, address: CODE 000008BC - 000008C1 (0x6 bytes), align: 0
  Segment part 29.
           ENTRY                   ADDRESS         REF BY
           =====                   =======         ======
           file_reader_get_total_points(file_reader_t *)::?relay
                                   000008BC        load_test_data(char const *) (iar_serf_test)

    *************************************************************************

  FILE NAME : E:\实验室Start\TrajectoryCompression\Serf_Embedded\Debug\Obj\iar_serf_test.r51
  PROGRAM MODULE, NAME : iar_serf_test

  SEGMENTS IN THE MODULE
  ======================
XDATA_Z
  Relative segment, address: XDATA 00000843 - 000008C2 (0x80 bytes), align: 0
  Segment part 88.            Intra module refs:   Array<uint8_t>::Array(uint16_t)
                                                   Array<uint8_t>::operator=(Array<uint8_t> const &) (serf_qt_compressor)
                                                   SerfQtCompressor::Close() (serf_qt_compressor)
                                                   SerfQtCompressor::~SerfQtCompressor() (serf_qt_compressor)
                                                   test_serf_qt_compression()
           ENTRY                   ADDRESS         REF BY
           =====                   =======         ======
           ArrayBufferPool<uint8_t>::buffer_pool
                                   00000843 
    -------------------------------------------------------------------------
XDATA_Z
  Relative segment, address: XDATA 000008C3 - 00000AC2 (0x200 bytes), align: 0
  Segment part 89.            Intra module refs:   Array<float>::Array(uint16_t)
                                                   test_serf_qt_compression()
           ENTRY                   ADDRESS         REF BY
           =====                   =======         ======
           ArrayBufferPool<float>::buffer_pool
                                   000008C3 
    -------------------------------------------------------------------------
XDATA_Z
  Relative segment, address: XDATA 00000AC3 - 00000AC3 (0x1 bytes), align: 0
  Segment part 90.            Intra module refs:   Array<uint8_t>::Array(uint16_t)
                                                   Array<uint8_t>::operator=(Array<uint8_t> const &) (serf_qt_compressor)
                                                   SerfQtCompressor::Close() (serf_qt_compressor)
                                                   SerfQtCompressor::~SerfQtCompressor() (serf_qt_compressor)
                                                   test_serf_qt_compression()
           ENTRY                   ADDRESS         REF BY
           =====                   =======         ======
           ArrayBufferPool<uint8_t>::in_use
                                   00000AC3 
    -------------------------------------------------------------------------
XDATA_Z
  Relative segment, address: XDATA 00000AC4 - 00000AC4 (0x1 bytes), align: 0
  Segment part 91.            Intra module refs:   Array<float>::Array(uint16_t)
                                                   test_serf_qt_compression()
           ENTRY                   ADDRESS         REF BY
           =====                   =======         ======
           ArrayBufferPool<float>::in_use
                                   00000AC4 
    -------------------------------------------------------------------------
<BANKED_CODE> 1 (was BANKED_CODE)
  Relative segment, address: CODE 000032CC - 0000333A (0x6f bytes), align: 0
  Segment part 106.           Intra module refs:   Array<uint8_t>::Array(uint16_t)::?relay
           ENTRY                   ADDRESS         REF BY
           =====                   =======         ======
           Array<uint8_t>::Array(uint16_t)
                                   000032CC 
               calls direct
               XSTACK = 00000061 ( 0000000C )
    -------------------------------------------------------------------------
<BANKED_CODE> 1 (was BANKED_CODE)
  Relative segment, address: CODE 0000333B - 000033AF (0x75 bytes), align: 0
  Segment part 108.           Intra module refs:   Array<float>::Array(uint16_t)::?relay
           ENTRY                   ADDRESS         REF BY
           =====                   =======         ======
           Array<float>::Array(uint16_t)
                                   0000333B 
               calls direct
               XSTACK = 00000061 ( 0000000C )
    -------------------------------------------------------------------------
XDATA_Z
  Relative segment, address: XDATA 00000AC5 - 00000AC5 (0x1 bytes), align: 0
  Segment part 92.            Intra module refs:   test_serf_qt_compression()
           ENTRY                   ADDRESS         REF BY
           =====                   =======         ======
           Array<uint8_t>::operator[](uint16_t) const::error_value
                                   00000AC5 
    -------------------------------------------------------------------------
XDATA_Z
  Relative segment, address: XDATA 00000AC6 - 00000AC9 (0x4 bytes), align: 0
  Segment part 93.            Intra module refs:   SerfQtDecompressor::DecompressTo(Array<uint8_t> const &, Array<float> &, uint32_t) (serf_qt_decompressor)
                                                   test_serf_qt_compression()
           ENTRY                   ADDRESS         REF BY
           =====                   =======         ======
           Array<float>::operator[](uint16_t) const::error_value
                                   00000AC6 
    -------------------------------------------------------------------------
XDATA_Z
  Relative segment, address: XDATA 00000ACA - 00000C59 (0x190 bytes), align: 0
  Segment part 94.            Intra module refs:   load_test_data(char const *)
                                                   test_serf_qt_compression()
           LOCAL                   ADDRESS         
           =====                   =======         
           test_data               00000ACA 
    -------------------------------------------------------------------------
XDATA_Z
  Relative segment, address: XDATA 00000C5A - 00000C5B (0x2 bytes), align: 0
  Segment part 95.            Intra module refs:   ?Subroutine0
                                                   ?Subroutine2
                                                   ?Subroutine8
                                                   load_test_data(char const *)
                                                   test_serf_qt_compression()
           LOCAL                   ADDRESS         
           =====                   =======         
           test_data_count         00000C5A 
    -------------------------------------------------------------------------
XDATA_Z
  Relative segment, address: XDATA 00000C5C - 00000CDB (0x80 bytes), align: 0
  Segment part 96.            Intra module refs:   test_serf_qt_compression()
           LOCAL                   ADDRESS         
           =====                   =======         
           g_lat_compressed_data   00000C5C 
    -------------------------------------------------------------------------
XDATA_Z
  Relative segment, address: XDATA 00000CDC - 00000D5B (0x80 bytes), align: 0
  Segment part 97.            Intra module refs:   test_serf_qt_compression()
           LOCAL                   ADDRESS         
           =====                   =======         
           g_lon_compressed_data   00000CDC 
    -------------------------------------------------------------------------
XDATA_Z
  Relative segment, address: XDATA 00000D5C - 00000E23 (0xc8 bytes), align: 0
  Segment part 98.            Intra module refs:   test_serf_qt_compression()
           LOCAL                   ADDRESS         
           =====                   =======         
           g_lat_decompressed      00000D5C 
    -------------------------------------------------------------------------
XDATA_Z
  Relative segment, address: XDATA 00000E24 - 00000EEB (0xc8 bytes), align: 0
  Segment part 99.            Intra module refs:   test_serf_qt_compression()
           LOCAL                   ADDRESS         
           =====                   =======         
           g_lon_decompressed      00000E24 
    -------------------------------------------------------------------------
<BANKED_CODE> 1 (was BANKED_CODE)
  Relative segment, address: CODE 000033B0 - 0000348D (0xde bytes), align: 0
  Segment part 110.           Intra module refs:   load_test_data(char const *)::?relay
           ENTRY                   ADDRESS         REF BY
           =====                   =======         ======
           load_test_data(char const *)
                                   000033B0 
               calls direct
               XSTACK = 00000000 ( 00000025 )
    -------------------------------------------------------------------------
<BANKED_CODE> 1 (was BANKED_CODE)
  Relative segment, address: CODE 0000348E - 00004027 (0xb9a bytes), align: 0
  Segment part 112.           Intra module refs:   test_serf_qt_compression()::?relay
           ENTRY                   ADDRESS         REF BY
           =====                   =======         ======
           test_serf_qt_compression()
                                   0000348E 
               calls direct
               XSTACK = 00000000 ( 0000007B )
               ISTACK = 00000000 ( 00000001 )
    -------------------------------------------------------------------------
<BANKED_CODE> 1 (was BANKED_CODE)
  Relative segment, address: CODE 00004028 - 00004030 (0x9 bytes), align: 0
  Segment part 114.           Intra module refs:   test_serf_qt_compression()
           LOCAL                   ADDRESS         
           =====                   =======         
           ?Subroutine12           00004028 
    -------------------------------------------------------------------------
<BANKED_CODE> 1 (was BANKED_CODE)
  Relative segment, address: CODE 00004031 - 00004039 (0x9 bytes), align: 0
  Segment part 115.           Intra module refs:   test_serf_qt_compression()
           LOCAL                   ADDRESS         
           =====                   =======         
           ?Subroutine11           00004031 
    -------------------------------------------------------------------------
<BANKED_CODE> 1 (was BANKED_CODE)
  Relative segment, address: CODE 0000403A - 00004043 (0xa bytes), align: 0
  Segment part 116.           Intra module refs:   test_serf_qt_compression()
           LOCAL                   ADDRESS         
           =====                   =======         
           ?Subroutine10           0000403A 
    -------------------------------------------------------------------------
<BANKED_CODE> 1 (was BANKED_CODE)
  Relative segment, address: CODE 00004044 - 00004047 (0x4 bytes), align: 0
  Segment part 117.           Intra module refs:   test_serf_qt_compression()
           LOCAL                   ADDRESS         
           =====                   =======         
           ?Subroutine9            00004044 
    -------------------------------------------------------------------------
<BANKED_CODE> 1 (was BANKED_CODE)
  Relative segment, address: CODE 00004048 - 0000404D (0x6 bytes), align: 0
  Segment part 118.           Intra module refs:   ?Subroutine4
                                                   ?Subroutine9
                                                   Segment part 127
                                                   Segment part 129
           LOCAL                   ADDRESS         
           =====                   =======         
           ?Subroutine13           00004048 
    -------------------------------------------------------------------------
<BANKED_CODE> 1 (was BANKED_CODE)
  Relative segment, address: CODE 0000404E - 00004050 (0x3 bytes), align: 0
  Segment part 119.           Intra module refs:   test_serf_qt_compression()
           LOCAL                   ADDRESS         
           =====                   =======         
           ?Subroutine8            0000404E 
    -------------------------------------------------------------------------
<BANKED_CODE> 1 (was BANKED_CODE)
  Relative segment, address: CODE 00004051 - 00004056 (0x6 bytes), align: 0
  Segment part 120.           Intra module refs:   ?Subroutine8
                                                   test_serf_qt_compression()
    -------------------------------------------------------------------------
<BANKED_CODE> 1 (was BANKED_CODE)
  Relative segment, address: CODE 00004057 - 00004061 (0xb bytes), align: 0
  Segment part 121.           Intra module refs:   test_serf_qt_compression()
           LOCAL                   ADDRESS         
           =====                   =======         
           ?Subroutine7            00004057 
    -------------------------------------------------------------------------
<BANKED_CODE> 1 (was BANKED_CODE)
  Relative segment, address: CODE 00004062 - 0000406D (0xc bytes), align: 0
  Segment part 122.           Intra module refs:   test_serf_qt_compression()
           LOCAL                   ADDRESS         
           =====                   =======         
           ?Subroutine6            00004062 
    -------------------------------------------------------------------------
<BANKED_CODE> 1 (was BANKED_CODE)
  Relative segment, address: CODE 0000406E - 00004073 (0x6 bytes), align: 0
  Segment part 123.           Intra module refs:   test_serf_qt_compression()
           LOCAL                   ADDRESS         
           =====                   =======         
           ?Subroutine5            0000406E 
    -------------------------------------------------------------------------
<BANKED_CODE> 1 (was BANKED_CODE)
  Relative segment, address: CODE 00004074 - 0000407C (0x9 bytes), align: 0
  Segment part 124.           Intra module refs:   test_serf_qt_compression()
           LOCAL                   ADDRESS         
           =====                   =======         
           ?Subroutine4            00004074 
    -------------------------------------------------------------------------
<BANKED_CODE> 1 (was BANKED_CODE)
  Relative segment, address: CODE 0000407D - 00004085 (0x9 bytes), align: 0
  Segment part 125.           Intra module refs:   test_serf_qt_compression()
           LOCAL                   ADDRESS         
           =====                   =======         
           ?Subroutine3            0000407D 
    -------------------------------------------------------------------------
<BANKED_CODE> 1 (was BANKED_CODE)
  Relative segment, address: CODE 00004086 - 00004088 (0x3 bytes), align: 0
  Segment part 126.           Intra module refs:   test_serf_qt_compression()
           LOCAL                   ADDRESS         
           =====                   =======         
           ?Subroutine2            00004086 
    -------------------------------------------------------------------------
<BANKED_CODE> 1 (was BANKED_CODE)
  Relative segment, address: CODE 00004089 - 00004091 (0x9 bytes), align: 0
  Segment part 127.           Intra module refs:   ?Subroutine2
                                                   test_serf_qt_compression()
    -------------------------------------------------------------------------
<BANKED_CODE> 1 (was BANKED_CODE)
  Relative segment, address: CODE 00004092 - 00004097 (0x6 bytes), align: 0
  Segment part 128.           Intra module refs:   test_serf_qt_compression()
           LOCAL                   ADDRESS         
           =====                   =======         
           ?Subroutine1            00004092 
    -------------------------------------------------------------------------
<BANKED_CODE> 1 (was BANKED_CODE)
  Relative segment, address: CODE 00004098 - 0000409D (0x6 bytes), align: 0
  Segment part 129.           Intra module refs:   ?Subroutine1
                                                   test_serf_qt_compression()
    -------------------------------------------------------------------------
<BANKED_CODE> 1 (was BANKED_CODE)
  Relative segment, address: CODE 0000409E - 000040AC (0xf bytes), align: 0
  Segment part 130.           Intra module refs:   test_serf_qt_compression()
           LOCAL                   ADDRESS         
           =====                   =======         
           ?Subroutine0            0000409E 
    -------------------------------------------------------------------------
<BANKED_CODE> 1 (was BANKED_CODE)
  Relative segment, address: CODE 000040AD - 000040DA (0x2e bytes), align: 0
  Segment part 131.
           ENTRY                   ADDRESS         REF BY
           =====                   =======         ======
           main                    000040AD        ?call_main (?cmain)
               calls direct
    -------------------------------------------------------------------------
XDATA_ID
  Relative segment, address: CODE 000000E6 - 000000F6 (0x11 bytes), align: 0
  Segment part 7.             Intra module refs:   Segment part 6
    -------------------------------------------------------------------------
XDATA_ID
  Relative segment, address: CODE 000000F7 - 0000011B (0x25 bytes), align: 0
  Segment part 9.             Intra module refs:   Segment part 8
    -------------------------------------------------------------------------
XDATA_ID
  Relative segment, address: CODE 0000011C - 00000139 (0x1e bytes), align: 0
  Segment part 11.            Intra module refs:   Segment part 10
    -------------------------------------------------------------------------
XDATA_ID
  Relative segment, address: CODE 0000013A - 00000170 (0x37 bytes), align: 0
  Segment part 13.            Intra module refs:   Segment part 12
    -------------------------------------------------------------------------
XDATA_ID
  Relative segment, address: CODE 00000171 - 00000180 (0x10 bytes), align: 0
  Segment part 15.            Intra module refs:   Segment part 14
    -------------------------------------------------------------------------
XDATA_ID
  Relative segment, address: CODE 00000181 - 000001A0 (0x20 bytes), align: 0
  Segment part 17.            Intra module refs:   Segment part 16
    -------------------------------------------------------------------------
XDATA_ID
  Relative segment, address: CODE 000001A1 - 000001D7 (0x37 bytes), align: 0
  Segment part 19.            Intra module refs:   Segment part 18
    -------------------------------------------------------------------------
XDATA_ID
  Relative segment, address: CODE 000001D8 - 00000207 (0x30 bytes), align: 0
  Segment part 21.            Intra module refs:   Segment part 20
    -------------------------------------------------------------------------
XDATA_ID
  Relative segment, address: CODE 00000208 - 00000223 (0x1c bytes), align: 0
  Segment part 23.            Intra module refs:   Segment part 22
    -------------------------------------------------------------------------
XDATA_ID
  Relative segment, address: CODE 00000224 - 00000238 (0x15 bytes), align: 0
  Segment part 25.            Intra module refs:   Segment part 24
    -------------------------------------------------------------------------
XDATA_ID
  Relative segment, address: CODE 00000239 - 00000252 (0x1a bytes), align: 0
  Segment part 27.            Intra module refs:   Segment part 26
    -------------------------------------------------------------------------
XDATA_ID
  Relative segment, address: CODE 00000253 - 00000269 (0x17 bytes), align: 0
  Segment part 29.            Intra module refs:   Segment part 28
    -------------------------------------------------------------------------
XDATA_ID
  Relative segment, address: CODE 0000026A - 0000028E (0x25 bytes), align: 0
  Segment part 31.            Intra module refs:   Segment part 30
    -------------------------------------------------------------------------
XDATA_ID
  Relative segment, address: CODE 0000028F - 000002B8 (0x2a bytes), align: 0
  Segment part 33.            Intra module refs:   Segment part 32
    -------------------------------------------------------------------------
XDATA_ID
  Relative segment, address: CODE 000002B9 - 000002DC (0x24 bytes), align: 0
  Segment part 35.            Intra module refs:   Segment part 34
    -------------------------------------------------------------------------
XDATA_ID
  Relative segment, address: CODE 000002DD - 00000318 (0x3c bytes), align: 0
  Segment part 37.            Intra module refs:   Segment part 36
    -------------------------------------------------------------------------
XDATA_ID
  Relative segment, address: CODE 00000319 - 0000033D (0x25 bytes), align: 0
  Segment part 39.            Intra module refs:   Segment part 38
    -------------------------------------------------------------------------
XDATA_ID
  Relative segment, address: CODE 0000033E - 00000367 (0x2a bytes), align: 0
  Segment part 41.            Intra module refs:   Segment part 40
    -------------------------------------------------------------------------
XDATA_ID
  Relative segment, address: CODE 00000368 - 000003A3 (0x3c bytes), align: 0
  Segment part 43.            Intra module refs:   Segment part 42
    -------------------------------------------------------------------------
XDATA_ID
  Relative segment, address: CODE 000003A4 - 000003BD (0x1a bytes), align: 0
  Segment part 45.            Intra module refs:   Segment part 44
    -------------------------------------------------------------------------
XDATA_ID
  Relative segment, address: CODE 000003BE - 000003D9 (0x1c bytes), align: 0
  Segment part 47.            Intra module refs:   Segment part 46
    -------------------------------------------------------------------------
XDATA_ID
  Relative segment, address: CODE 000003DA - 000003F4 (0x1b bytes), align: 0
  Segment part 49.            Intra module refs:   Segment part 48
    -------------------------------------------------------------------------
XDATA_ID
  Relative segment, address: CODE 000003F5 - 0000040E (0x1a bytes), align: 0
  Segment part 51.            Intra module refs:   Segment part 50
    -------------------------------------------------------------------------
XDATA_ID
  Relative segment, address: CODE 0000040F - 00000428 (0x1a bytes), align: 0
  Segment part 53.            Intra module refs:   Segment part 52
    -------------------------------------------------------------------------
XDATA_ID
  Relative segment, address: CODE 00000429 - 0000044A (0x22 bytes), align: 0
  Segment part 55.            Intra module refs:   Segment part 54
    -------------------------------------------------------------------------
XDATA_ID
  Relative segment, address: CODE 0000044B - 00000474 (0x2a bytes), align: 0
  Segment part 57.            Intra module refs:   Segment part 56
    -------------------------------------------------------------------------
XDATA_ID
  Relative segment, address: CODE 00000475 - 0000049E (0x2a bytes), align: 0
  Segment part 59.            Intra module refs:   Segment part 58
    -------------------------------------------------------------------------
XDATA_ID
  Relative segment, address: CODE 0000049F - 000004C3 (0x25 bytes), align: 0
  Segment part 61.            Intra module refs:   Segment part 60
    -------------------------------------------------------------------------
XDATA_ID
  Relative segment, address: CODE 000004C4 - 000004F3 (0x30 bytes), align: 0
  Segment part 63.            Intra module refs:   Segment part 62
    -------------------------------------------------------------------------
XDATA_ID
  Relative segment, address: CODE 000004F4 - 0000052E (0x3b bytes), align: 0
  Segment part 65.            Intra module refs:   Segment part 64
    -------------------------------------------------------------------------
XDATA_ID
  Relative segment, address: CODE 0000052F - 0000057B (0x4d bytes), align: 0
  Segment part 67.            Intra module refs:   Segment part 66
    -------------------------------------------------------------------------
XDATA_ID
  Relative segment, address: CODE 0000057C - 00000593 (0x18 bytes), align: 0
  Segment part 69.            Intra module refs:   Segment part 68
    -------------------------------------------------------------------------
XDATA_ID
  Relative segment, address: CODE 00000594 - 000005A9 (0x16 bytes), align: 0
  Segment part 71.            Intra module refs:   Segment part 70
    -------------------------------------------------------------------------
XDATA_ID
  Relative segment, address: CODE 000005AA - 000005CC (0x23 bytes), align: 0
  Segment part 73.            Intra module refs:   Segment part 72
    -------------------------------------------------------------------------
XDATA_ID
  Relative segment, address: CODE 000005CD - 000005EF (0x23 bytes), align: 0
  Segment part 75.            Intra module refs:   Segment part 74
    -------------------------------------------------------------------------
XDATA_ID
  Relative segment, address: CODE 000005F0 - 00000624 (0x35 bytes), align: 0
  Segment part 77.            Intra module refs:   Segment part 76
    -------------------------------------------------------------------------
XDATA_ID
  Relative segment, address: CODE 00000625 - 00000654 (0x30 bytes), align: 0
  Segment part 79.            Intra module refs:   Segment part 78
    -------------------------------------------------------------------------
XDATA_ID
  Relative segment, address: CODE 00000655 - 00000667 (0x13 bytes), align: 0
  Segment part 81.            Intra module refs:   Segment part 80
    -------------------------------------------------------------------------
XDATA_ID
  Relative segment, address: CODE 00000668 - 0000067E (0x17 bytes), align: 0
  Segment part 83.            Intra module refs:   Segment part 82
    -------------------------------------------------------------------------
XDATA_ID
  Relative segment, address: CODE 0000067F - 00000694 (0x16 bytes), align: 0
  Segment part 85.            Intra module refs:   Segment part 84
    -------------------------------------------------------------------------
XDATA_ID
  Relative segment, address: CODE 00000695 - 000006C1 (0x2d bytes), align: 0
  Segment part 87.            Intra module refs:   Segment part 86
    -------------------------------------------------------------------------
XDATA_ID
  Relative segment, address: CODE 000006C2 - 000006C5 (0x4 bytes), align: 0
  Segment part 103.           Intra module refs:   __Constant_42c80000
    -------------------------------------------------------------------------
XDATA_ID
  Relative segment, address: CODE 000006C6 - 000006C9 (0x4 bytes), align: 0
  Segment part 105.           Intra module refs:   __Constant_38d1b718
    -------------------------------------------------------------------------
BANK_RELAYS
  Relative segment, address: CODE 000008C2 - 000008C7 (0x6 bytes), align: 0
  Segment part 107.           Intra module refs:   test_serf_qt_compression()
           ENTRY                   ADDRESS         REF BY
           =====                   =======         ======
           Array<uint8_t>::Array(uint16_t)::?relay
                                   000008C2 
    -------------------------------------------------------------------------
BANK_RELAYS
  Relative segment, address: CODE 000008C8 - 000008CD (0x6 bytes), align: 0
  Segment part 109.           Intra module refs:   test_serf_qt_compression()
           ENTRY                   ADDRESS         REF BY
           =====                   =======         ======
           Array<float>::Array(uint16_t)::?relay
                                   000008C8 
    -------------------------------------------------------------------------
BANK_RELAYS
  Relative segment, address: CODE 000008CE - 000008D3 (0x6 bytes), align: 0
  Segment part 111.           Intra module refs:   main
           ENTRY                   ADDRESS         REF BY
           =====                   =======         ======
           load_test_data(char const *)::?relay
                                   000008CE 
    -------------------------------------------------------------------------
BANK_RELAYS
  Relative segment, address: CODE 000008D4 - 000008D9 (0x6 bytes), align: 0
  Segment part 113.           Intra module refs:   main
           ENTRY                   ADDRESS         REF BY
           =====                   =======         ======
           test_serf_qt_compression()::?relay
                                   000008D4 
    -------------------------------------------------------------------------
XDATA_I
  Relative segment, address: XDATA 00001153 - 00001163 (0x11 bytes), align: 0
  Segment part 6.             Intra module refs:   load_test_data(char const *)
    -------------------------------------------------------------------------
XDATA_I
  Relative segment, address: XDATA 00001164 - 00001188 (0x25 bytes), align: 0
  Segment part 8.             Intra module refs:   load_test_data(char const *)
    -------------------------------------------------------------------------
XDATA_I
  Relative segment, address: XDATA 00001189 - 000011A6 (0x1e bytes), align: 0
  Segment part 10.            Intra module refs:   load_test_data(char const *)
    -------------------------------------------------------------------------
XDATA_I
  Relative segment, address: XDATA 000011A7 - 000011DD (0x37 bytes), align: 0
  Segment part 12.            Intra module refs:   test_serf_qt_compression()
    -------------------------------------------------------------------------
XDATA_I
  Relative segment, address: XDATA 000011DE - 000011ED (0x10 bytes), align: 0
  Segment part 14.            Intra module refs:   test_serf_qt_compression()
    -------------------------------------------------------------------------
XDATA_I
  Relative segment, address: XDATA 000011EE - 0000120D (0x20 bytes), align: 0
  Segment part 16.            Intra module refs:   test_serf_qt_compression()
    -------------------------------------------------------------------------
XDATA_I
  Relative segment, address: XDATA 0000120E - 00001244 (0x37 bytes), align: 0
  Segment part 18.            Intra module refs:   test_serf_qt_compression()
    -------------------------------------------------------------------------
XDATA_I
  Relative segment, address: XDATA 00001245 - 00001274 (0x30 bytes), align: 0
  Segment part 20.            Intra module refs:   test_serf_qt_compression()
    -------------------------------------------------------------------------
XDATA_I
  Relative segment, address: XDATA 00001275 - 00001290 (0x1c bytes), align: 0
  Segment part 22.            Intra module refs:   test_serf_qt_compression()
    -------------------------------------------------------------------------
XDATA_I
  Relative segment, address: XDATA 00001291 - 000012A5 (0x15 bytes), align: 0
  Segment part 24.            Intra module refs:   test_serf_qt_compression()
    -------------------------------------------------------------------------
XDATA_I
  Relative segment, address: XDATA 000012A6 - 000012BF (0x1a bytes), align: 0
  Segment part 26.            Intra module refs:   test_serf_qt_compression()
    -------------------------------------------------------------------------
XDATA_I
  Relative segment, address: XDATA 000012C0 - 000012D6 (0x17 bytes), align: 0
  Segment part 28.            Intra module refs:   test_serf_qt_compression()
    -------------------------------------------------------------------------
XDATA_I
  Relative segment, address: XDATA 000012D7 - 000012FB (0x25 bytes), align: 0
  Segment part 30.            Intra module refs:   test_serf_qt_compression()
    -------------------------------------------------------------------------
XDATA_I
  Relative segment, address: XDATA 000012FC - 00001325 (0x2a bytes), align: 0
  Segment part 32.            Intra module refs:   test_serf_qt_compression()
    -------------------------------------------------------------------------
XDATA_I
  Relative segment, address: XDATA 00001326 - 00001349 (0x24 bytes), align: 0
  Segment part 34.            Intra module refs:   test_serf_qt_compression()
    -------------------------------------------------------------------------
XDATA_I
  Relative segment, address: XDATA 0000134A - 00001385 (0x3c bytes), align: 0
  Segment part 36.            Intra module refs:   test_serf_qt_compression()
    -------------------------------------------------------------------------
XDATA_I
  Relative segment, address: XDATA 00001386 - 000013AA (0x25 bytes), align: 0
  Segment part 38.            Intra module refs:   test_serf_qt_compression()
    -------------------------------------------------------------------------
XDATA_I
  Relative segment, address: XDATA 000013AB - 000013D4 (0x2a bytes), align: 0
  Segment part 40.            Intra module refs:   test_serf_qt_compression()
    -------------------------------------------------------------------------
XDATA_I
  Relative segment, address: XDATA 000013D5 - 00001410 (0x3c bytes), align: 0
  Segment part 42.            Intra module refs:   test_serf_qt_compression()
    -------------------------------------------------------------------------
XDATA_I
  Relative segment, address: XDATA 00001411 - 0000142A (0x1a bytes), align: 0
  Segment part 44.            Intra module refs:   test_serf_qt_compression()
    -------------------------------------------------------------------------
XDATA_I
  Relative segment, address: XDATA 0000142B - 00001446 (0x1c bytes), align: 0
  Segment part 46.            Intra module refs:   test_serf_qt_compression()
    -------------------------------------------------------------------------
XDATA_I
  Relative segment, address: XDATA 00001447 - 00001461 (0x1b bytes), align: 0
  Segment part 48.            Intra module refs:   test_serf_qt_compression()
    -------------------------------------------------------------------------
XDATA_I
  Relative segment, address: XDATA 00001462 - 0000147B (0x1a bytes), align: 0
  Segment part 50.            Intra module refs:   test_serf_qt_compression()
    -------------------------------------------------------------------------
XDATA_I
  Relative segment, address: XDATA 0000147C - 00001495 (0x1a bytes), align: 0
  Segment part 52.            Intra module refs:   test_serf_qt_compression()
    -------------------------------------------------------------------------
XDATA_I
  Relative segment, address: XDATA 00001496 - 000014B7 (0x22 bytes), align: 0
  Segment part 54.            Intra module refs:   test_serf_qt_compression()
    -------------------------------------------------------------------------
XDATA_I
  Relative segment, address: XDATA 000014B8 - 000014E1 (0x2a bytes), align: 0
  Segment part 56.            Intra module refs:   test_serf_qt_compression()
    -------------------------------------------------------------------------
XDATA_I
  Relative segment, address: XDATA 000014E2 - 0000150B (0x2a bytes), align: 0
  Segment part 58.            Intra module refs:   test_serf_qt_compression()
    -------------------------------------------------------------------------
XDATA_I
  Relative segment, address: XDATA 0000150C - 00001530 (0x25 bytes), align: 0
  Segment part 60.            Intra module refs:   test_serf_qt_compression()
    -------------------------------------------------------------------------
XDATA_I
  Relative segment, address: XDATA 00001531 - 00001560 (0x30 bytes), align: 0
  Segment part 62.            Intra module refs:   test_serf_qt_compression()
    -------------------------------------------------------------------------
XDATA_I
  Relative segment, address: XDATA 00001561 - 0000159B (0x3b bytes), align: 0
  Segment part 64.            Intra module refs:   test_serf_qt_compression()
    -------------------------------------------------------------------------
XDATA_I
  Relative segment, address: XDATA 0000159C - 000015E8 (0x4d bytes), align: 0
  Segment part 66.            Intra module refs:   test_serf_qt_compression()
    -------------------------------------------------------------------------
XDATA_I
  Relative segment, address: XDATA 000015E9 - 00001600 (0x18 bytes), align: 0
  Segment part 68.            Intra module refs:   test_serf_qt_compression()
    -------------------------------------------------------------------------
XDATA_I
  Relative segment, address: XDATA 00001601 - 00001616 (0x16 bytes), align: 0
  Segment part 70.            Intra module refs:   test_serf_qt_compression()
    -------------------------------------------------------------------------
XDATA_I
  Relative segment, address: XDATA 00001617 - 00001639 (0x23 bytes), align: 0
  Segment part 72.            Intra module refs:   test_serf_qt_compression()
    -------------------------------------------------------------------------
XDATA_I
  Relative segment, address: XDATA 0000163A - 0000165C (0x23 bytes), align: 0
  Segment part 74.            Intra module refs:   test_serf_qt_compression()
    -------------------------------------------------------------------------
XDATA_I
  Relative segment, address: XDATA 0000165D - 00001691 (0x35 bytes), align: 0
  Segment part 76.            Intra module refs:   test_serf_qt_compression()
    -------------------------------------------------------------------------
XDATA_I
  Relative segment, address: XDATA 00001692 - 000016C1 (0x30 bytes), align: 0
  Segment part 78.            Intra module refs:   main
    -------------------------------------------------------------------------
XDATA_I
  Relative segment, address: XDATA 000016C2 - 000016D4 (0x13 bytes), align: 0
  Segment part 80.            Intra module refs:   main
    -------------------------------------------------------------------------
XDATA_I
  Relative segment, address: XDATA 000016D5 - 000016EB (0x17 bytes), align: 0
  Segment part 82.            Intra module refs:   main
    -------------------------------------------------------------------------
XDATA_I
  Relative segment, address: XDATA 000016EC - 00001701 (0x16 bytes), align: 0
  Segment part 84.            Intra module refs:   main
    -------------------------------------------------------------------------
XDATA_I
  Relative segment, address: XDATA 00001702 - 0000172E (0x2d bytes), align: 0
  Segment part 86.            Intra module refs:   test_serf_qt_compression()
    -------------------------------------------------------------------------
XDATA_I
  Relative segment, address: XDATA 0000172F - 00001732 (0x4 bytes), align: 0
  Segment part 102.           Intra module refs:   test_serf_qt_compression()
           ENTRY                   ADDRESS         REF BY
           =====                   =======         ======
           __Constant_42c80000     0000172F 
    -------------------------------------------------------------------------
XDATA_I
  Relative segment, address: XDATA 00001733 - 00001736 (0x4 bytes), align: 0
  Segment part 104.           Intra module refs:   test_serf_qt_compression()
           ENTRY                   ADDRESS         REF BY
           =====                   =======         ======
           __Constant_38d1b718     00001733 

    *************************************************************************

  FILE NAME : E:\实验室Start\TrajectoryCompression\Serf_Embedded\Debug\Obj\input_bit_stream.r51
  PROGRAM MODULE, NAME : input_bit_stream

  SEGMENTS IN THE MODULE
  ======================
XDATA_Z
  Relative segment, address: XDATA 00000EEC - 000010EB (0x200 bytes), align: 0
  Segment part 10.            Intra module refs:   Array<uint32_t>::operator=(Array<uint32_t> const &)
                                                   InputBitStream::Clear()
                                                   InputBitStream::SetBuffer(Array<uint8_t> const &)
                                                   OutputBitStream::OutputBitStream(uint32_t) (output_bit_stream)
                                                   SerfQtCompressor::~SerfQtCompressor() (serf_qt_compressor)
                                                   SerfQtDecompressor::~SerfQtDecompressor() (serf_qt_decompressor)
           ENTRY                   ADDRESS         REF BY
           =====                   =======         ======
           ArrayBufferPool<uint32_t>::buffer_pool
                                   00000EEC 
    -------------------------------------------------------------------------
XDATA_Z
  Relative segment, address: XDATA 000010EC - 000010EC (0x1 bytes), align: 0
  Segment part 11.            Intra module refs:   Array<uint32_t>::operator=(Array<uint32_t> const &)
                                                   InputBitStream::Clear()
                                                   InputBitStream::SetBuffer(Array<uint8_t> const &)
                                                   OutputBitStream::OutputBitStream(uint32_t) (output_bit_stream)
                                                   SerfQtCompressor::~SerfQtCompressor() (serf_qt_compressor)
                                                   SerfQtDecompressor::~SerfQtDecompressor() (serf_qt_decompressor)
           ENTRY                   ADDRESS         REF BY
           =====                   =======         ======
           ArrayBufferPool<uint32_t>::in_use
                                   000010EC 
    -------------------------------------------------------------------------
<BANKED_CODE> 1 (was BANKED_CODE)
  Relative segment, address: CODE 000040DB - 000040DF (0x5 bytes), align: 0
  Segment part 24.            Intra module refs:   InputBitStream::Clear()
           LOCAL                   ADDRESS         
           =====                   =======         
           ?Subroutine0            000040DB 
    -------------------------------------------------------------------------
<BANKED_CODE> 1 (was BANKED_CODE)
  Relative segment, address: CODE 000040E0 - 0000411A (0x3b bytes), align: 0
  Segment part 25.            Intra module refs:   InputBitStream::InputBitStream()::?relay
           ENTRY                   ADDRESS         REF BY
           =====                   =======         ======
           InputBitStream::InputBitStream()
                                   000040E0 
               XSTACK = 0000000A ( 00000000 )
               ISTACK = 00000000 ( 00000002 )
    -------------------------------------------------------------------------
<BANKED_CODE> 1 (was BANKED_CODE)
  Relative segment, address: CODE 0000411B - 00004124 (0xa bytes), align: 0
  Segment part 27.            Intra module refs:   InputBitStream::InputBitStream()
           LOCAL                   ADDRESS         
           =====                   =======         
           ?Subroutine8            0000411B 
    -------------------------------------------------------------------------
<BANKED_CODE> 1 (was BANKED_CODE)
  Relative segment, address: CODE 00004125 - 0000412B (0x7 bytes), align: 0
  Segment part 28.            Intra module refs:   InputBitStream::InputBitStream()
           LOCAL                   ADDRESS         
           =====                   =======         
           ?Subroutine5            00004125 
    -------------------------------------------------------------------------
<BANKED_CODE> 1 (was BANKED_CODE)
  Relative segment, address: CODE 0000412C - 00004130 (0x5 bytes), align: 0
  Segment part 29.            Intra module refs:   ?Subroutine5
                                                   InputBitStream::InputBitStream()
    -------------------------------------------------------------------------
<BANKED_CODE> 1 (was BANKED_CODE)
  Relative segment, address: CODE 00004131 - 000041BB (0x8b bytes), align: 0
  Segment part 30.            Intra module refs:   InputBitStream::Clear()::?relay
           ENTRY                   ADDRESS         REF BY
           =====                   =======         ======
           InputBitStream::Clear()
                                   00004131 
               calls direct
               XSTACK = 00000000 ( 00000010 )
    -------------------------------------------------------------------------
<BANKED_CODE> 1 (was BANKED_CODE)
  Relative segment, address: CODE 000041BC - 000041BD (0x2 bytes), align: 0
  Segment part 32.            Intra module refs:   InputBitStream::Clear()
                                                   InputBitStream::InputBitStream()
           LOCAL                   ADDRESS         
           =====                   =======         
           ?Subroutine7            000041BC 
    -------------------------------------------------------------------------
<BANKED_CODE> 1 (was BANKED_CODE)
  Relative segment, address: CODE 000041BE - 000041BE (0x1 bytes), align: 0
  Segment part 33.            Intra module refs:   ?Subroutine7
                                                   InputBitStream::Clear()
                                                   InputBitStream::Peek(uint32_t)
    -------------------------------------------------------------------------
<BANKED_CODE> 1 (was BANKED_CODE)
  Relative segment, address: CODE 000041BF - 000041C2 (0x4 bytes), align: 0
  Segment part 34.            Intra module refs:   InputBitStream::InputBitStream()
                                                   Segment part 33
    -------------------------------------------------------------------------
<BANKED_CODE> 1 (was BANKED_CODE)
  Relative segment, address: CODE 000041C3 - 000041C7 (0x5 bytes), align: 0
  Segment part 35.            Intra module refs:   Segment part 29
                                                   Segment part 34
                                                   Segment part 37
           LOCAL                   ADDRESS         
           =====                   =======         
           ?Subroutine16           000041C3 
    -------------------------------------------------------------------------
<BANKED_CODE> 1 (was BANKED_CODE)
  Relative segment, address: CODE 000041C8 - 000041CE (0x7 bytes), align: 0
  Segment part 36.            Intra module refs:   InputBitStream::Clear()
           LOCAL                   ADDRESS         
           =====                   =======         
           ?Subroutine6            000041C8 
    -------------------------------------------------------------------------
<BANKED_CODE> 1 (was BANKED_CODE)
  Relative segment, address: CODE 000041CF - 000041D3 (0x5 bytes), align: 0
  Segment part 37.            Intra module refs:   ?Subroutine6
                                                   InputBitStream::Clear()
    -------------------------------------------------------------------------
<BANKED_CODE> 1 (was BANKED_CODE)
  Relative segment, address: CODE 000041D4 - 00004355 (0x182 bytes), align: 0
  Segment part 38.            Intra module refs:   InputBitStream::Peek(uint32_t)::?relay
           ENTRY                   ADDRESS         REF BY
           =====                   =======         ======
           InputBitStream::Peek(uint32_t)
                                   000041D4 
               XSTACK = 00000014 ( 00000020 )
               ISTACK = 00000000 ( 00000004 )
[...]
                                                   Segment part 151
    -------------------------------------------------------------------------
<BANKED_CODE> 1 (was BANKED_CODE)
  Relative segment, address: CODE 000031FF - 00003207 (0x9 bytes), align: 0
  Segment part 149.           Intra module refs:   Segment part 140
                                                   Segment part 148
                                                   Segment part 93
    -------------------------------------------------------------------------
<BANKED_CODE> 1 (was BANKED_CODE)
  Relative segment, address: CODE 00003208 - 00003208 (0x1 bytes), align: 0
  Segment part 150.           Intra module refs:   _GenldLargeNoMb
    -------------------------------------------------------------------------
<BANKED_CODE> 1 (was BANKED_CODE)
  Relative segment, address: CODE 00003209 - 0000320B (0x3 bytes), align: 0
  Segment part 151.           Intra module refs:   Segment part 150
                                                   _GenldLargeNoMb
    -------------------------------------------------------------------------
<BANKED_CODE> 1 (was BANKED_CODE)
  Relative segment, address: CODE 0000320C - 0000321B (0x10 bytes), align: 0
  Segment part 152.           Intra module refs:   Segment part 151
                                                   _GenldLargeNoMb
    -------------------------------------------------------------------------
<BANKED_CODE> 1 (was BANKED_CODE)
  Relative segment, address: CODE 0000321C - 0000326E (0x53 bytes), align: 0
  Segment part 153.           Intra module refs:   _PutcharLargeNoMb::?relay
           LOCAL                   ADDRESS         
           =====                   =======         
           _PutcharLargeNoMb       0000321C 
               XSTACK = 0000006C ( 0000000E )
    -------------------------------------------------------------------------
<BANKED_CODE> 1 (was BANKED_CODE)
  Relative segment, address: CODE 0000326F - 000032C0 (0x52 bytes), align: 0
  Segment part 155.           Intra module refs:   _PutcharsLargeNoMb::?relay
           LOCAL                   ADDRESS         
           =====                   =======         
           _PutcharsLargeNoMb      0000326F 
               calls direct
               XSTACK = 00000070 ( 00000010 )
    -------------------------------------------------------------------------
<BANKED_CODE> 1 (was BANKED_CODE)
  Relative segment, address: CODE 000032C1 - 000032CB (0xb bytes), align: 0
  Segment part 157.           Intra module refs:   Segment part 119
                                                   _PutcharsLargeNoMb
    -------------------------------------------------------------------------
XDATA_ID
  Relative segment, address: CODE 00000871 - 00000877 (0x7 bytes), align: 0
  Segment part 7.             Intra module refs:   Segment part 6
    -------------------------------------------------------------------------
XDATA_ID
  Relative segment, address: CODE 00000878 - 0000087B (0x4 bytes), align: 0
  Segment part 9.             Intra module refs:   Segment part 8
    -------------------------------------------------------------------------
XDATA_ID
  Relative segment, address: CODE 0000087C - 0000087F (0x4 bytes), align: 0
  Segment part 11.            Intra module refs:   Segment part 10
    -------------------------------------------------------------------------
XDATA_ID
  Relative segment, address: CODE 00000880 - 00000883 (0x4 bytes), align: 0
  Segment part 13.            Intra module refs:   Segment part 12
    -------------------------------------------------------------------------
XDATA_ID
  Relative segment, address: CODE 00000884 - 00000887 (0x4 bytes), align: 0
  Segment part 15.            Intra module refs:   Segment part 14
    -------------------------------------------------------------------------
XDATA_ID
  Relative segment, address: CODE 00000888 - 00000889 (0x2 bytes), align: 0
  Segment part 17.            Intra module refs:   Segment part 16
    -------------------------------------------------------------------------
XDATA_ID
  Relative segment, address: CODE 0000088A - 0000088D (0x4 bytes), align: 0
  Segment part 19.            Intra module refs:   __Constant_ffff
    -------------------------------------------------------------------------
XDATA_ID
  Relative segment, address: CODE 0000088E - 00000891 (0x4 bytes), align: 0
  Segment part 23.            Intra module refs:   __Constant_7597
    -------------------------------------------------------------------------
XDATA_ID
  Relative segment, address: CODE 00000892 - 00000895 (0x4 bytes), align: 0
  Segment part 25.            Intra module refs:   __Constant_186a0
    -------------------------------------------------------------------------
XDATA_ID
  Relative segment, address: CODE 00000896 - 00000899 (0x4 bytes), align: 0
  Segment part 29.            Intra module refs:   __Constant_a
    -------------------------------------------------------------------------
XDATA_ID
  Relative segment, address: CODE 0000089A - 0000089D (0x4 bytes), align: 0
  Segment part 31.            Intra module refs:   __Constant_4cbebc20
    -------------------------------------------------------------------------
BANK_RELAYS
  Relative segment, address: CODE 00000A24 - 00000A29 (0x6 bytes), align: 0
  Segment part 33.
           ENTRY                   ADDRESS         REF BY
           =====                   =======         ======
           _PrintfLargeNoMb::?relay
                                   00000A24        printf (?printf)
    -------------------------------------------------------------------------
BANK_RELAYS
  Relative segment, address: CODE 00000A2A - 00000A2F (0x6 bytes), align: 0
  Segment part 63.            Intra module refs:   _PrintfLargeNoMb
           LOCAL                   ADDRESS         
           =====                   =======         
           pad::?relay             00000A2A 
    -------------------------------------------------------------------------
BANK_RELAYS
  Relative segment, address: CODE 00000A30 - 00000A35 (0x6 bytes), align: 0
  Segment part 65.            Intra module refs:   _PrintfLargeNoMb
           LOCAL                   ADDRESS         
           =====                   =======         
           _LitobLargeNoMb::?relay
                                   00000A30 
    -------------------------------------------------------------------------
BANK_RELAYS
  Relative segment, address: CODE 00000A36 - 00000A3B (0x6 bytes), align: 0
  Segment part 79.            Intra module refs:   _LdtobLargeNoMb
           LOCAL                   ADDRESS         
           =====                   =======         
           scale::?relay           00000A36 
    -------------------------------------------------------------------------
BANK_RELAYS
  Relative segment, address: CODE 00000A3C - 00000A41 (0x6 bytes), align: 0
  Segment part 82.            Intra module refs:   _PrintfLargeNoMb
           LOCAL                   ADDRESS         
           =====                   =======         
           _LdtobLargeNoMb::?relay
                                   00000A3C 
    -------------------------------------------------------------------------
BANK_RELAYS
  Relative segment, address: CODE 00000A42 - 00000A47 (0x6 bytes), align: 0
  Segment part 115.           Intra module refs:   _LdtobLargeNoMb
           LOCAL                   ADDRESS         
           =====                   =======         
           _GenldLargeNoMb::?relay
                                   00000A42 
    -------------------------------------------------------------------------
BANK_RELAYS
  Relative segment, address: CODE 00000A48 - 00000A4D (0x6 bytes), align: 0
  Segment part 154.           Intra module refs:   _PrintfLargeNoMb
                                                   _PutcharsLargeNoMb
           LOCAL                   ADDRESS         
           =====                   =======         
           _PutcharLargeNoMb::?relay
                                   00000A48 
    -------------------------------------------------------------------------
BANK_RELAYS
  Relative segment, address: CODE 00000A4E - 00000A53 (0x6 bytes), align: 0
  Segment part 156.           Intra module refs:   _PrintfLargeNoMb
                                                   pad
           LOCAL                   ADDRESS         
           =====                   =======         
           _PutcharsLargeNoMb::?relay
                                   00000A4E 
    -------------------------------------------------------------------------
XDATA_I
  Relative segment, address: XDATA 000018DE - 000018E4 (0x7 bytes), align: 0
  Segment part 6.             Intra module refs:   _PrintfLargeNoMb
    -------------------------------------------------------------------------
XDATA_I
  Relative segment, address: XDATA 000018E5 - 000018E8 (0x4 bytes), align: 0
  Segment part 8.             Intra module refs:   _LdtobLargeNoMb
    -------------------------------------------------------------------------
XDATA_I
  Relative segment, address: XDATA 000018E9 - 000018EC (0x4 bytes), align: 0
  Segment part 10.            Intra module refs:   _LdtobLargeNoMb
    -------------------------------------------------------------------------
XDATA_I
  Relative segment, address: XDATA 000018ED - 000018F0 (0x4 bytes), align: 0
  Segment part 12.            Intra module refs:   _LdtobLargeNoMb
    -------------------------------------------------------------------------
XDATA_I
  Relative segment, address: XDATA 000018F1 - 000018F4 (0x4 bytes), align: 0
  Segment part 14.            Intra module refs:   _LdtobLargeNoMb
    -------------------------------------------------------------------------
XDATA_I
  Relative segment, address: XDATA 000018F5 - 000018F6 (0x2 bytes), align: 0
  Segment part 16.            Intra module refs:   _GenldLargeNoMb
    -------------------------------------------------------------------------
XDATA_I
  Relative segment, address: XDATA 000018F7 - 000018FA (0x4 bytes), align: 0
  Segment part 18.            Intra module refs:   _PrintfLargeNoMb
           ENTRY                   ADDRESS         REF BY
           =====                   =======         ======
           __Constant_ffff         000018F7 
    -------------------------------------------------------------------------
XDATA_I
  Relative segment, address: XDATA 000018FB - 000018FE (0x4 bytes), align: 0
  Segment part 22.            Intra module refs:   _LdtobLargeNoMb
           ENTRY                   ADDRESS         REF BY
           =====                   =======         ======
           __Constant_7597         000018FB 
    -------------------------------------------------------------------------
XDATA_I
  Relative segment, address: XDATA 000018FF - 00001902 (0x4 bytes), align: 0
  Segment part 24.            Intra module refs:   _LdtobLargeNoMb
           ENTRY                   ADDRESS         REF BY
           =====                   =======         ======
           __Constant_186a0        000018FF 
    -------------------------------------------------------------------------
XDATA_I
  Relative segment, address: XDATA 00001903 - 00001906 (0x4 bytes), align: 0
  Segment part 28.            Intra module refs:   _LdtobLargeNoMb
           ENTRY                   ADDRESS         REF BY
           =====                   =======         ======
           __Constant_a            00001903 
    -------------------------------------------------------------------------
XDATA_I
  Relative segment, address: XDATA 00001907 - 0000190A (0x4 bytes), align: 0
  Segment part 30.            Intra module refs:   _LdtobLargeNoMb
           ENTRY                   ADDRESS         REF BY
           =====                   =======         ======
           __Constant_4cbebc20     00001907 

    -------------------------------------------------------------------------
  LIBRARY MODULE, NAME : ?xprout

  SEGMENTS IN THE MODULE
  ======================
<BANKED_CODE> 1 (was BANKED_CODE)
  Relative segment, address: CODE 000067CA - 000067F4 (0x2b bytes), align: 0
  Segment part 6.             Intra module refs:   _Prout::?relay
           ENTRY                   ADDRESS         REF BY
           =====                   =======         ======
           _Prout                  000067CA 
               calls direct
               XSTACK = 00000000 ( 0000000E )
    -------------------------------------------------------------------------
BANK_RELAYS
  Relative segment, address: CODE 00000A54 - 00000A59 (0x6 bytes), align: 0
  Segment part 7.
           ENTRY                   ADDRESS         REF BY
           =====                   =======         ======
           _Prout::?relay          00000A54        printf (?printf)

    -------------------------------------------------------------------------
  LIBRARY MODULE, NAME : ?xxmemxfree

  SEGMENTS IN THE MODULE
  ======================
<BANKED_CODE> 1 (was BANKED_CODE)
  Relative segment, address: CODE 00006105 - 0000623C (0x138 bytes), align: 0
  Segment part 6.             Intra module refs:   __xdata_free::?relay
           ENTRY                   ADDRESS         REF BY
           =====                   =======         ======
           __xdata_free            00006105 
               XSTACK = 0000000A ( 0000000E )
    -------------------------------------------------------------------------
<BANKED_CODE> 1 (was BANKED_CODE)
  Relative segment, address: CODE 0000623D - 00006244 (0x8 bytes), align: 0
  Segment part 8.             Intra module refs:   __xdata_free
    -------------------------------------------------------------------------
BANK_RELAYS
  Relative segment, address: CODE 00000A5A - 00000A5F (0x6 bytes), align: 0
  Segment part 7.
           ENTRY                   ADDRESS         REF BY
           =====                   =======         ======
           __xdata_free::?relay    00000A5A        __xdata_malloc (?xxmemxmalloc)
                                                   operator delete(void *) (?delop_0)

    -------------------------------------------------------------------------
  LIBRARY MODULE, NAME : ?xxmemxmalloc

  SEGMENTS IN THE MODULE
  ======================
XDATA_Z
  Relative segment, address: XDATA 000010F3 - 000010F6 (0x4 bytes), align: 0
  Segment part 6.             Intra module refs:   __xdata_malloc
           ENTRY                   ADDRESS         REF BY
           =====                   =======         ======
           __xdata_Aldata          000010F3        __xdata_free (?xxmemxfree)
    -------------------------------------------------------------------------
<BANKED_CODE> 1 (was BANKED_CODE)
  Relative segment, address: CODE 00005DF6 - 00005F68 (0x173 bytes), align: 0
  Segment part 8.             Intra module refs:   __xdata_malloc::?relay
           ENTRY                   ADDRESS         REF BY
           =====                   =======         ======
           __xdata_malloc          00005DF6 
               calls direct
               XSTACK = 0000000A ( 0000000F )
    -------------------------------------------------------------------------
<BANKED_CODE> 1 (was BANKED_CODE)
  Relative segment, address: CODE 00005F69 - 00005F71 (0x9 bytes), align: 0
  Segment part 10.            Intra module refs:   __xdata_malloc
    -------------------------------------------------------------------------
<BANKED_CODE> 1 (was BANKED_CODE)
  Relative segment, address: CODE 00005F72 - 00005F75 (0x4 bytes), align: 0
  Segment part 11.            Intra module refs:   __xdata_malloc
    -------------------------------------------------------------------------
<BANKED_CODE> 1 (was BANKED_CODE)
  Relative segment, address: CODE 00005F76 - 00005F7B (0x6 bytes), align: 0
  Segment part 12.            Intra module refs:   Segment part 11
                                                   __xdata_malloc
    -------------------------------------------------------------------------
<BANKED_CODE> 1 (was BANKED_CODE)
  Relative segment, address: CODE 00005F7C - 00005F7F (0x4 bytes), align: 0
  Segment part 13.            Intra module refs:   __xdata_malloc
    -------------------------------------------------------------------------
<BANKED_CODE> 1 (was BANKED_CODE)
  Relative segment, address: CODE 00005F80 - 00005F85 (0x6 bytes), align: 0
  Segment part 14.            Intra module refs:   Segment part 12
                                                   Segment part 13
                                                   __xdata_malloc
    -------------------------------------------------------------------------
<BANKED_CODE> 1 (was BANKED_CODE)
  Relative segment, address: CODE 00005F86 - 00005F8D (0x8 bytes), align: 0
  Segment part 15.            Intra module refs:   __xdata_malloc
    -------------------------------------------------------------------------
BANK_RELAYS
  Relative segment, address: CODE 00000A60 - 00000A65 (0x6 bytes), align: 0
  Segment part 9.
           ENTRY                   ADDRESS         REF BY
           =====                   =======         ======
           __xdata_malloc::?relay
                                   00000A60        operator new(unsigned int) (?newop_0)




                ****************************************
                *                                      *
                *      SEGMENTS IN ADDRESS ORDER       *
                *                                      *
                ****************************************


SEGMENT              SPACE    START ADDRESS   END ADDRESS     SIZE  TYPE  ALIGN
=======              =====    =============   ===========     ====  ====  =====
INTVEC               CODE          00000000 - 00000002           3   com    0
CSTART               CODE          00000003 - 00000089          87   rel    0
BIT_ID               CODE               0000008A                     dse    0
BDATA_ID             CODE               0000008A                     dse    0
DATA_ID              CODE               0000008A                     dse    0
PDATA_ID             CODE               0000008A                     dse    0
IDATA_ID             CODE               0000008A                     dse    0
IXDATA_ID            CODE               0000008A                     dse    0
XDATA_ID             CODE          0000008A - 0000089D         814   rel    0
BANK_RELAYS          CODE          0000089E - 00000A65         1C8   rel    0
RCODE                CODE          00000A66 - 00001854         DEF   rel    0
DIFUNCT              CODE               00001855                     rel    0
<BANKED_CODE> 1      CODE          00001855 - 000068CD        5079   rel    0
REGISTERS            DATA          00000000 - 00000007           8   rel    0
VREG                 DATA          00000008 - 0000000F           8   rel    0
PSP                  DATA               00000010                     dse    0
XSP                  DATA          00000010 - 00000011           2   rel    0
BREG                 BIT        00000020.0  -  00000020.7        8   rel    0
XSTACK               XDATA         00000001 - 000001FF         1FF   rel    0
XDATA_Z              XDATA         00000200 - 000010F6         EF7   rel    0
XDATA_I              XDATA         000010F7 - 0000190A         814   rel    0
XDATA_HEAP           XDATA         0000190B - 00001A09          FF   dse    0
ISTACK               IDATA         000000C0 - 000000FF          40   rel    0

                ****************************************
                *                                      *
                *        END OF CROSS REFERENCE        *
                *                                      *
                ****************************************

 26 830 bytes of CODE  memory
     18 bytes of DATA  memory
  6 665 bytes of XDATA memory
     64 bytes of IDATA memory
      8 bits  of BIT   memory

Errors: none
Warnings: none

