################################################################################
#                                                                              #
#      IAR Universal Linker V6.4.6.89                                          #
#                                                                              #
#           Link time     =  04/Nov/2025  17:52:08                             #
#           Target CPU    =  x51                                               #
#           List file     =  E:\实验室Start\TrajectoryCompression\Serf_Embedde #
#                            d\Debug\List\serf-all.map                         #
#           Output file 1 =  E:\实验室Start\TrajectoryCompression\Serf_Embedde #
#                            d\Debug\Exe\serf-all.a51                          #
#                            Format: intel-extended                            #
#           Output file 2 =  E:\实验室Start\TrajectoryCompression\Serf_Embedde #
#                            d\Debug\Exe\serf-all.d51                          #
#                            Format: ubrof10                                   #
#                            UBROF version 10.0.6                              #
#                            Using library modules for C-SPY (-rt)             #
#           Command line  =  -f                                                #
#                            C:\Users\zqq666\AppData\Local\Temp\EW641B.tmp     #
#                            (E:\实验室Start\TrajectoryCompression\Serf_Embedd #
#                            ed\Debug\Obj\elias_gamma_codec.r51                #
#                            E:\实验室Start\TrajectoryCompression\Serf_Embedde #
#                            d\Debug\Obj\file_reader.r51                       #
#                            E:\实验室Start\TrajectoryCompression\Serf_Embedde #
#                            d\Debug\Obj\iar_serf_test.r51                     #
#                            E:\实验室Start\TrajectoryCompression\Serf_Embedde #
#                            d\Debug\Obj\input_bit_stream.r51                  #
#                            E:\实验室Start\TrajectoryCompression\Serf_Embedde #
#                            d\Debug\Obj\output_bit_stream.r51                 #
#                            E:\实验室Start\TrajectoryCompression\Serf_Embedde #
#                            d\Debug\Obj\serf_qt_compressor.r51                #
#                            E:\实验室Start\TrajectoryCompression\Serf_Embedde #
#                            d\Debug\Obj\serf_qt_decompressor.r51              #
#                            -o                                                #
#                            E:\实验室Start\TrajectoryCompression\Serf_Embedde #
#                            d\Debug\Exe\serf-all.d51                          #
#                            -l                                                #
#                            E:\实验室Start\TrajectoryCompression\Serf_Embedde #
#                            d\Debug\List\serf-all.map                         #
#                            -xms -IE:\实验室Start\IAR\8051\LIB\ -f            #
#                            "E:\实验室Start\IAR\8051\config\devices\Texas Ins #
#                            truments\lnk51ew_cc2530F256_banked.xcl"           #
#                            (-D_IDATA0_START=0x00 -D_IDATA0_END=0xFF          #
#                            -D_PDATA0_START=0x1E00 -D_PDATA0_END=0x1EFF       #
#                            -D_IXDATA0_START=0x0001 -D_IXDATA0_END=0x1EFF     #
#                            -D_XDATA0_START=_IXDATA0_START                    #
#                            -D_XDATA0_END=_IXDATA0_END                        #
#                            -D_NEAR_CODE_START=0x0000                         #
#                            -D_FIRST_BANK_ADDR=0x10000 -D?REGISTER_BANK=0x0   #
#                            -D_REGISTER_BANK_START=0x0 -D_BREG_START=0x00     #
#                            -D?VB=0x20 -Z(BIT)BREG=_BREG_START                #
#                            -Z(BIT)BIT_N=0-7F                                 #
#                            -Z(DATA)REGISTERS+8=_REGISTER_BANK_START          #
#                            -Z(DATA)BDATA_Z,BDATA_N,BDATA_I=20-2F             #
#                            -Z(DATA)VREG=08-7F -Z(DATA)PSP,XSP=08-7F          #
#                            -Z(DATA)DOVERLAY=08-7F                            #
#                            -Z(DATA)DATA_I,DATA_Z,DATA_N=08-7F                #
#                            -U(IDATA)0-7F=(DATA)0-7F                          #
#                            -Z(IDATA)IDATA_I,IDATA_Z,IDATA_N=08-_IDATA0_END   #
#                            -Z(IDATA)ISTACK+_IDATA_STACK_SIZE#08-_IDATA0_END  #
#                            -Z(IDATA)IOVERLAY=08-FF -Z(CODE)INTVEC=0          #
#                            -Z(CODE)CSTART=_NEAR_CODE_START-(_CODEBANK_START- #
#                            1)                                                #
#                            -Z(CODE)BIT_ID,BDATA_ID,DATA_ID,IDATA_ID,IXDATA_I #
#                            D,PDATA_ID,XDATA_ID=_NEAR_CODE_START-(_CODEBANK_S #
#                            TART-1)                                           #
#                            -Z(CODE)BANK_RELAYS,RCODE,DIFUNCT,CODE_C,CODE_N,N #
#                            EAR_CODE=_NEAR_CODE_START-(_CODEBANK_START-1)     #
#                            -P(CODE)BANKED_CODE=_NEAR_CODE_START-(_CODEBANK_S #
#                            TART-1),[(_CODEBANK_START+_FIRST_BANK_ADDR)-(_COD #
#                            EBANK_END+_FIRST_BANK_ADDR)]*_NR_OF_BANKS+10000   #
#                            -Z(CODE)CHECKSUM#(_CODEBANK_START-1)              #
#                            -Z(XDATA)PDATA_Z,PDATA_I=_PDATA0_START-_PDATA0_EN #
#                            D                                                 #
#                            -P(XDATA)PDATA_N=_PDATA0_START-_PDATA0_END        #
#                            -Z(XDATA)PSTACK+_PDATA_STACK_SIZE=_PDATA0_START-_ #
#                            PDATA0_END                                        #
#                            -Z(XDATA)EXT_STACK+_EXTENDED_STACK_SIZE=_EXTENDED #
#                            _STACK_START                                      #
#                            -Z(XDATA)XSTACK+_XDATA_STACK_SIZE=_XDATA0_START-_ #
#                            XDATA0_END                                        #
#                            -Z(XDATA)IXDATA_Z,IXDATA_I=_IXDATA0_START-_IXDATA #
#                            0_END                                             #
#                            -P(XDATA)IXDATA_N=_IXDATA0_START-_IXDATA0_END     #
#                            -Z(XDATA)XDATA_Z,XDATA_I=_XDATA0_START-_XDATA0_EN #
#                            D                                                 #
#                            -P(XDATA)XDATA_N=_XDATA0_START-_XDATA0_END        #
#                            -Z(XDATA)XDATA_HEAP+_XDATA_HEAP_SIZE=_XDATA0_STAR #
#                            T-_XDATA0_END                                     #
#                            -Z(CONST)XDATA_ROM_C=_XDATA0_START-_XDATA0_END    #
#                            -cx51                                             #
#                            -M(CODE)[(_CODEBANK_START+_FIRST_BANK_ADDR)-(_COD #
#                            EBANK_END+_FIRST_BANK_ADDR)]*_NR_OF_BANKS+0x10000 #
#                            =0x8000                                           #
#                            -ww69=i -D_BANK0_START=0x00000                    #
#                            -D_BANK0_END=0x07FFF -D_BANK1_START=0x18000       #
#                            -D_BANK1_END=0x1FFFF -D_BANK2_START=0x28000       #
#                            -D_BANK2_END=0x2FFFF -D_BANK3_START=0x38000       #
#                            -D_BANK3_END=0x3FFFF -D_BANK4_START=0x48000       #
#                            -D_BANK4_END=0x4FFFF -D_BANK5_START=0x58000       #
#                            -D_BANK5_END=0x5FFFF -D_BANK6_START=0x68000       #
#                            -D_BANK6_END=0x6FFFF -D_BANK7_START=0x78000       #
#                            -D_BANK7_END=0x7FFFF                              #
#                            -P(CODE)BANK0=_BANK0_START-_BANK0_END             #
#                            -P(CODE)BANK1=_BANK1_START-_BANK1_END             #
#                            -P(CODE)BANK2=_BANK2_START-_BANK2_END             #
#                            -P(CODE)BANK3=_BANK3_START-_BANK3_END             #
#                            -P(CODE)BANK4=_BANK4_START-_BANK4_END             #
#                            -P(CODE)BANK5=_BANK5_START-_BANK5_END             #
#                            -P(CODE)BANK6=_BANK6_START-_BANK6_END             #
#                            -P(CODE)BANK7=_BANK7_START-_BANK7_END             #
#                            -D_FLASH_LOCK_BITS_START=0x7FFF0                  #
#                            -D_FLASH_LOCK_BITS_END=0x7FFFF                    #
#                            -Z(CODE)FLASH_LOCK_BITS=_FLASH_LOCK_BITS_START-_F #
#                            LASH_LOCK_BITS_END                                #
#                            -U(CODE)0x0000=(CODE)_FLASH_LOCK_BITS_START-_FLAS #
#                            H_LOCK_BITS_END)                                  #
#                            -D_NR_OF_VIRTUAL_REGISTERS=8 -D?PBANK=0x93        #
#                            -D?CBANK=0x9F -D?CBANK_MASK=0xFF                  #
#                            -e?BCALL_FF=?BCALL -e?BRET_FF=?BRET               #
#                            -e?BDISPATCH_FF=?BDISPATCH                        #
#                            -D_CODEBANK_START=0x8000 -D_CODEBANK_END=0xFFFF   #
#                            -D_NR_OF_BANKS=0x07                               #
#                            -IE:\实验室Start\IAR\8051\CONFIG\ -rt             #
#                            -Ointel-extended=E:\实验室Start\TrajectoryCompres #
#                            sion\Serf_Embedded\Debug\Exe\serf-all.a51         #
#                            -s __program_start                                #
#                            E:\实验室Start\IAR\8051\LIB\DLIB\dl-pli-blxd-1e16 #
#                            x01n.r51                                          #
#                            -D_IDATA_STACK_SIZE=0x40 -D?ESP=0 -D?ESP_MASK=0   #
#                            -D_EXTENDED_STACK_START=0                         #
#                            -D_EXTENDED_STACK_SIZE=0                          #
#                            -D_PDATA_STACK_SIZE=0x80                          #
#                            -D_XDATA_STACK_SIZE=0x1FF                         #
#                            -D_XDATA_HEAP_SIZE=0xFF -D_FAR_HEAP_SIZE=0xFFF    #
#                            -D_HUGE_HEAP_SIZE=0xFFF                           #
#                            -D_FAR22_HEAP_SIZE=0xFFF)                         #
#                                                                              #
#                           Copyright (C) 1987-2016 IAR Systems AB.            #
################################################################################





                ****************************************
                *                                      *
                *           CROSS REFERENCE            *
                *                                      *
                ****************************************

       Program entry at : CODE      0000005A  Relocatable, from module : CSTARTUP




                ****************************************
                *                                      *
                *            RUNTIME MODEL             *
                *                                      *
                ****************************************

  __Heap_Handler             = Basic
  __SystemLibrary            = DLib
  __calling_convention       = xdata_reentrant
  __code_model               = banked
  __core                     = plain
  __data_model               = large
  __dlib_file_descriptor     = 0
  __dlib_full_locale_support = 0
  __dptr_size                = 16
  __extended_stack           = disabled
  __location_for_constants   = data
  __number_of_dptrs          = 1
  __register_banks           = *
  __rt_version               = 1

                ****************************************
                *                                      *
                *    AUTOMATIC SYMBOL REDIRECTIONS     *
                *                                      *
                ****************************************

       All references to: _Printf
         were redirected to: _PrintfLargeNoMb
       All references to: _Printf::?relay
         were redirected to: _PrintfLargeNoMb::?relay



                ****************************************
                *                                      *
                *              MODULE MAP              *
                *                                      *
                ****************************************


  DEFINED ABSOLUTE ENTRIES
    *************************************************************************

  DEFINED ABSOLUTE ENTRIES
  PROGRAM MODULE, NAME : ?ABS_ENTRY_MOD

Absolute parts
           ENTRY                   ADDRESS         REF BY
           =====                   =======         ======
           _FAR22_HEAP_SIZE        00000FFF 
           _HUGE_HEAP_SIZE         00000FFF 
           _FAR_HEAP_SIZE          00000FFF 
           _XDATA_HEAP_SIZE        000000FF 
           _XDATA_STACK_SIZE       000001FF 
           _PDATA_STACK_SIZE       00000080 
           _EXTENDED_STACK_SIZE    00000000 
           _EXTENDED_STACK_START   00000000 
           ?ESP_MASK               00000000 
           ?ESP                    00000000 
           _IDATA_STACK_SIZE       00000040 
           _NR_OF_BANKS            00000007 
           _CODEBANK_END           0000FFFF 
           _CODEBANK_START         00008000 
           ?CBANK_MASK             000000FF 
           ?CBANK                  0000009F        ?RESET_CODE_BANK (CSTARTUP)
                                                   Segment part 0 (?BANKED_CODE_SUPPORT)
           ?PBANK                  00000093 
           _NR_OF_VIRTUAL_REGISTERS
                                   00000008 
           _FLASH_LOCK_BITS_END    0003FFFF 
           _FLASH_LOCK_BITS_START
                                   0003FFF0 
           _BANK7_END              0003FFFF 
           _BANK7_START            00038000 
           _BANK6_END              00037FFF 
           _BANK6_START            00030000 
           _BANK5_END              0002FFFF 
           _BANK5_START            00028000 
           _BANK4_END              00027FFF 
           _BANK4_START            00020000 
           _BANK3_END              0001FFFF 
           _BANK3_START            00018000 
           _BANK2_END              00017FFF 
           _BANK2_START            00010000 
           _BANK1_END              0000FFFF 
           _BANK1_START            00008000 
           _BANK0_END              00007FFF 
           _BANK0_START            00000000 
           ?VB                     00000020        ?BANKED_ENTER_XDATA (?BANKED_ENTER_XDATA)
                                                   ?BANKED_LEAVE_XDATA (?BANKED_LEAVE_XDATA)
           _BREG_START             00000000 
           _REGISTER_BANK_START    00000000 
           ?REGISTER_BANK          00000000        Segment part 6 (CSTARTUP)
           _FIRST_BANK_ADDR        00010000 
           _NEAR_CODE_START        00000000 
           _XDATA0_END             00001EFF 
           _XDATA0_START           00000001 
           _IXDATA0_END            00001EFF 
           _IXDATA0_START          00000001 
           _PDATA0_END             00001EFF 
           _PDATA0_START           00001E00 
           _IDATA0_END             000000FF 
           _IDATA0_START           00000000 
    *************************************************************************

  FILE NAME : E:\实验室Start\TrajectoryCompression\Serf_Embedded\Debug\Obj\elias_gamma_codec.r51
  PROGRAM MODULE, NAME : elias_gamma_codec

  SEGMENTS IN THE MODULE
  ======================
XDATA_I
  Relative segment, address: XDATA 00000B67 - 00000B94 (0x2e bytes), align: 0
  Segment part 6.             Intra module refs:   EliasGammaCodec::Encode(long, OutputBitStream *)
    -------------------------------------------------------------------------
XDATA_I
  Relative segment, address: XDATA 00000B95 - 00000BA6 (0x12 bytes), align: 0
  Segment part 8.             Intra module refs:   EliasGammaCodec::Encode(long, OutputBitStream *)
    -------------------------------------------------------------------------
XDATA_I
  Relative segment, address: XDATA 00000BA7 - 00000BC9 (0x23 bytes), align: 0
  Segment part 10.            Intra module refs:   EliasGammaCodec::Encode(long, OutputBitStream *)
    -------------------------------------------------------------------------
XDATA_I
  Relative segment, address: XDATA 00000BCA - 00000C10 (0x47 bytes), align: 0
  Segment part 12.            Intra module refs:   EliasGammaCodec::Encode(long, OutputBitStream *)
    -------------------------------------------------------------------------
XDATA_I
  Relative segment, address: XDATA 00000C11 - 00000C3F (0x2f bytes), align: 0
  Segment part 14.            Intra module refs:   EliasGammaCodec::Decode(InputBitStream *)
    -------------------------------------------------------------------------
XDATA_I
  Relative segment, address: XDATA 00000C40 - 00000C86 (0x47 bytes), align: 0
  Segment part 16.            Intra module refs:   EliasGammaCodec::Decode(InputBitStream *)
    -------------------------------------------------------------------------
XDATA_I
  Relative segment, address: XDATA 00000C87 - 00000CB2 (0x2c bytes), align: 0
  Segment part 18.            Intra module refs:   EliasGammaCodec::Decode(InputBitStream *)
    -------------------------------------------------------------------------
XDATA_I
  Relative segment, address: XDATA 00000CB3 - 00000CD5 (0x23 bytes), align: 0
  Segment part 20.            Intra module refs:   EliasGammaCodec::Decode(InputBitStream *)
    -------------------------------------------------------------------------
XDATA_I
  Relative segment, address: XDATA 00000CD6 - 00000D05 (0x30 bytes), align: 0
  Segment part 22.            Intra module refs:   EliasGammaCodec::Decode(InputBitStream *)
    -------------------------------------------------------------------------
XDATA_I
  Relative segment, address: XDATA 00000D06 - 00000D3E (0x39 bytes), align: 0
  Segment part 24.            Intra module refs:   EliasGammaCodec::Decode(InputBitStream *)
    -------------------------------------------------------------------------
XDATA_I
  Relative segment, address: XDATA 00000D3F - 00000D82 (0x44 bytes), align: 0
  Segment part 26.            Intra module refs:   EliasGammaCodec::Encode(long, OutputBitStream *)
           ENTRY                   ADDRESS         REF BY
           =====                   =======         ======
           EliasGammaCodec::kLog2Table
                                   00000D3F 
    -------------------------------------------------------------------------
XDATA_I
  Relative segment, address: XDATA 00000D83 - 00000D86 (0x4 bytes), align: 0
  Segment part 28.            Intra module refs:   EliasGammaCodec::Encode(long, OutputBitStream *)
                                                   InputBitStream::ReadLong(uint32_t) (input_bit_stream)
           ENTRY                   ADDRESS         REF BY
           =====                   =======         ======
           __Constant_11           00000D83 
    -------------------------------------------------------------------------
XDATA_I
  Relative segment, address: XDATA 00000D87 - 00000D8A (0x4 bytes), align: 0
  Segment part 30.            Intra module refs:   EliasGammaCodec::Encode(long, OutputBitStream *)
                                                   _LdtobLargeNoMb (?xprintflarge_nomb)
                                                   _LitobLargeNoMb (?xprintflarge_nomb)
                                                   _PrintfLargeNoMb (?xprintflarge_nomb)
                                                   fabsf (?fabsf)
                                                   floorf (?floorf)
           ENTRY                   ADDRESS         REF BY
           =====                   =======         ======
           __Constant_0            00000D87 
    -------------------------------------------------------------------------
XDATA_I
  Relative segment, address: XDATA 00000D8B - 00000D8E (0x4 bytes), align: 0
  Segment part 32.            Intra module refs:   EliasGammaCodec::Decode(InputBitStream *)
                                                   InputBitStream::Forward(uint32_t) (input_bit_stream)
                                                   InputBitStream::Peek(uint32_t) (input_bit_stream)
                                                   InputBitStream::ReadBit() (input_bit_stream)
                                                   OutputBitStream::Flush() (output_bit_stream)
                                                   OutputBitStream::Write(uint32_t, uint32_t) (output_bit_stream)
                                                   SerfQtCompressor::AddValue(float) (serf_qt_compressor)
                                                   SerfQtDecompressor::NextValue() (serf_qt_decompressor)
                                                   ceilf (?ceilf)
           ENTRY                   ADDRESS         REF BY
           =====                   =======         ======
           __Constant_1            00000D8B 
    -------------------------------------------------------------------------
<BANKED_CODE> 1 (was BANKED_CODE)
  Relative segment, address: CODE 0000606D - 000061EE (0x182 bytes), align: 0
  Segment part 34.            Intra module refs:   EliasGammaCodec::Encode(long, OutputBitStream *)::?relay
           ENTRY                   ADDRESS         REF BY
           =====                   =======         ======
           EliasGammaCodec::Encode(long, OutputBitStream *)
                                   0000606D 
               calls direct
               XSTACK = 00000002 ( 0000001E )
    -------------------------------------------------------------------------
<BANKED_CODE> 1 (was BANKED_CODE)
  Relative segment, address: CODE 000061EF - 000061F3 (0x5 bytes), align: 0
  Segment part 36.            Intra module refs:   EliasGammaCodec::Decode(InputBitStream *)
                                                   EliasGammaCodec::Encode(long, OutputBitStream *)
           LOCAL                   ADDRESS         
           =====                   =======         
           ?Subroutine0            000061EF 
    -------------------------------------------------------------------------
<BANKED_CODE> 1 (was BANKED_CODE)
  Relative segment, address: CODE 000061F4 - 000062D1 (0xde bytes), align: 0
  Segment part 37.            Intra module refs:   EliasGammaCodec::Decode(InputBitStream *)::?relay
           ENTRY                   ADDRESS         REF BY
           =====                   =======         ======
           EliasGammaCodec::Decode(InputBitStream *)
                                   000061F4 
               calls direct
               XSTACK = 00000000 ( 0000001C )
    -------------------------------------------------------------------------
<BANKED_CODE> 1 (was BANKED_CODE)
  Relative segment, address: CODE 000062D2 - 000062DB (0xa bytes), align: 0
  Segment part 39.            Intra module refs:   EliasGammaCodec::Decode(InputBitStream *)
                                                   EliasGammaCodec::Encode(long, OutputBitStream *)
           LOCAL                   ADDRESS         
           =====                   =======         
           ?Subroutine1            000062D2 
    -------------------------------------------------------------------------
XDATA_ID
  Relative segment, address: CODE 0000008A - 000000B7 (0x2e bytes), align: 0
  Segment part 7.             Intra module refs:   Segment part 6
    -------------------------------------------------------------------------
XDATA_ID
  Relative segment, address: CODE 000000B8 - 000000C9 (0x12 bytes), align: 0
  Segment part 9.             Intra module refs:   Segment part 8
    -------------------------------------------------------------------------
XDATA_ID
  Relative segment, address: CODE 000000CA - 000000EC (0x23 bytes), align: 0
  Segment part 11.            Intra module refs:   Segment part 10
    -------------------------------------------------------------------------
XDATA_ID
  Relative segment, address: CODE 000000ED - 00000133 (0x47 bytes), align: 0
  Segment part 13.            Intra module refs:   Segment part 12
    -------------------------------------------------------------------------
XDATA_ID
  Relative segment, address: CODE 00000134 - 00000162 (0x2f bytes), align: 0
  Segment part 15.            Intra module refs:   Segment part 14
    -------------------------------------------------------------------------
XDATA_ID
  Relative segment, address: CODE 00000163 - 000001A9 (0x47 bytes), align: 0
  Segment part 17.            Intra module refs:   Segment part 16
    -------------------------------------------------------------------------
XDATA_ID
  Relative segment, address: CODE 000001AA - 000001D5 (0x2c bytes), align: 0
  Segment part 19.            Intra module refs:   Segment part 18
    -------------------------------------------------------------------------
XDATA_ID
  Relative segment, address: CODE 000001D6 - 000001F8 (0x23 bytes), align: 0
  Segment part 21.            Intra module refs:   Segment part 20
    -------------------------------------------------------------------------
XDATA_ID
  Relative segment, address: CODE 000001F9 - 00000228 (0x30 bytes), align: 0
  Segment part 23.            Intra module refs:   Segment part 22
    -------------------------------------------------------------------------
XDATA_ID
  Relative segment, address: CODE 00000229 - 00000261 (0x39 bytes), align: 0
  Segment part 25.            Intra module refs:   Segment part 24
    -------------------------------------------------------------------------
XDATA_ID
  Relative segment, address: CODE 00000262 - 000002A5 (0x44 bytes), align: 0
  Segment part 27.            Intra module refs:   EliasGammaCodec::kLog2Table
    -------------------------------------------------------------------------
XDATA_ID
  Relative segment, address: CODE 000002A6 - 000002A9 (0x4 bytes), align: 0
  Segment part 29.            Intra module refs:   __Constant_11
    -------------------------------------------------------------------------
XDATA_ID
  Relative segment, address: CODE 000002AA - 000002AD (0x4 bytes), align: 0
  Segment part 31.            Intra module refs:   __Constant_0
    -------------------------------------------------------------------------
XDATA_ID
  Relative segment, address: CODE 000002AE - 000002B1 (0x4 bytes), align: 0
  Segment part 33.            Intra module refs:   __Constant_1
    -------------------------------------------------------------------------
BANK_RELAYS
  Relative segment, address: CODE 00000B4C - 00000B51 (0x6 bytes), align: 0
  Segment part 35.
           ENTRY                   ADDRESS         REF BY
           =====                   =======         ======
           EliasGammaCodec::Encode(long, OutputBitStream *)::?relay
                                   00000B4C        SerfQtCompressor::AddValue(float) (serf_qt_compressor)
    -------------------------------------------------------------------------
BANK_RELAYS
  Relative segment, address: CODE 00000B52 - 00000B57 (0x6 bytes), align: 0
  Segment part 38.
           ENTRY                   ADDRESS         REF BY
           =====                   =======         ======
           EliasGammaCodec::Decode(InputBitStream *)::?relay
                                   00000B52        SerfQtDecompressor::NextValue() (serf_qt_decompressor)

    *************************************************************************

  FILE NAME : E:\实验室Start\TrajectoryCompression\Serf_Embedded\Debug\Obj\file_reader.r51
  PROGRAM MODULE, NAME : file_reader

  SEGMENTS IN THE MODULE
  ======================
XDATA_Z
  Relative segment, address: XDATA 00000200 - 0000083F (0x640 bytes), align: 0
  Segment part 6.             Intra module refs:   file_reader_init(file_reader_t *, char const *)
                                                   file_reader_read_next(file_reader_t *, trajectory_point_t *)
           LOCAL                   ADDRESS         
           =====                   =======         
           trajectory_data         00000200 
    -------------------------------------------------------------------------
XDATA_Z
  Relative segment, address: XDATA 00000840 - 00000841 (0x2 bytes), align: 0
  Segment part 7.             Intra module refs:   file_reader_init(file_reader_t *, char const *)
           LOCAL                   ADDRESS         
           =====                   =======         
           trajectory_count        00000840 
    -------------------------------------------------------------------------
XDATA_Z
  Relative segment, address: XDATA 00000842 - 00000842 (0x1 bytes), align: 0
  Segment part 8.             Intra module refs:   file_reader_init(file_reader_t *, char const *)
           LOCAL                   ADDRESS         
           =====                   =======         
           data_loaded             00000842 
    -------------------------------------------------------------------------
<BANKED_CODE> 1 (was BANKED_CODE)
  Relative segment, address: CODE 000062DC - 00006417 (0x13c bytes), align: 0
  Segment part 15.            Intra module refs:   file_reader_init(file_reader_t *, char const *)::?relay
           ENTRY                   ADDRESS         REF BY
           =====                   =======         ======
           file_reader_init(file_reader_t *, char const *)
                                   000062DC 
               XSTACK = 00000000 ( 00000018 )
               ISTACK = 00000000 ( 00000001 )
    -------------------------------------------------------------------------
<BANKED_CODE> 1 (was BANKED_CODE)
  Relative segment, address: CODE 00006418 - 00006420 (0x9 bytes), align: 0
  Segment part 17.            Intra module refs:   file_reader_init(file_reader_t *, char const *)
           LOCAL                   ADDRESS         
           =====                   =======         
           ?Subroutine3            00006418 
    -------------------------------------------------------------------------
<BANKED_CODE> 1 (was BANKED_CODE)
  Relative segment, address: CODE 00006421 - 0000642A (0xa bytes), align: 0
  Segment part 18.            Intra module refs:   file_reader_init(file_reader_t *, char const *)
           LOCAL                   ADDRESS         
           =====                   =======         
           ?Subroutine2            00006421 
    -------------------------------------------------------------------------
<BANKED_CODE> 1 (was BANKED_CODE)
  Relative segment, address: CODE 0000642B - 00006436 (0xc bytes), align: 0
  Segment part 19.            Intra module refs:   ?Subroutine1
                                                   ?Subroutine2
                                                   file_reader_init(file_reader_t *, char const *)
           LOCAL                   ADDRESS         
           =====                   =======         
           ?Subroutine4            0000642B 
    -------------------------------------------------------------------------
<BANKED_CODE> 1 (was BANKED_CODE)
  Relative segment, address: CODE 00006437 - 00006443 (0xd bytes), align: 0
  Segment part 20.            Intra module refs:   file_reader_init(file_reader_t *, char const *)
           LOCAL                   ADDRESS         
           =====                   =======         
           ?Subroutine1            00006437 
    -------------------------------------------------------------------------
<BANKED_CODE> 1 (was BANKED_CODE)
  Relative segment, address: CODE 00006444 - 000064B7 (0x74 bytes), align: 0
  Segment part 21.            Intra module refs:   file_reader_read_next(file_reader_t *, trajectory_point_t *)::?relay
           ENTRY                   ADDRESS         REF BY
           =====                   =======         ======
           file_reader_read_next(file_reader_t *, trajectory_point_t *)
                                   00006444 
               XSTACK = 00000000 ( 0000000A )
    -------------------------------------------------------------------------
<BANKED_CODE> 1 (was BANKED_CODE)
  Relative segment, address: CODE 000064B8 - 000064BE (0x7 bytes), align: 0
  Segment part 25.            Intra module refs:   file_reader_close(file_reader_t *)
                                                   file_reader_get_total_points(file_reader_t *)
           LOCAL                   ADDRESS         
           =====                   =======         
           ?Subroutine0            000064B8 
    -------------------------------------------------------------------------
<BANKED_CODE> 1 (was BANKED_CODE)
  Relative segment, address: CODE 000064BF - 000064DD (0x1f bytes), align: 0
  Segment part 26.            Intra module refs:   file_reader_close(file_reader_t *)::?relay
           ENTRY                   ADDRESS         REF BY
           =====                   =======         ======
           file_reader_close(file_reader_t *)
                                   000064BF 
               ISTACK = 00000000 ( 00000003 )
    -------------------------------------------------------------------------
<BANKED_CODE> 1 (was BANKED_CODE)
  Relative segment, address: CODE 000064DE - 000064FA (0x1d bytes), align: 0
  Segment part 28.            Intra module refs:   file_reader_get_total_points(file_reader_t *)::?relay
           ENTRY                   ADDRESS         REF BY
           =====                   =======         ======
           file_reader_get_total_points(file_reader_t *)
                                   000064DE 
               ISTACK = 00000000 ( 00000002 )
    -------------------------------------------------------------------------
XDATA_I
  Relative segment, address: XDATA 00000D8F - 00000D92 (0x4 bytes), align: 0
  Segment part 9.             Intra module refs:   file_reader_init(file_reader_t *, char const *)
                                                   test_serf_qt_compression() (iar_serf_test)
           ENTRY                   ADDRESS         REF BY
           =====                   =======         ======
           __Constant_38d1b717     00000D8F 
    -------------------------------------------------------------------------
XDATA_ID
  Relative segment, address: CODE 000002B2 - 000002B5 (0x4 bytes), align: 0
  Segment part 10.            Intra module refs:   __Constant_38d1b717
    -------------------------------------------------------------------------
XDATA_I
  Relative segment, address: XDATA 00000D93 - 00000D96 (0x4 bytes), align: 0
  Segment part 11.            Intra module refs:   file_reader_init(file_reader_t *, char const *)
           ENTRY                   ADDRESS         REF BY
           =====                   =======         ======
           __Constant_42200e33     00000D93 
    -------------------------------------------------------------------------
XDATA_ID
  Relative segment, address: CODE 000002B6 - 000002B9 (0x4 bytes), align: 0
  Segment part 12.            Intra module refs:   __Constant_42200e33
    -------------------------------------------------------------------------
XDATA_I
  Relative segment, address: XDATA 00000D97 - 00000D9A (0x4 bytes), align: 0
  Segment part 13.            Intra module refs:   file_reader_init(file_reader_t *, char const *)
           ENTRY                   ADDRESS         REF BY
           =====                   =======         ======
           __Constant_42e89cea     00000D97 
    -------------------------------------------------------------------------
XDATA_ID
  Relative segment, address: CODE 000002BA - 000002BD (0x4 bytes), align: 0
  Segment part 14.            Intra module refs:   __Constant_42e89cea
    -------------------------------------------------------------------------
BANK_RELAYS
  Relative segment, address: CODE 00000B58 - 00000B5D (0x6 bytes), align: 0
  Segment part 16.
           ENTRY                   ADDRESS         REF BY
           =====                   =======         ======
           file_reader_init(file_reader_t *, char const *)::?relay
                                   00000B58        load_test_data(char const *) (iar_serf_test)
    -------------------------------------------------------------------------
BANK_RELAYS
  Relative segment, address: CODE 00000B5E - 00000B63 (0x6 bytes), align: 0
  Segment part 22.
           ENTRY                   ADDRESS         REF BY
           =====                   =======         ======
           file_reader_read_next(file_reader_t *, trajectory_point_t *)::?relay
                                   00000B5E        load_test_data(char const *) (iar_serf_test)
    -------------------------------------------------------------------------
BANK_RELAYS
  Relative segment, address: CODE 00000B64 - 00000B69 (0x6 bytes), align: 0
  Segment part 27.
           ENTRY                   ADDRESS         REF BY
           =====                   =======         ======
           file_reader_close(file_reader_t *)::?relay
                                   00000B64        load_test_data(char const *) (iar_serf_test)
    -------------------------------------------------------------------------
BANK_RELAYS
  Relative segment, address: CODE 00000B6A - 00000B6F (0x6 bytes), align: 0
  Segment part 29.
           ENTRY                   ADDRESS         REF BY
           =====                   =======         ======
           file_reader_get_total_points(file_reader_t *)::?relay
                                   00000B6A        load_test_data(char const *) (iar_serf_test)

    *************************************************************************

  FILE NAME : E:\实验室Start\TrajectoryCompression\Serf_Embedded\Debug\Obj\iar_serf_test.r51
  PROGRAM MODULE, NAME : iar_serf_test

  SEGMENTS IN THE MODULE
  ======================
XDATA_Z
  Relative segment, address: XDATA 00000843 - 00000882 (0x40 bytes), align: 0
  Segment part 76.            Intra module refs:   Array<uint8_t>::Array(uint16_t)
                                                   Array<uint8_t>::operator=(Array<uint8_t> const &) (serf_qt_compressor)
                                                   SerfQtCompressor::Close() (serf_qt_compressor)
                                                   SerfQtCompressor::~SerfQtCompressor() (serf_qt_compressor)
                                                   test_serf_qt_compression()
           ENTRY                   ADDRESS         REF BY
           =====                   =======         ======
           ArrayBufferPool<uint8_t>::buffer_pool
                                   00000843 
    -------------------------------------------------------------------------
XDATA_Z
  Relative segment, address: XDATA 00000883 - 00000982 (0x100 bytes), align: 0
  Segment part 77.            Intra module refs:   Array<float>::Array(uint16_t)
                                                   test_serf_qt_compression()
           ENTRY                   ADDRESS         REF BY
           =====                   =======         ======
           ArrayBufferPool<float>::buffer_pool
                                   00000883 
    -------------------------------------------------------------------------
XDATA_Z
  Relative segment, address: XDATA 00000983 - 00000983 (0x1 bytes), align: 0
  Segment part 78.            Intra module refs:   Array<uint8_t>::Array(uint16_t)
                                                   Array<uint8_t>::operator=(Array<uint8_t> const &) (serf_qt_compressor)
                                                   SerfQtCompressor::Close() (serf_qt_compressor)
                                                   SerfQtCompressor::~SerfQtCompressor() (serf_qt_compressor)
                                                   test_serf_qt_compression()
           ENTRY                   ADDRESS         REF BY
           =====                   =======         ======
           ArrayBufferPool<uint8_t>::in_use
                                   00000983 
    -------------------------------------------------------------------------
XDATA_Z
  Relative segment, address: XDATA 00000984 - 00000984 (0x1 bytes), align: 0
  Segment part 79.            Intra module refs:   Array<float>::Array(uint16_t)
                                                   test_serf_qt_compression()
           ENTRY                   ADDRESS         REF BY
           =====                   =======         ======
           ArrayBufferPool<float>::in_use
                                   00000984 
    -------------------------------------------------------------------------
<BANKED_CODE> 1 (was BANKED_CODE)
  Relative segment, address: CODE 0000357A - 000035E8 (0x6f bytes), align: 0
  Segment part 92.            Intra module refs:   Array<uint8_t>::Array(uint16_t)::?relay
           ENTRY                   ADDRESS         REF BY
           =====                   =======         ======
           Array<uint8_t>::Array(uint16_t)
                                   0000357A 
               calls direct
               XSTACK = 000000B1 ( 0000000C )
    -------------------------------------------------------------------------
<BANKED_CODE> 1 (was BANKED_CODE)
  Relative segment, address: CODE 000035E9 - 0000365D (0x75 bytes), align: 0
  Segment part 94.            Intra module refs:   Array<float>::Array(uint16_t)::?relay
           ENTRY                   ADDRESS         REF BY
           =====                   =======         ======
           Array<float>::Array(uint16_t)
                                   000035E9 
               calls direct
               XSTACK = 000000B1 ( 0000000C )
    -------------------------------------------------------------------------
XDATA_Z
  Relative segment, address: XDATA 00000985 - 00000985 (0x1 bytes), align: 0
  Segment part 80.            Intra module refs:   test_serf_qt_compression()
           ENTRY                   ADDRESS         REF BY
           =====                   =======         ======
           Array<uint8_t>::operator[](uint16_t) const::error_value
                                   00000985 
    -------------------------------------------------------------------------
XDATA_Z
  Relative segment, address: XDATA 00000986 - 00000989 (0x4 bytes), align: 0
  Segment part 81.            Intra module refs:   SerfQtDecompressor::DecompressTo(Array<uint8_t> const &, Array<float> &, uint32_t) (serf_qt_decompressor)
                                                   test_serf_qt_compression()
           ENTRY                   ADDRESS         REF BY
           =====                   =======         ======
           Array<float>::operator[](uint16_t) const::error_value
                                   00000986 
    -------------------------------------------------------------------------
XDATA_Z
  Relative segment, address: XDATA 0000098A - 000009D9 (0x50 bytes), align: 0
  Segment part 82.            Intra module refs:   load_test_data(char const *)
                                                   test_serf_qt_compression()
           LOCAL                   ADDRESS         
           =====                   =======         
           test_data               0000098A 
    -------------------------------------------------------------------------
XDATA_Z
  Relative segment, address: XDATA 000009DA - 000009DB (0x2 bytes), align: 0
  Segment part 83.            Intra module refs:   ?Subroutine0
                                                   ?Subroutine3
                                                   ?Subroutine8
                                                   load_test_data(char const *)
                                                   test_serf_qt_compression()
           LOCAL                   ADDRESS         
           =====                   =======         
           test_data_count         000009DA 
    -------------------------------------------------------------------------
XDATA_Z
  Relative segment, address: XDATA 000009DC - 00000A1B (0x40 bytes), align: 0
  Segment part 84.            Intra module refs:   test_serf_qt_compression()
           LOCAL                   ADDRESS         
           =====                   =======         
           g_lat_compressed_data   000009DC 
    -------------------------------------------------------------------------
XDATA_Z
  Relative segment, address: XDATA 00000A1C - 00000A5B (0x40 bytes), align: 0
  Segment part 85.            Intra module refs:   test_serf_qt_compression()
           LOCAL                   ADDRESS         
           =====                   =======         
           g_lon_compressed_data   00000A1C 
    -------------------------------------------------------------------------
<BANKED_CODE> 1 (was BANKED_CODE)
  Relative segment, address: CODE 0000365E - 00003722 (0xc5 bytes), align: 0
  Segment part 96.            Intra module refs:   load_test_data(char const *)::?relay
           ENTRY                   ADDRESS         REF BY
           =====                   =======         ======
           load_test_data(char const *)
                                   0000365E 
               calls direct
               XSTACK = 00000000 ( 00000023 )
    -------------------------------------------------------------------------
<BANKED_CODE> 1 (was BANKED_CODE)
  Relative segment, address: CODE 00003723 - 000041E1 (0xabf bytes), align: 0
  Segment part 98.            Intra module refs:   test_serf_qt_compression()::?relay
           ENTRY                   ADDRESS         REF BY
           =====                   =======         ======
           test_serf_qt_compression()
                                   00003723 
               calls direct
               XSTACK = 00000000 ( 000000CB )
               ISTACK = 00000000 ( 00000001 )
    -------------------------------------------------------------------------
<BANKED_CODE> 1 (was BANKED_CODE)
  Relative segment, address: CODE 000041E2 - 000041EE (0xd bytes), align: 0
  Segment part 100.           Intra module refs:   test_serf_qt_compression()
           LOCAL                   ADDRESS         
           =====                   =======         
           ?Subroutine14           000041E2 
    -------------------------------------------------------------------------
<BANKED_CODE> 1 (was BANKED_CODE)
  Relative segment, address: CODE 000041EF - 000041F7 (0x9 bytes), align: 0
  Segment part 101.           Intra module refs:   test_serf_qt_compression()
           LOCAL                   ADDRESS         
           =====                   =======         
           ?Subroutine13           000041EF 
    -------------------------------------------------------------------------
<BANKED_CODE> 1 (was BANKED_CODE)
  Relative segment, address: CODE 000041F8 - 00004200 (0x9 bytes), align: 0
  Segment part 102.           Intra module refs:   test_serf_qt_compression()
           LOCAL                   ADDRESS         
           =====                   =======         
           ?Subroutine12           000041F8 
    -------------------------------------------------------------------------
<BANKED_CODE> 1 (was BANKED_CODE)
  Relative segment, address: CODE 00004201 - 0000420A (0xa bytes), align: 0
  Segment part 103.           Intra module refs:   test_serf_qt_compression()
           LOCAL                   ADDRESS         
           =====                   =======         
           ?Subroutine11           00004201 
    -------------------------------------------------------------------------
<BANKED_CODE> 1 (was BANKED_CODE)
  Relative segment, address: CODE 0000420B - 0000420E (0x4 bytes), align: 0
  Segment part 104.           Intra module refs:   test_serf_qt_compression()
           LOCAL                   ADDRESS         
           =====                   =======         
           ?Subroutine10           0000420B 
    -------------------------------------------------------------------------
<BANKED_CODE> 1 (was BANKED_CODE)
  Relative segment, address: CODE 0000420F - 00004214 (0x6 bytes), align: 0
  Segment part 105.           Intra module refs:   ?Subroutine10
                                                   ?Subroutine6
                                                   Segment part 114
                                                   Segment part 116
           LOCAL                   ADDRESS         
           =====                   =======         
           ?Subroutine15           0000420F 
    -------------------------------------------------------------------------
<BANKED_CODE> 1 (was BANKED_CODE)
  Relative segment, address: CODE 00004215 - 00004220 (0xc bytes), align: 0
  Segment part 106.           Intra module refs:   test_serf_qt_compression()
           LOCAL                   ADDRESS         
           =====                   =======         
           ?Subroutine9            00004215 
    -------------------------------------------------------------------------
<BANKED_CODE> 1 (was BANKED_CODE)
  Relative segment, address: CODE 00004221 - 00004223 (0x3 bytes), align: 0
  Segment part 107.           Intra module refs:   test_serf_qt_compression()
           LOCAL                   ADDRESS         
           =====                   =======         
           ?Subroutine8            00004221 
    -------------------------------------------------------------------------
<BANKED_CODE> 1 (was BANKED_CODE)
  Relative segment, address: CODE 00004224 - 00004229 (0x6 bytes), align: 0
  Segment part 108.           Intra module refs:   ?Subroutine8
                                                   test_serf_qt_compression()
    -------------------------------------------------------------------------
<BANKED_CODE> 1 (was BANKED_CODE)
  Relative segment, address: CODE 0000422A - 0000422F (0x6 bytes), align: 0
  Segment part 109.           Intra module refs:   test_serf_qt_compression()
           LOCAL                   ADDRESS         
           =====                   =======         
           ?Subroutine7            0000422A 
    -------------------------------------------------------------------------
<BANKED_CODE> 1 (was BANKED_CODE)
  Relative segment, address: CODE 00004230 - 00004238 (0x9 bytes), align: 0
  Segment part 110.           Intra module refs:   test_serf_qt_compression()
           LOCAL                   ADDRESS         
           =====                   =======         
           ?Subroutine6            00004230 
    -------------------------------------------------------------------------
<BANKED_CODE> 1 (was BANKED_CODE)
  Relative segment, address: CODE 00004239 - 00004243 (0xb bytes), align: 0
  Segment part 111.           Intra module refs:   test_serf_qt_compression()
           LOCAL                   ADDRESS         
           =====                   =======         
           ?Subroutine5            00004239 
    -------------------------------------------------------------------------
<BANKED_CODE> 1 (was BANKED_CODE)
  Relative segment, address: CODE 00004244 - 0000424C (0x9 bytes), align: 0
  Segment part 112.           Intra module refs:   test_serf_qt_compression()
           LOCAL                   ADDRESS         
           =====                   =======         
           ?Subroutine4            00004244 
    -------------------------------------------------------------------------
<BANKED_CODE> 1 (was BANKED_CODE)
  Relative segment, address: CODE 0000424D - 0000424F (0x3 bytes), align: 0
  Segment part 113.           Intra module refs:   test_serf_qt_compression()
           LOCAL                   ADDRESS         
           =====                   =======         
           ?Subroutine3            0000424D 
    -------------------------------------------------------------------------
<BANKED_CODE> 1 (was BANKED_CODE)
  Relative segment, address: CODE 00004250 - 00004258 (0x9 bytes), align: 0
  Segment part 114.           Intra module refs:   ?Subroutine3
                                                   test_serf_qt_compression()
    -------------------------------------------------------------------------
<BANKED_CODE> 1 (was BANKED_CODE)
  Relative segment, address: CODE 00004259 - 0000425E (0x6 bytes), align: 0
  Segment part 115.           Intra module refs:   test_serf_qt_compression()
           LOCAL                   ADDRESS         
           =====                   =======         
           ?Subroutine2            00004259 
    -------------------------------------------------------------------------
<BANKED_CODE> 1 (was BANKED_CODE)
  Relative segment, address: CODE 0000425F - 00004264 (0x6 bytes), align: 0
  Segment part 116.           Intra module refs:   ?Subroutine2
                                                   test_serf_qt_compression()
    -------------------------------------------------------------------------
<BANKED_CODE> 1 (was BANKED_CODE)
  Relative segment, address: CODE 00004265 - 0000426A (0x6 bytes), align: 0
  Segment part 117.           Intra module refs:   test_serf_qt_compression()
           LOCAL                   ADDRESS         
           =====                   =======         
           ?Subroutine1            00004265 
    -------------------------------------------------------------------------
<BANKED_CODE> 1 (was BANKED_CODE)
  Relative segment, address: CODE 0000426B - 00004279 (0xf bytes), align: 0
  Segment part 118.           Intra module refs:   test_serf_qt_compression()
           LOCAL                   ADDRESS         
           =====                   =======         
           ?Subroutine0            0000426B 
    -------------------------------------------------------------------------
<BANKED_CODE> 1 (was BANKED_CODE)
  Relative segment, address: CODE 0000427A - 000042A7 (0x2e bytes), align: 0
  Segment part 119.
           ENTRY                   ADDRESS         REF BY
           =====                   =======         ======
           main                    0000427A        ?call_main (?cmain)
               calls direct
    -------------------------------------------------------------------------
XDATA_ID
  Relative segment, address: CODE 000002BE - 000002CE (0x11 bytes), align: 0
  Segment part 7.             Intra module refs:   Segment part 6
    -------------------------------------------------------------------------
XDATA_ID
  Relative segment, address: CODE 000002CF - 000002F3 (0x25 bytes), align: 0
  Segment part 9.             Intra module refs:   Segment part 8
    -------------------------------------------------------------------------
XDATA_ID
  Relative segment, address: CODE 000002F4 - 00000311 (0x1e bytes), align: 0
  Segment part 11.            Intra module refs:   Segment part 10
    -------------------------------------------------------------------------
XDATA_ID
  Relative segment, address: CODE 00000312 - 00000331 (0x20 bytes), align: 0
  Segment part 13.            Intra module refs:   Segment part 12
    -------------------------------------------------------------------------
XDATA_ID
  Relative segment, address: CODE 00000332 - 00000341 (0x10 bytes), align: 0
  Segment part 15.            Intra module refs:   Segment part 14
    -------------------------------------------------------------------------
XDATA_ID
  Relative segment, address: CODE 00000342 - 00000378 (0x37 bytes), align: 0
  Segment part 17.            Intra module refs:   Segment part 16
    -------------------------------------------------------------------------
XDATA_ID
  Relative segment, address: CODE 00000379 - 0000039D (0x25 bytes), align: 0
  Segment part 19.            Intra module refs:   Segment part 18
    -------------------------------------------------------------------------
XDATA_ID
  Relative segment, address: CODE 0000039E - 000003C7 (0x2a bytes), align: 0
  Segment part 21.            Intra module refs:   Segment part 20
    -------------------------------------------------------------------------
XDATA_ID
  Relative segment, address: CODE 000003C8 - 000003EB (0x24 bytes), align: 0
  Segment part 23.            Intra module refs:   Segment part 22
    -------------------------------------------------------------------------
XDATA_ID
  Relative segment, address: CODE 000003EC - 0000040F (0x24 bytes), align: 0
  Segment part 25.            Intra module refs:   Segment part 24
    -------------------------------------------------------------------------
XDATA_ID
  Relative segment, address: CODE 00000410 - 00000434 (0x25 bytes), align: 0
  Segment part 27.            Intra module refs:   Segment part 26
    -------------------------------------------------------------------------
XDATA_ID
  Relative segment, address: CODE 00000435 - 0000045E (0x2a bytes), align: 0
  Segment part 29.            Intra module refs:   Segment part 28
    -------------------------------------------------------------------------
XDATA_ID
  Relative segment, address: CODE 0000045F - 00000482 (0x24 bytes), align: 0
  Segment part 31.            Intra module refs:   Segment part 30
    -------------------------------------------------------------------------
XDATA_ID
  Relative segment, address: CODE 00000483 - 0000049C (0x1a bytes), align: 0
  Segment part 33.            Intra module refs:   Segment part 32
    -------------------------------------------------------------------------
XDATA_ID
  Relative segment, address: CODE 0000049D - 000004B8 (0x1c bytes), align: 0
  Segment part 35.            Intra module refs:   Segment part 34
    -------------------------------------------------------------------------
XDATA_ID
  Relative segment, address: CODE 000004B9 - 000004D3 (0x1b bytes), align: 0
  Segment part 37.            Intra module refs:   Segment part 36
    -------------------------------------------------------------------------
XDATA_ID
  Relative segment, address: CODE 000004D4 - 000004ED (0x1a bytes), align: 0
  Segment part 39.            Intra module refs:   Segment part 38
    -------------------------------------------------------------------------
XDATA_ID
  Relative segment, address: CODE 000004EE - 00000507 (0x1a bytes), align: 0
  Segment part 41.            Intra module refs:   Segment part 40
    -------------------------------------------------------------------------
XDATA_ID
  Relative segment, address: CODE 00000508 - 00000529 (0x22 bytes), align: 0
  Segment part 43.            Intra module refs:   Segment part 42
    -------------------------------------------------------------------------
XDATA_ID
  Relative segment, address: CODE 0000052A - 00000553 (0x2a bytes), align: 0
  Segment part 45.            Intra module refs:   Segment part 44
    -------------------------------------------------------------------------
XDATA_ID
  Relative segment, address: CODE 00000554 - 0000057D (0x2a bytes), align: 0
  Segment part 47.            Intra module refs:   Segment part 46
    -------------------------------------------------------------------------
XDATA_ID
  Relative segment, address: CODE 0000057E - 000005A2 (0x25 bytes), align: 0
  Segment part 49.            Intra module refs:   Segment part 48
    -------------------------------------------------------------------------
XDATA_ID
  Relative segment, address: CODE 000005A3 - 000005D2 (0x30 bytes), align: 0
  Segment part 51.            Intra module refs:   Segment part 50
    -------------------------------------------------------------------------
XDATA_ID
  Relative segment, address: CODE 000005D3 - 0000060D (0x3b bytes), align: 0
  Segment part 53.            Intra module refs:   Segment part 52
    -------------------------------------------------------------------------
XDATA_ID
  Relative segment, address: CODE 0000060E - 0000065A (0x4d bytes), align: 0
  Segment part 55.            Intra module refs:   Segment part 54
    -------------------------------------------------------------------------
XDATA_ID
  Relative segment, address: CODE 0000065B - 00000672 (0x18 bytes), align: 0
  Segment part 57.            Intra module refs:   Segment part 56
    -------------------------------------------------------------------------
XDATA_ID
  Relative segment, address: CODE 00000673 - 00000688 (0x16 bytes), align: 0
  Segment part 59.            Intra module refs:   Segment part 58
    -------------------------------------------------------------------------
XDATA_ID
  Relative segment, address: CODE 00000689 - 000006AB (0x23 bytes), align: 0
  Segment part 61.            Intra module refs:   Segment part 60
    -------------------------------------------------------------------------
XDATA_ID
  Relative segment, address: CODE 000006AC - 000006CE (0x23 bytes), align: 0
  Segment part 63.            Intra module refs:   Segment part 62
    -------------------------------------------------------------------------
XDATA_ID
  Relative segment, address: CODE 000006CF - 00000703 (0x35 bytes), align: 0
  Segment part 65.            Intra module refs:   Segment part 64
    -------------------------------------------------------------------------
XDATA_ID
  Relative segment, address: CODE 00000704 - 00000733 (0x30 bytes), align: 0
  Segment part 67.            Intra module refs:   Segment part 66
    -------------------------------------------------------------------------
XDATA_ID
  Relative segment, address: CODE 00000734 - 00000746 (0x13 bytes), align: 0
  Segment part 69.            Intra module refs:   Segment part 68
    -------------------------------------------------------------------------
XDATA_ID
  Relative segment, address: CODE 00000747 - 0000075D (0x17 bytes), align: 0
  Segment part 71.            Intra module refs:   Segment part 70
    -------------------------------------------------------------------------
XDATA_ID
  Relative segment, address: CODE 0000075E - 00000773 (0x16 bytes), align: 0
  Segment part 73.            Intra module refs:   Segment part 72
    -------------------------------------------------------------------------
XDATA_ID
  Relative segment, address: CODE 00000774 - 000007A0 (0x2d bytes), align: 0
  Segment part 75.            Intra module refs:   Segment part 74
    -------------------------------------------------------------------------
XDATA_ID
  Relative segment, address: CODE 000007A1 - 000007A4 (0x4 bytes), align: 0
  Segment part 89.            Intra module refs:   __Constant_42c80000
    -------------------------------------------------------------------------
XDATA_ID
  Relative segment, address: CODE 000007A5 - 000007A8 (0x4 bytes), align: 0
  Segment part 91.            Intra module refs:   __Constant_38d1b718
    -------------------------------------------------------------------------
BANK_RELAYS
  Relative segment, address: CODE 00000B70 - 00000B75 (0x6 bytes), align: 0
  Segment part 93.            Intra module refs:   test_serf_qt_compression()
           ENTRY                   ADDRESS         REF BY
           =====                   =======         ======
           Array<uint8_t>::Array(uint16_t)::?relay
                                   00000B70 
    -------------------------------------------------------------------------
BANK_RELAYS
  Relative segment, address: CODE 00000B76 - 00000B7B (0x6 bytes), align: 0
  Segment part 95.            Intra module refs:   test_serf_qt_compression()
           ENTRY                   ADDRESS         REF BY
           =====                   =======         ======
           Array<float>::Array(uint16_t)::?relay
                                   00000B76 
    -------------------------------------------------------------------------
BANK_RELAYS
  Relative segment, address: CODE 00000B7C - 00000B81 (0x6 bytes), align: 0
  Segment part 97.            Intra module refs:   main
           ENTRY                   ADDRESS         REF BY
           =====                   =======         ======
           load_test_data(char const *)::?relay
                                   00000B7C 
    -------------------------------------------------------------------------
BANK_RELAYS
  Relative segment, address: CODE 00000B82 - 00000B87 (0x6 bytes), align: 0
  Segment part 99.            Intra module refs:   main
           ENTRY                   ADDRESS         REF BY
           =====                   =======         ======
           test_serf_qt_compression()::?relay
                                   00000B82 
    -------------------------------------------------------------------------
XDATA_I
  Relative segment, address: XDATA 00000D9B - 00000DAB (0x11 bytes), align: 0
  Segment part 6.             Intra module refs:   load_test_data(char const *)
    -------------------------------------------------------------------------
XDATA_I
  Relative segment, address: XDATA 00000DAC - 00000DD0 (0x25 bytes), align: 0
  Segment part 8.             Intra module refs:   load_test_data(char const *)
    -------------------------------------------------------------------------
XDATA_I
  Relative segment, address: XDATA 00000DD1 - 00000DEE (0x1e bytes), align: 0
  Segment part 10.            Intra module refs:   load_test_data(char const *)
    -------------------------------------------------------------------------
XDATA_I
  Relative segment, address: XDATA 00000DEF - 00000E0E (0x20 bytes), align: 0
  Segment part 12.            Intra module refs:   test_serf_qt_compression()
    -------------------------------------------------------------------------
XDATA_I
  Relative segment, address: XDATA 00000E0F - 00000E1E (0x10 bytes), align: 0
  Segment part 14.            Intra module refs:   test_serf_qt_compression()
    -------------------------------------------------------------------------
XDATA_I
  Relative segment, address: XDATA 00000E1F - 00000E55 (0x37 bytes), align: 0
  Segment part 16.            Intra module refs:   test_serf_qt_compression()
    -------------------------------------------------------------------------
XDATA_I
  Relative segment, address: XDATA 00000E56 - 00000E7A (0x25 bytes), align: 0
  Segment part 18.            Intra module refs:   test_serf_qt_compression()
    -------------------------------------------------------------------------
XDATA_I
  Relative segment, address: XDATA 00000E7B - 00000EA4 (0x2a bytes), align: 0
  Segment part 20.            Intra module refs:   test_serf_qt_compression()
    -------------------------------------------------------------------------
XDATA_I
  Relative segment, address: XDATA 00000EA5 - 00000EC8 (0x24 bytes), align: 0
  Segment part 22.            Intra module refs:   test_serf_qt_compression()
    -------------------------------------------------------------------------
XDATA_I
  Relative segment, address: XDATA 00000EC9 - 00000EEC (0x24 bytes), align: 0
  Segment part 24.            Intra module refs:   test_serf_qt_compression()
    -------------------------------------------------------------------------
XDATA_I
  Relative segment, address: XDATA 00000EED - 00000F11 (0x25 bytes), align: 0
  Segment part 26.            Intra module refs:   test_serf_qt_compression()
    -------------------------------------------------------------------------
XDATA_I
  Relative segment, address: XDATA 00000F12 - 00000F3B (0x2a bytes), align: 0
  Segment part 28.            Intra module refs:   test_serf_qt_compression()
    -------------------------------------------------------------------------
XDATA_I
  Relative segment, address: XDATA 00000F3C - 00000F5F (0x24 bytes), align: 0
  Segment part 30.            Intra module refs:   test_serf_qt_compression()
    -------------------------------------------------------------------------
XDATA_I
  Relative segment, address: XDATA 00000F60 - 00000F79 (0x1a bytes), align: 0
  Segment part 32.            Intra module refs:   test_serf_qt_compression()
    -------------------------------------------------------------------------
XDATA_I
  Relative segment, address: XDATA 00000F7A - 00000F95 (0x1c bytes), align: 0
  Segment part 34.            Intra module refs:   test_serf_qt_compression()
    -------------------------------------------------------------------------
XDATA_I
  Relative segment, address: XDATA 00000F96 - 00000FB0 (0x1b bytes), align: 0
  Segment part 36.            Intra module refs:   test_serf_qt_compression()
    -------------------------------------------------------------------------
XDATA_I
  Relative segment, address: XDATA 00000FB1 - 00000FCA (0x1a bytes), align: 0
  Segment part 38.            Intra module refs:   test_serf_qt_compression()
    -------------------------------------------------------------------------
XDATA_I
  Relative segment, address: XDATA 00000FCB - 00000FE4 (0x1a bytes), align: 0
  Segment part 40.            Intra module refs:   test_serf_qt_compression()
    -------------------------------------------------------------------------
XDATA_I
  Relative segment, address: XDATA 00000FE5 - 00001006 (0x22 bytes), align: 0
  Segment part 42.            Intra module refs:   test_serf_qt_compression()
    -------------------------------------------------------------------------
XDATA_I
  Relative segment, address: XDATA 00001007 - 00001030 (0x2a bytes), align: 0
  Segment part 44.            Intra module refs:   test_serf_qt_compression()
    -------------------------------------------------------------------------
XDATA_I
  Relative segment, address: XDATA 00001031 - 0000105A (0x2a bytes), align: 0
  Segment part 46.            Intra module refs:   test_serf_qt_compression()
    -------------------------------------------------------------------------
XDATA_I
  Relative segment, address: XDATA 0000105B - 0000107F (0x25 bytes), align: 0
  Segment part 48.            Intra module refs:   test_serf_qt_compression()
    -------------------------------------------------------------------------
XDATA_I
  Relative segment, address: XDATA 00001080 - 000010AF (0x30 bytes), align: 0
  Segment part 50.            Intra module refs:   test_serf_qt_compression()
    -------------------------------------------------------------------------
XDATA_I
  Relative segment, address: XDATA 000010B0 - 000010EA (0x3b bytes), align: 0
  Segment part 52.            Intra module refs:   test_serf_qt_compression()
    -------------------------------------------------------------------------
XDATA_I
  Relative segment, address: XDATA 000010EB - 00001137 (0x4d bytes), align: 0
  Segment part 54.            Intra module refs:   test_serf_qt_compression()
    -------------------------------------------------------------------------
XDATA_I
  Relative segment, address: XDATA 00001138 - 0000114F (0x18 bytes), align: 0
  Segment part 56.            Intra module refs:   test_serf_qt_compression()
    -------------------------------------------------------------------------
XDATA_I
  Relative segment, address: XDATA 00001150 - 00001165 (0x16 bytes), align: 0
  Segment part 58.            Intra module refs:   test_serf_qt_compression()
    -------------------------------------------------------------------------
XDATA_I
  Relative segment, address: XDATA 00001166 - 00001188 (0x23 bytes), align: 0
  Segment part 60.            Intra module refs:   test_serf_qt_compression()
    -------------------------------------------------------------------------
XDATA_I
  Relative segment, address: XDATA 00001189 - 000011AB (0x23 bytes), align: 0
  Segment part 62.            Intra module refs:   test_serf_qt_compression()
    -------------------------------------------------------------------------
XDATA_I
  Relative segment, address: XDATA 000011AC - 000011E0 (0x35 bytes), align: 0
  Segment part 64.            Intra module refs:   test_serf_qt_compression()
    -------------------------------------------------------------------------
XDATA_I
  Relative segment, address: XDATA 000011E1 - 00001210 (0x30 bytes), align: 0
  Segment part 66.            Intra module refs:   main
    -------------------------------------------------------------------------
XDATA_I
  Relative segment, address: XDATA 00001211 - 00001223 (0x13 bytes), align: 0
  Segment part 68.            Intra module refs:   main
    -------------------------------------------------------------------------
XDATA_I
  Relative segment, address: XDATA 00001224 - 0000123A (0x17 bytes), align: 0
  Segment part 70.            Intra module refs:   main
    -------------------------------------------------------------------------
XDATA_I
  Relative segment, address: XDATA 0000123B - 00001250 (0x16 bytes), align: 0
  Segment part 72.            Intra module refs:   main
    -------------------------------------------------------------------------
XDATA_I
  Relative segment, address: XDATA 00001251 - 0000127D (0x2d bytes), align: 0
  Segment part 74.            Intra module refs:   test_serf_qt_compression()
    -------------------------------------------------------------------------
XDATA_I
  Relative segment, address: XDATA 0000127E - 00001281 (0x4 bytes), align: 0
  Segment part 88.            Intra module refs:   test_serf_qt_compression()
           ENTRY                   ADDRESS         REF BY
           =====                   =======         ======
           __Constant_42c80000     0000127E 
    -------------------------------------------------------------------------
XDATA_I
  Relative segment, address: XDATA 00001282 - 00001285 (0x4 bytes), align: 0
  Segment part 90.            Intra module refs:   test_serf_qt_compression()
           ENTRY                   ADDRESS         REF BY
           =====                   =======         ======
           __Constant_38d1b718     00001282 

    *************************************************************************

  FILE NAME : E:\实验室Start\TrajectoryCompression\Serf_Embedded\Debug\Obj\input_bit_stream.r51
  PROGRAM MODULE, NAME : input_bit_stream

  SEGMENTS IN THE MODULE
  ======================
XDATA_Z
  Relative segment, address: XDATA 00000A5C - 00000B5B (0x100 bytes), align: 0
  Segment part 14.            Intra module refs:   Array<uint32_t>::operator=(Array<uint32_t> const &)
                                                   InputBitStream::Clear()
                                                   InputBitStream::SetBuffer(Array<uint8_t> const &)
                                                   OutputBitStream::OutputBitStream(uint32_t) (output_bit_stream)
                                                   SerfQtCompressor::~SerfQtCompressor() (serf_qt_compressor)
                                                   SerfQtDecompressor::~SerfQtDecompressor() (serf_qt_decompressor)
           ENTRY                   ADDRESS         REF BY
           =====                   =======         ======
           ArrayBufferPool<uint32_t>::buffer_pool
                                   00000A5C 
    -------------------------------------------------------------------------
XDATA_Z
  Relative segment, address: XDATA 00000B5C - 00000B5C (0x1 bytes), align: 0
  Segment part 15.            Intra module refs:   Array<uint32_t>::operator=(Array<uint32_t> const &)
                                                   InputBitStream::Clear()
                                                   InputBitStream::SetBuffer(Array<uint8_t> const &)
                                                   OutputBitStream::OutputBitStream(uint32_t) (output_bit_stream)
                                                   SerfQtCompressor::~SerfQtCompressor() (serf_qt_compressor)
                                                   SerfQtDecompressor::~SerfQtDecompressor() (serf_qt_decompressor)
           ENTRY                   ADDRESS         REF BY
           =====                   =======         ======
           ArrayBufferPool<uint32_t>::in_use
                                   00000B5C 
    -------------------------------------------------------------------------
<BANKED_CODE> 1 (was BANKED_CODE)
  Relative segment, address: CODE 000042A8 - 000042AC (0x5 bytes), align: 0
  Segment part 30.            Intra module refs:   InputBitStream::Clear()
           LOCAL                   ADDRESS         
           =====                   =======         
           ?Subroutine0            000042A8 
    -------------------------------------------------------------------------
<BANKED_CODE> 1 (was BANKED_CODE)
  Relative segment, address: CODE 000042AD - 000042E7 (0x3b bytes), align: 0
  Segment part 31.            Intra module refs:   InputBitStream::InputBitStream()::?relay
           ENTRY                   ADDRESS         REF BY
           =====                   =======         ======
           InputBitStream::InputBitStream()
                                   000042AD 
               XSTACK = 0000000A ( 00000000 )
               ISTACK = 00000000 ( 00000002 )
    -------------------------------------------------------------------------
<BANKED_CODE> 1 (was BANKED_CODE)
  Relative segment, address: CODE 000042E8 - 000042F1 (0xa bytes), align: 0
  Segment part 33.            Intra module refs:   InputBitStream::InputBitStream()
           LOCAL                   ADDRESS         
           =====                   =======         
           ?Subroutine7            000042E8 
    -------------------------------------------------------------------------
<BANKED_CODE> 1 (was BANKED_CODE)
  Relative segment, address: CODE 000042F2 - 000042F8 (0x7 bytes), align: 0
  Segment part 34.            Intra module refs:   InputBitStream::InputBitStream()
           LOCAL                   ADDRESS         
           =====                   =======         
           ?Subroutine4            000042F2 
    -------------------------------------------------------------------------
<BANKED_CODE> 1 (was BANKED_CODE)
  Relative segment, address: CODE 000042F9 - 000042FD (0x5 bytes), align: 0
  Segment part 35.            Intra module refs:   ?Subroutine4
                                                   InputBitStream::InputBitStream()
    -------------------------------------------------------------------------
<BANKED_CODE> 1 (was BANKED_CODE)
  Relative segment, address: CODE 000042FE - 00004388 (0x8b bytes), align: 0
  Segment part 36.            Intra module refs:   InputBitStream::Clear()::?relay
           ENTRY                   ADDRESS         REF BY
           =====                   =======         ======
           InputBitStream::Clear()
                                   000042FE 
               calls direct
               XSTACK = 00000000 ( 00000010 )
    -------------------------------------------------------------------------
<BANKED_CODE> 1 (was BANKED_CODE)
  Relative segment, address: CODE 00004389 - 0000438A (0x2 bytes), align: 0
  Segment part 38.            Intra module refs:   InputBitStream::Clear()
                                                   InputBitStream::InputBitStream()
           LOCAL                   ADDRESS         
           =====                   =======         
           ?Subroutine6            00004389 
    -------------------------------------------------------------------------
<BANKED_CODE> 1 (was BANKED_CODE)
  Relative segment, address: CODE 0000438B - 0000438B (0x1 bytes), align: 0
[...]
                                                   Segment part 151
    -------------------------------------------------------------------------
<BANKED_CODE> 1 (was BANKED_CODE)
  Relative segment, address: CODE 000034AD - 000034B5 (0x9 bytes), align: 0
  Segment part 149.           Intra module refs:   Segment part 140
                                                   Segment part 148
                                                   Segment part 93
    -------------------------------------------------------------------------
<BANKED_CODE> 1 (was BANKED_CODE)
  Relative segment, address: CODE 000034B6 - 000034B6 (0x1 bytes), align: 0
  Segment part 150.           Intra module refs:   _GenldLargeNoMb
    -------------------------------------------------------------------------
<BANKED_CODE> 1 (was BANKED_CODE)
  Relative segment, address: CODE 000034B7 - 000034B9 (0x3 bytes), align: 0
  Segment part 151.           Intra module refs:   Segment part 150
                                                   _GenldLargeNoMb
    -------------------------------------------------------------------------
<BANKED_CODE> 1 (was BANKED_CODE)
  Relative segment, address: CODE 000034BA - 000034C9 (0x10 bytes), align: 0
  Segment part 152.           Intra module refs:   Segment part 151
                                                   _GenldLargeNoMb
    -------------------------------------------------------------------------
<BANKED_CODE> 1 (was BANKED_CODE)
  Relative segment, address: CODE 000034CA - 0000351C (0x53 bytes), align: 0
  Segment part 153.           Intra module refs:   _PutcharLargeNoMb::?relay
           LOCAL                   ADDRESS         
           =====                   =======         
           _PutcharLargeNoMb       000034CA 
               XSTACK = 0000006C ( 0000000E )
    -------------------------------------------------------------------------
<BANKED_CODE> 1 (was BANKED_CODE)
  Relative segment, address: CODE 0000351D - 0000356E (0x52 bytes), align: 0
  Segment part 155.           Intra module refs:   _PutcharsLargeNoMb::?relay
           LOCAL                   ADDRESS         
           =====                   =======         
           _PutcharsLargeNoMb      0000351D 
               calls direct
               XSTACK = 00000070 ( 00000010 )
    -------------------------------------------------------------------------
<BANKED_CODE> 1 (was BANKED_CODE)
  Relative segment, address: CODE 0000356F - 00003579 (0xb bytes), align: 0
  Segment part 157.           Intra module refs:   Segment part 119
                                                   _PutcharsLargeNoMb
    -------------------------------------------------------------------------
XDATA_ID
  Relative segment, address: CODE 00000B1F - 00000B25 (0x7 bytes), align: 0
  Segment part 7.             Intra module refs:   Segment part 6
    -------------------------------------------------------------------------
XDATA_ID
  Relative segment, address: CODE 00000B26 - 00000B29 (0x4 bytes), align: 0
  Segment part 9.             Intra module refs:   Segment part 8
    -------------------------------------------------------------------------
XDATA_ID
  Relative segment, address: CODE 00000B2A - 00000B2D (0x4 bytes), align: 0
  Segment part 11.            Intra module refs:   Segment part 10
    -------------------------------------------------------------------------
XDATA_ID
  Relative segment, address: CODE 00000B2E - 00000B31 (0x4 bytes), align: 0
  Segment part 13.            Intra module refs:   Segment part 12
    -------------------------------------------------------------------------
XDATA_ID
  Relative segment, address: CODE 00000B32 - 00000B35 (0x4 bytes), align: 0
  Segment part 15.            Intra module refs:   Segment part 14
    -------------------------------------------------------------------------
XDATA_ID
  Relative segment, address: CODE 00000B36 - 00000B37 (0x2 bytes), align: 0
  Segment part 17.            Intra module refs:   Segment part 16
    -------------------------------------------------------------------------
XDATA_ID
  Relative segment, address: CODE 00000B38 - 00000B3B (0x4 bytes), align: 0
  Segment part 19.            Intra module refs:   __Constant_ffff
    -------------------------------------------------------------------------
XDATA_ID
  Relative segment, address: CODE 00000B3C - 00000B3F (0x4 bytes), align: 0
  Segment part 23.            Intra module refs:   __Constant_7597
    -------------------------------------------------------------------------
XDATA_ID
  Relative segment, address: CODE 00000B40 - 00000B43 (0x4 bytes), align: 0
  Segment part 25.            Intra module refs:   __Constant_186a0
    -------------------------------------------------------------------------
XDATA_ID
  Relative segment, address: CODE 00000B44 - 00000B47 (0x4 bytes), align: 0
  Segment part 29.            Intra module refs:   __Constant_a
    -------------------------------------------------------------------------
XDATA_ID
  Relative segment, address: CODE 00000B48 - 00000B4B (0x4 bytes), align: 0
  Segment part 31.            Intra module refs:   __Constant_4cbebc20
    -------------------------------------------------------------------------
BANK_RELAYS
  Relative segment, address: CODE 00000CD2 - 00000CD7 (0x6 bytes), align: 0
  Segment part 33.
           ENTRY                   ADDRESS         REF BY
           =====                   =======         ======
           _PrintfLargeNoMb::?relay
                                   00000CD2        printf (?printf)
    -------------------------------------------------------------------------
BANK_RELAYS
  Relative segment, address: CODE 00000CD8 - 00000CDD (0x6 bytes), align: 0
  Segment part 63.            Intra module refs:   _PrintfLargeNoMb
           LOCAL                   ADDRESS         
           =====                   =======         
           pad::?relay             00000CD8 
    -------------------------------------------------------------------------
BANK_RELAYS
  Relative segment, address: CODE 00000CDE - 00000CE3 (0x6 bytes), align: 0
  Segment part 65.            Intra module refs:   _PrintfLargeNoMb
           LOCAL                   ADDRESS         
           =====                   =======         
           _LitobLargeNoMb::?relay
                                   00000CDE 
    -------------------------------------------------------------------------
BANK_RELAYS
  Relative segment, address: CODE 00000CE4 - 00000CE9 (0x6 bytes), align: 0
  Segment part 79.            Intra module refs:   _LdtobLargeNoMb
           LOCAL                   ADDRESS         
           =====                   =======         
           scale::?relay           00000CE4 
    -------------------------------------------------------------------------
BANK_RELAYS
  Relative segment, address: CODE 00000CEA - 00000CEF (0x6 bytes), align: 0
  Segment part 82.            Intra module refs:   _PrintfLargeNoMb
           LOCAL                   ADDRESS         
           =====                   =======         
           _LdtobLargeNoMb::?relay
                                   00000CEA 
    -------------------------------------------------------------------------
BANK_RELAYS
  Relative segment, address: CODE 00000CF0 - 00000CF5 (0x6 bytes), align: 0
  Segment part 115.           Intra module refs:   _LdtobLargeNoMb
           LOCAL                   ADDRESS         
           =====                   =======         
           _GenldLargeNoMb::?relay
                                   00000CF0 
    -------------------------------------------------------------------------
BANK_RELAYS
  Relative segment, address: CODE 00000CF6 - 00000CFB (0x6 bytes), align: 0
  Segment part 154.           Intra module refs:   _PrintfLargeNoMb
                                                   _PutcharsLargeNoMb
           LOCAL                   ADDRESS         
           =====                   =======         
           _PutcharLargeNoMb::?relay
                                   00000CF6 
    -------------------------------------------------------------------------
BANK_RELAYS
  Relative segment, address: CODE 00000CFC - 00000D01 (0x6 bytes), align: 0
  Segment part 156.           Intra module refs:   _PrintfLargeNoMb
                                                   pad
           LOCAL                   ADDRESS         
           =====                   =======         
           _PutcharsLargeNoMb::?relay
                                   00000CFC 
    -------------------------------------------------------------------------
XDATA_I
  Relative segment, address: XDATA 000015FC - 00001602 (0x7 bytes), align: 0
  Segment part 6.             Intra module refs:   _PrintfLargeNoMb
    -------------------------------------------------------------------------
XDATA_I
  Relative segment, address: XDATA 00001603 - 00001606 (0x4 bytes), align: 0
  Segment part 8.             Intra module refs:   _LdtobLargeNoMb
    -------------------------------------------------------------------------
XDATA_I
  Relative segment, address: XDATA 00001607 - 0000160A (0x4 bytes), align: 0
  Segment part 10.            Intra module refs:   _LdtobLargeNoMb
    -------------------------------------------------------------------------
XDATA_I
  Relative segment, address: XDATA 0000160B - 0000160E (0x4 bytes), align: 0
  Segment part 12.            Intra module refs:   _LdtobLargeNoMb
    -------------------------------------------------------------------------
XDATA_I
  Relative segment, address: XDATA 0000160F - 00001612 (0x4 bytes), align: 0
  Segment part 14.            Intra module refs:   _LdtobLargeNoMb
    -------------------------------------------------------------------------
XDATA_I
  Relative segment, address: XDATA 00001613 - 00001614 (0x2 bytes), align: 0
  Segment part 16.            Intra module refs:   _GenldLargeNoMb
    -------------------------------------------------------------------------
XDATA_I
  Relative segment, address: XDATA 00001615 - 00001618 (0x4 bytes), align: 0
  Segment part 18.            Intra module refs:   _PrintfLargeNoMb
           ENTRY                   ADDRESS         REF BY
           =====                   =======         ======
           __Constant_ffff         00001615 
    -------------------------------------------------------------------------
XDATA_I
  Relative segment, address: XDATA 00001619 - 0000161C (0x4 bytes), align: 0
  Segment part 22.            Intra module refs:   _LdtobLargeNoMb
           ENTRY                   ADDRESS         REF BY
           =====                   =======         ======
           __Constant_7597         00001619 
    -------------------------------------------------------------------------
XDATA_I
  Relative segment, address: XDATA 0000161D - 00001620 (0x4 bytes), align: 0
  Segment part 24.            Intra module refs:   _LdtobLargeNoMb
           ENTRY                   ADDRESS         REF BY
           =====                   =======         ======
           __Constant_186a0        0000161D 
    -------------------------------------------------------------------------
XDATA_I
  Relative segment, address: XDATA 00001621 - 00001624 (0x4 bytes), align: 0
  Segment part 28.            Intra module refs:   _LdtobLargeNoMb
           ENTRY                   ADDRESS         REF BY
           =====                   =======         ======
           __Constant_a            00001621 
    -------------------------------------------------------------------------
XDATA_I
  Relative segment, address: XDATA 00001625 - 00001628 (0x4 bytes), align: 0
  Segment part 30.            Intra module refs:   _LdtobLargeNoMb
           ENTRY                   ADDRESS         REF BY
           =====                   =======         ======
           __Constant_4cbebc20     00001625 

    -------------------------------------------------------------------------
  LIBRARY MODULE, NAME : ?xprout

  SEGMENTS IN THE MODULE
  ======================
<BANKED_CODE> 1 (was BANKED_CODE)
  Relative segment, address: CODE 00006D58 - 00006D82 (0x2b bytes), align: 0
  Segment part 6.             Intra module refs:   _Prout::?relay
           ENTRY                   ADDRESS         REF BY
           =====                   =======         ======
           _Prout                  00006D58 
               calls direct
               XSTACK = 00000000 ( 0000000E )
    -------------------------------------------------------------------------
BANK_RELAYS
  Relative segment, address: CODE 00000D02 - 00000D07 (0x6 bytes), align: 0
  Segment part 7.
           ENTRY                   ADDRESS         REF BY
           =====                   =======         ======
           _Prout::?relay          00000D02        printf (?printf)

    -------------------------------------------------------------------------
  LIBRARY MODULE, NAME : ?xxmemxfree

  SEGMENTS IN THE MODULE
  ======================
<BANKED_CODE> 1 (was BANKED_CODE)
  Relative segment, address: CODE 00006693 - 000067CA (0x138 bytes), align: 0
  Segment part 6.             Intra module refs:   __xdata_free::?relay
           ENTRY                   ADDRESS         REF BY
           =====                   =======         ======
           __xdata_free            00006693 
               XSTACK = 0000000A ( 0000000E )
    -------------------------------------------------------------------------
<BANKED_CODE> 1 (was BANKED_CODE)
  Relative segment, address: CODE 000067CB - 000067D2 (0x8 bytes), align: 0
  Segment part 8.             Intra module refs:   __xdata_free
    -------------------------------------------------------------------------
BANK_RELAYS
  Relative segment, address: CODE 00000D08 - 00000D0D (0x6 bytes), align: 0
  Segment part 7.
           ENTRY                   ADDRESS         REF BY
           =====                   =======         ======
           __xdata_free::?relay    00000D08        __xdata_malloc (?xxmemxmalloc)
                                                   operator delete(void *) (?delop_0)

    -------------------------------------------------------------------------
  LIBRARY MODULE, NAME : ?xxmemxmalloc

  SEGMENTS IN THE MODULE
  ======================
XDATA_Z
  Relative segment, address: XDATA 00000B63 - 00000B66 (0x4 bytes), align: 0
  Segment part 6.             Intra module refs:   __xdata_malloc
           ENTRY                   ADDRESS         REF BY
           =====                   =======         ======
           __xdata_Aldata          00000B63        __xdata_free (?xxmemxfree)
    -------------------------------------------------------------------------
<BANKED_CODE> 1 (was BANKED_CODE)
  Relative segment, address: CODE 000064FB - 0000666D (0x173 bytes), align: 0
  Segment part 8.             Intra module refs:   __xdata_malloc::?relay
           ENTRY                   ADDRESS         REF BY
           =====                   =======         ======
           __xdata_malloc          000064FB 
               calls direct
               XSTACK = 0000000A ( 0000000F )
    -------------------------------------------------------------------------
<BANKED_CODE> 1 (was BANKED_CODE)
  Relative segment, address: CODE 0000666E - 00006676 (0x9 bytes), align: 0
  Segment part 10.            Intra module refs:   __xdata_malloc
    -------------------------------------------------------------------------
<BANKED_CODE> 1 (was BANKED_CODE)
  Relative segment, address: CODE 00006677 - 0000667A (0x4 bytes), align: 0
  Segment part 11.            Intra module refs:   __xdata_malloc
    -------------------------------------------------------------------------
<BANKED_CODE> 1 (was BANKED_CODE)
  Relative segment, address: CODE 0000667B - 00006680 (0x6 bytes), align: 0
  Segment part 12.            Intra module refs:   Segment part 11
                                                   __xdata_malloc
    -------------------------------------------------------------------------
<BANKED_CODE> 1 (was BANKED_CODE)
  Relative segment, address: CODE 00006681 - 00006684 (0x4 bytes), align: 0
  Segment part 13.            Intra module refs:   __xdata_malloc
    -------------------------------------------------------------------------
<BANKED_CODE> 1 (was BANKED_CODE)
  Relative segment, address: CODE 00006685 - 0000668A (0x6 bytes), align: 0
  Segment part 14.            Intra module refs:   Segment part 12
                                                   Segment part 13
                                                   __xdata_malloc
    -------------------------------------------------------------------------
<BANKED_CODE> 1 (was BANKED_CODE)
  Relative segment, address: CODE 0000668B - 00006692 (0x8 bytes), align: 0
  Segment part 15.            Intra module refs:   __xdata_malloc
    -------------------------------------------------------------------------
BANK_RELAYS
  Relative segment, address: CODE 00000D0E - 00000D13 (0x6 bytes), align: 0
  Segment part 9.
           ENTRY                   ADDRESS         REF BY
           =====                   =======         ======
           __xdata_malloc::?relay
                                   00000D0E        operator new(unsigned int) (?newop_0)




                ****************************************
                *                                      *
                *      SEGMENTS IN ADDRESS ORDER       *
                *                                      *
                ****************************************


SEGMENT              SPACE    START ADDRESS   END ADDRESS     SIZE  TYPE  ALIGN
=======              =====    =============   ===========     ====  ====  =====
INTVEC               CODE          00000000 - 00000002           3   com    0
CSTART               CODE          00000003 - 00000089          87   rel    0
BIT_ID               CODE               0000008A                     dse    0
BDATA_ID             CODE               0000008A                     dse    0
DATA_ID              CODE               0000008A                     dse    0
PDATA_ID             CODE               0000008A                     dse    0
IDATA_ID             CODE               0000008A                     dse    0
IXDATA_ID            CODE               0000008A                     dse    0
XDATA_ID             CODE          0000008A - 00000B4B         AC2   rel    0
BANK_RELAYS          CODE          00000B4C - 00000D13         1C8   rel    0
RCODE                CODE          00000D14 - 00001B02         DEF   rel    0
DIFUNCT              CODE               00001B03                     rel    0
<BANKED_CODE> 1      CODE          00001B03 - 00006E5B        5359   rel    0
REGISTERS            DATA          00000000 - 00000007           8   rel    0
VREG                 DATA          00000008 - 0000000F           8   rel    0
PSP                  DATA               00000010                     dse    0
XSP                  DATA          00000010 - 00000011           2   rel    0
BREG                 BIT        00000020.0  -  00000020.7        8   rel    0
XSTACK               XDATA         00000001 - 000001FF         1FF   rel    0
XDATA_Z              XDATA         00000200 - 00000B66         967   rel    0
XDATA_I              XDATA         00000B67 - 00001628         AC2   rel    0
XDATA_HEAP           XDATA         00001629 - 00001727          FF   dse    0
ISTACK               IDATA         000000C0 - 000000FF          40   rel    0

                ****************************************
                *                                      *
                *        END OF CROSS REFERENCE        *
                *                                      *
                ****************************************

 28 252 bytes of CODE  memory
     18 bytes of DATA  memory
  5 927 bytes of XDATA memory
     64 bytes of IDATA memory
      8 bits  of BIT   memory

Errors: none
Warnings: none

