################################################################################
#                                                                              #
#      IAR Universal Linker V6.4.6.89                                          #
#                                                                              #
#           Link time     =  05/Nov/2025  10:25:31                             #
#           Target CPU    =  x51                                               #
#           List file     =  E:\实验室Start\TrajectoryCompression\Serf_Embedde #
#                            d\Debug\List\serf-all.map                         #
#           Output file 1 =  E:\实验室Start\TrajectoryCompression\Serf_Embedde #
#                            d\Debug\Exe\serf-all.a51                          #
#                            Format: intel-extended                            #
#           Output file 2 =  E:\实验室Start\TrajectoryCompression\Serf_Embedde #
#                            d\Debug\Exe\serf-all.d51                          #
#                            Format: ubrof10                                   #
#                            UBROF version 10.0.6                              #
#                            Using library modules for C-SPY (-rt)             #
#           Command line  =  -f                                                #
#                            C:\Users\zqq666\AppData\Local\Temp\EWAF98.tmp     #
#                            (E:\实验室Start\TrajectoryCompression\Serf_Embedd #
#                            ed\Debug\Obj\elias_gamma_codec.r51                #
#                            E:\实验室Start\TrajectoryCompression\Serf_Embedde #
#                            d\Debug\Obj\file_reader.r51                       #
#                            E:\实验室Start\TrajectoryCompression\Serf_Embedde #
#                            d\Debug\Obj\iar_serf_test.r51                     #
#                            E:\实验室Start\TrajectoryCompression\Serf_Embedde #
#                            d\Debug\Obj\input_bit_stream.r51                  #
#                            E:\实验室Start\TrajectoryCompression\Serf_Embedde #
#                            d\Debug\Obj\net_serf_qt_compressor.r51            #
#                            E:\实验室Start\TrajectoryCompression\Serf_Embedde #
#                            d\Debug\Obj\net_serf_qt_decompressor.r51          #
#                            E:\实验室Start\TrajectoryCompression\Serf_Embedde #
#                            d\Debug\Obj\output_bit_stream.r51                 #
#                            E:\实验室Start\TrajectoryCompression\Serf_Embedde #
#                            d\Debug\Obj\serf_qt_compressor.r51                #
#                            E:\实验室Start\TrajectoryCompression\Serf_Embedde #
#                            d\Debug\Obj\serf_qt_decompressor.r51              #
#                            -o                                                #
#                            E:\实验室Start\TrajectoryCompression\Serf_Embedde #
#                            d\Debug\Exe\serf-all.d51                          #
#                            -l                                                #
#                            E:\实验室Start\TrajectoryCompression\Serf_Embedde #
#                            d\Debug\List\serf-all.map                         #
#                            -xms -IE:\实验室Start\IAR\8051\LIB\ -f            #
#                            "E:\实验室Start\IAR\8051\config\devices\Texas Ins #
#                            truments\lnk51ew_cc2530F256_banked.xcl"           #
#                            (-D_IDATA0_START=0x00 -D_IDATA0_END=0xFF          #
#                            -D_PDATA0_START=0x1E00 -D_PDATA0_END=0x1EFF       #
#                            -D_IXDATA0_START=0x0001 -D_IXDATA0_END=0x1EFF     #
#                            -D_XDATA0_START=_IXDATA0_START                    #
#                            -D_XDATA0_END=_IXDATA0_END                        #
#                            -D_NEAR_CODE_START=0x0000                         #
#                            -D_FIRST_BANK_ADDR=0x10000 -D?REGISTER_BANK=0x0   #
#                            -D_REGISTER_BANK_START=0x0 -D_BREG_START=0x00     #
#                            -D?VB=0x20 -Z(BIT)BREG=_BREG_START                #
#                            -Z(BIT)BIT_N=0-7F                                 #
#                            -Z(DATA)REGISTERS+8=_REGISTER_BANK_START          #
#                            -Z(DATA)BDATA_Z,BDATA_N,BDATA_I=20-2F             #
#                            -Z(DATA)VREG=08-7F -Z(DATA)PSP,XSP=08-7F          #
#                            -Z(DATA)DOVERLAY=08-7F                            #
#                            -Z(DATA)DATA_I,DATA_Z,DATA_N=08-7F                #
#                            -U(IDATA)0-7F=(DATA)0-7F                          #
#                            -Z(IDATA)IDATA_I,IDATA_Z,IDATA_N=08-_IDATA0_END   #
#                            -Z(IDATA)ISTACK+_IDATA_STACK_SIZE#08-_IDATA0_END  #
#                            -Z(IDATA)IOVERLAY=08-FF -Z(CODE)INTVEC=0          #
#                            -Z(CODE)CSTART=_NEAR_CODE_START-(_CODEBANK_START- #
#                            1)                                                #
#                            -Z(CODE)BIT_ID,BDATA_ID,DATA_ID,IDATA_ID,IXDATA_I #
#                            D,PDATA_ID,XDATA_ID=_NEAR_CODE_START-(_CODEBANK_S #
#                            TART-1)                                           #
#                            -Z(CODE)BANK_RELAYS,RCODE,DIFUNCT,CODE_C,CODE_N,N #
#                            EAR_CODE=_NEAR_CODE_START-(_CODEBANK_START-1)     #
#                            -P(CODE)BANKED_CODE=_NEAR_CODE_START-(_CODEBANK_S #
#                            TART-1),[(_CODEBANK_START+_FIRST_BANK_ADDR)-(_COD #
#                            EBANK_END+_FIRST_BANK_ADDR)]*_NR_OF_BANKS+10000   #
#                            -Z(CODE)CHECKSUM#(_CODEBANK_START-1)              #
#                            -Z(XDATA)PDATA_Z,PDATA_I=_PDATA0_START-_PDATA0_EN #
#                            D                                                 #
#                            -P(XDATA)PDATA_N=_PDATA0_START-_PDATA0_END        #
#                            -Z(XDATA)PSTACK+_PDATA_STACK_SIZE=_PDATA0_START-_ #
#                            PDATA0_END                                        #
#                            -Z(XDATA)EXT_STACK+_EXTENDED_STACK_SIZE=_EXTENDED #
#                            _STACK_START                                      #
#                            -Z(XDATA)XSTACK+_XDATA_STACK_SIZE=_XDATA0_START-_ #
#                            XDATA0_END                                        #
#                            -Z(XDATA)IXDATA_Z,IXDATA_I=_IXDATA0_START-_IXDATA #
#                            0_END                                             #
#                            -P(XDATA)IXDATA_N=_IXDATA0_START-_IXDATA0_END     #
#                            -Z(XDATA)XDATA_Z,XDATA_I=_XDATA0_START-_XDATA0_EN #
#                            D                                                 #
#                            -P(XDATA)XDATA_N=_XDATA0_START-_XDATA0_END        #
#                            -Z(XDATA)XDATA_HEAP+_XDATA_HEAP_SIZE=_XDATA0_STAR #
#                            T-_XDATA0_END                                     #
#                            -Z(CONST)XDATA_ROM_C=_XDATA0_START-_XDATA0_END    #
#                            -cx51                                             #
#                            -M(CODE)[(_CODEBANK_START+_FIRST_BANK_ADDR)-(_COD #
#                            EBANK_END+_FIRST_BANK_ADDR)]*_NR_OF_BANKS+0x10000 #
#                            =0x8000                                           #
#                            -ww69=i -D_BANK0_START=0x00000                    #
#                            -D_BANK0_END=0x07FFF -D_BANK1_START=0x18000       #
#                            -D_BANK1_END=0x1FFFF -D_BANK2_START=0x28000       #
#                            -D_BANK2_END=0x2FFFF -D_BANK3_START=0x38000       #
#                            -D_BANK3_END=0x3FFFF -D_BANK4_START=0x48000       #
#                            -D_BANK4_END=0x4FFFF -D_BANK5_START=0x58000       #
#                            -D_BANK5_END=0x5FFFF -D_BANK6_START=0x68000       #
#                            -D_BANK6_END=0x6FFFF -D_BANK7_START=0x78000       #
#                            -D_BANK7_END=0x7FFFF                              #
#                            -P(CODE)BANK0=_BANK0_START-_BANK0_END             #
#                            -P(CODE)BANK1=_BANK1_START-_BANK1_END             #
#                            -P(CODE)BANK2=_BANK2_START-_BANK2_END             #
#                            -P(CODE)BANK3=_BANK3_START-_BANK3_END             #
#                            -P(CODE)BANK4=_BANK4_START-_BANK4_END             #
#                            -P(CODE)BANK5=_BANK5_START-_BANK5_END             #
#                            -P(CODE)BANK6=_BANK6_START-_BANK6_END             #
#                            -P(CODE)BANK7=_BANK7_START-_BANK7_END             #
#                            -D_FLASH_LOCK_BITS_START=0x7FFF0                  #
#                            -D_FLASH_LOCK_BITS_END=0x7FFFF                    #
#                            -Z(CODE)FLASH_LOCK_BITS=_FLASH_LOCK_BITS_START-_F #
#                            LASH_LOCK_BITS_END                                #
#                            -U(CODE)0x0000=(CODE)_FLASH_LOCK_BITS_START-_FLAS #
#                            H_LOCK_BITS_END)                                  #
#                            -D_NR_OF_VIRTUAL_REGISTERS=8 -D?PBANK=0x93        #
#                            -D?CBANK=0x9F -D?CBANK_MASK=0xFF                  #
#                            -e?BCALL_FF=?BCALL -e?BRET_FF=?BRET               #
#                            -e?BDISPATCH_FF=?BDISPATCH                        #
#                            -D_CODEBANK_START=0x8000 -D_CODEBANK_END=0xFFFF   #
#                            -D_NR_OF_BANKS=0x07                               #
#                            -IE:\实验室Start\IAR\8051\CONFIG\ -rt             #
#                            -Ointel-extended=E:\实验室Start\TrajectoryCompres #
#                            sion\Serf_Embedded\Debug\Exe\serf-all.a51         #
#                            -s __program_start                                #
#                            E:\实验室Start\IAR\8051\LIB\DLIB\dl-pli-blxd-1e16 #
#                            x01n.r51                                          #
#                            -D_IDATA_STACK_SIZE=0x40 -D?ESP=0 -D?ESP_MASK=0   #
#                            -D_EXTENDED_STACK_START=0                         #
#                            -D_EXTENDED_STACK_SIZE=0                          #
#                            -D_PDATA_STACK_SIZE=0x80                          #
#                            -D_XDATA_STACK_SIZE=0x1FF                         #
#                            -D_XDATA_HEAP_SIZE=0xFF -D_FAR_HEAP_SIZE=0xFFF    #
#                            -D_HUGE_HEAP_SIZE=0xFFF                           #
#                            -D_FAR22_HEAP_SIZE=0xFFF)                         #
#                                                                              #
#                           Copyright (C) 1987-2016 IAR Systems AB.            #
################################################################################





                ****************************************
                *                                      *
                *           CROSS REFERENCE            *
                *                                      *
                ****************************************

       Program entry at : CODE      0000005A  Relocatable, from module : CSTARTUP




                ****************************************
                *                                      *
                *            RUNTIME MODEL             *
                *                                      *
                ****************************************

  __Heap_Handler             = Basic
  __SystemLibrary            = DLib
  __calling_convention       = xdata_reentrant
  __code_model               = banked
  __core                     = plain
  __data_model               = large
  __dlib_file_descriptor     = 0
  __dlib_full_locale_support = 0
  __dptr_size                = 16
  __extended_stack           = disabled
  __location_for_constants   = data
  __number_of_dptrs          = 1
  __register_banks           = *
  __rt_version               = 1

                ****************************************
                *                                      *
                *    AUTOMATIC SYMBOL REDIRECTIONS     *
                *                                      *
                ****************************************

       All references to: _Printf
         were redirected to: _PrintfLargeNoMb
       All references to: _Printf::?relay
         were redirected to: _PrintfLargeNoMb::?relay



                ****************************************
                *                                      *
                *              MODULE MAP              *
                *                                      *
                ****************************************


  DEFINED ABSOLUTE ENTRIES
    *************************************************************************

  DEFINED ABSOLUTE ENTRIES
  PROGRAM MODULE, NAME : ?ABS_ENTRY_MOD

Absolute parts
           ENTRY                   ADDRESS         REF BY
           =====                   =======         ======
           _FAR22_HEAP_SIZE        00000FFF 
           _HUGE_HEAP_SIZE         00000FFF 
           _FAR_HEAP_SIZE          00000FFF 
           _XDATA_HEAP_SIZE        000000FF 
           _XDATA_STACK_SIZE       000001FF 
           _PDATA_STACK_SIZE       00000080 
           _EXTENDED_STACK_SIZE    00000000 
           _EXTENDED_STACK_START   00000000 
           ?ESP_MASK               00000000 
           ?ESP                    00000000 
           _IDATA_STACK_SIZE       00000040 
           _NR_OF_BANKS            00000007 
           _CODEBANK_END           0000FFFF 
           _CODEBANK_START         00008000 
           ?CBANK_MASK             000000FF 
           ?CBANK                  0000009F        ?RESET_CODE_BANK (CSTARTUP)
                                                   Segment part 0 (?BANKED_CODE_SUPPORT)
           ?PBANK                  00000093 
           _NR_OF_VIRTUAL_REGISTERS
                                   00000008 
           _FLASH_LOCK_BITS_END    0003FFFF 
           _FLASH_LOCK_BITS_START
                                   0003FFF0 
           _BANK7_END              0003FFFF 
           _BANK7_START            00038000 
           _BANK6_END              00037FFF 
           _BANK6_START            00030000 
           _BANK5_END              0002FFFF 
           _BANK5_START            00028000 
           _BANK4_END              00027FFF 
           _BANK4_START            00020000 
           _BANK3_END              0001FFFF 
           _BANK3_START            00018000 
           _BANK2_END              00017FFF 
           _BANK2_START            00010000 
           _BANK1_END              0000FFFF 
           _BANK1_START            00008000 
           _BANK0_END              00007FFF 
           _BANK0_START            00000000 
           ?VB                     00000020        ?BANKED_ENTER_XDATA (?BANKED_ENTER_XDATA)
                                                   ?BANKED_LEAVE_XDATA (?BANKED_LEAVE_XDATA)
                                                   InputBitStream::ReadBit() (input_bit_stream)
           _BREG_START             00000000 
           _REGISTER_BANK_START    00000000 
           ?REGISTER_BANK          00000000        Segment part 6 (CSTARTUP)
           _FIRST_BANK_ADDR        00010000 
           _NEAR_CODE_START        00000000 
           _XDATA0_END             00001EFF 
           _XDATA0_START           00000001 
           _IXDATA0_END            00001EFF 
           _IXDATA0_START          00000001 
           _PDATA0_END             00001EFF 
           _PDATA0_START           00001E00 
           _IDATA0_END             000000FF 
           _IDATA0_START           00000000 
    *************************************************************************

  FILE NAME : E:\实验室Start\TrajectoryCompression\Serf_Embedded\Debug\Obj\elias_gamma_codec.r51
  PROGRAM MODULE, NAME : elias_gamma_codec

  SEGMENTS IN THE MODULE
  ======================
XDATA_I
  Relative segment, address: XDATA 000009DF - 00000A22 (0x44 bytes), align: 0
  Segment part 6.             Intra module refs:   EliasGammaCodec::Encode(long, OutputBitStream *)
           ENTRY                   ADDRESS         REF BY
           =====                   =======         ======
           EliasGammaCodec::kLog2Table
                                   000009DF 
    -------------------------------------------------------------------------
XDATA_I
  Relative segment, address: XDATA 00000A23 - 00000A26 (0x4 bytes), align: 0
  Segment part 8.             Intra module refs:   EliasGammaCodec::Encode(long, OutputBitStream *)
           ENTRY                   ADDRESS         REF BY
           =====                   =======         ======
           __Constant_11           00000A23 
    -------------------------------------------------------------------------
XDATA_I
  Relative segment, address: XDATA 00000A27 - 00000A2A (0x4 bytes), align: 0
  Segment part 10.            Intra module refs:   EliasGammaCodec::Encode(long, OutputBitStream *)
                                                   NetSerfQtCompressor::Compress(double) (net_serf_qt_compressor)
                                                   _LdtobLargeNoMb (?xprintflarge_nomb)
                                                   _LitobLargeNoMb (?xprintflarge_nomb)
                                                   _PrintfLargeNoMb (?xprintflarge_nomb)
                                                   fabsf (?fabsf)
                                                   floorf (?floorf)
           ENTRY                   ADDRESS         REF BY
           =====                   =======         ======
           __Constant_0            00000A27 
    -------------------------------------------------------------------------
XDATA_I
  Relative segment, address: XDATA 00000A2B - 00000A2E (0x4 bytes), align: 0
  Segment part 12.            Intra module refs:   EliasGammaCodec::Decode(InputBitStream *)
                                                   InputBitStream::Forward(uint32_t) (input_bit_stream)
                                                   InputBitStream::Peek(uint32_t) (input_bit_stream)
                                                   InputBitStream::ReadBit() (input_bit_stream)
                                                   NetSerfQtCompressor::Compress(double) (net_serf_qt_compressor)
                                                   NetSerfQtDecompressor::Decompress(Array<uint8_t> &) (net_serf_qt_decompressor)
                                                   OutputBitStream::Flush() (output_bit_stream)
                                                   OutputBitStream::Write(uint32_t, uint32_t) (output_bit_stream)
                                                   ceilf (?ceilf)
           ENTRY                   ADDRESS         REF BY
           =====                   =======         ======
           __Constant_1            00000A2B 
    -------------------------------------------------------------------------
<BANKED_CODE> 1 (was BANKED_CODE)
  Relative segment, address: CODE 00004F2E - 00005021 (0xf4 bytes), align: 0
  Segment part 14.            Intra module refs:   EliasGammaCodec::Encode(long, OutputBitStream *)::?relay
           ENTRY                   ADDRESS         REF BY
           =====                   =======         ======
           EliasGammaCodec::Encode(long, OutputBitStream *)
                                   00004F2E 
               calls direct
               XSTACK = 00000002 ( 0000001A )
               ISTACK = 00000000 ( 00000002 )
    -------------------------------------------------------------------------
<BANKED_CODE> 1 (was BANKED_CODE)
  Relative segment, address: CODE 00005022 - 00005023 (0x2 bytes), align: 0
  Segment part 16.            Intra module refs:   EliasGammaCodec::Encode(long, OutputBitStream *)
           LOCAL                   ADDRESS         
           =====                   =======         
           ?Subroutine0            00005022 
    -------------------------------------------------------------------------
<BANKED_CODE> 1 (was BANKED_CODE)
  Relative segment, address: CODE 00005024 - 0000502D (0xa bytes), align: 0
  Segment part 17.            Intra module refs:   ?Subroutine0
                                                   EliasGammaCodec::Decode(InputBitStream *)
    -------------------------------------------------------------------------
<BANKED_CODE> 1 (was BANKED_CODE)
  Relative segment, address: CODE 0000502E - 000050A4 (0x77 bytes), align: 0
  Segment part 18.            Intra module refs:   EliasGammaCodec::Decode(InputBitStream *)::?relay
           ENTRY                   ADDRESS         REF BY
           =====                   =======         ======
           EliasGammaCodec::Decode(InputBitStream *)
                                   0000502E 
               calls direct
               XSTACK = 00000000 ( 00000010 )
    -------------------------------------------------------------------------
XDATA_ID
  Relative segment, address: CODE 0000008A - 000000CD (0x44 bytes), align: 0
  Segment part 7.             Intra module refs:   EliasGammaCodec::kLog2Table
    -------------------------------------------------------------------------
XDATA_ID
  Relative segment, address: CODE 000000CE - 000000D1 (0x4 bytes), align: 0
  Segment part 9.             Intra module refs:   __Constant_11
    -------------------------------------------------------------------------
XDATA_ID
  Relative segment, address: CODE 000000D2 - 000000D5 (0x4 bytes), align: 0
  Segment part 11.            Intra module refs:   __Constant_0
    -------------------------------------------------------------------------
XDATA_ID
  Relative segment, address: CODE 000000D6 - 000000D9 (0x4 bytes), align: 0
  Segment part 13.            Intra module refs:   __Constant_1
    -------------------------------------------------------------------------
BANK_RELAYS
  Relative segment, address: CODE 00000562 - 00000567 (0x6 bytes), align: 0
  Segment part 15.
           ENTRY                   ADDRESS         REF BY
           =====                   =======         ======
           EliasGammaCodec::Encode(long, OutputBitStream *)::?relay
                                   00000562        NetSerfQtCompressor::Compress(double) (net_serf_qt_compressor)
    -------------------------------------------------------------------------
BANK_RELAYS
  Relative segment, address: CODE 00000568 - 0000056D (0x6 bytes), align: 0
  Segment part 19.
           ENTRY                   ADDRESS         REF BY
           =====                   =======         ======
           EliasGammaCodec::Decode(InputBitStream *)::?relay
                                   00000568        NetSerfQtDecompressor::Decompress(Array<uint8_t> &) (net_serf_qt_decompressor)

    *************************************************************************

  FILE NAME : E:\实验室Start\TrajectoryCompression\Serf_Embedded\Debug\Obj\file_reader.r51
  PROGRAM MODULE, NAME : file_reader

  SEGMENTS IN THE MODULE
  ======================
XDATA_Z
  Relative segment, address: XDATA 00000200 - 0000083F (0x640 bytes), align: 0
  Segment part 6.             Intra module refs:   file_reader_init(file_reader_t *, char const *)
                                                   file_reader_read_next(file_reader_t *, trajectory_point_t *)
           LOCAL                   ADDRESS         
           =====                   =======         
           trajectory_data         00000200 
    -------------------------------------------------------------------------
XDATA_Z
  Relative segment, address: XDATA 00000840 - 00000841 (0x2 bytes), align: 0
  Segment part 7.             Intra module refs:   file_reader_init(file_reader_t *, char const *)
           LOCAL                   ADDRESS         
           =====                   =======         
           trajectory_count        00000840 
    -------------------------------------------------------------------------
XDATA_Z
  Relative segment, address: XDATA 00000842 - 00000842 (0x1 bytes), align: 0
  Segment part 8.             Intra module refs:   file_reader_init(file_reader_t *, char const *)
           LOCAL                   ADDRESS         
           =====                   =======         
           data_loaded             00000842 
    -------------------------------------------------------------------------
<BANKED_CODE> 1 (was BANKED_CODE)
  Relative segment, address: CODE 000049DA - 00004B15 (0x13c bytes), align: 0
  Segment part 15.            Intra module refs:   file_reader_init(file_reader_t *, char const *)::?relay
           ENTRY                   ADDRESS         REF BY
           =====                   =======         ======
           file_reader_init(file_reader_t *, char const *)
                                   000049DA 
               XSTACK = 00000000 ( 00000018 )
               ISTACK = 00000000 ( 00000001 )
    -------------------------------------------------------------------------
<BANKED_CODE> 1 (was BANKED_CODE)
  Relative segment, address: CODE 00004B16 - 00004B1E (0x9 bytes), align: 0
  Segment part 17.            Intra module refs:   file_reader_init(file_reader_t *, char const *)
           LOCAL                   ADDRESS         
           =====                   =======         
           ?Subroutine3            00004B16 
    -------------------------------------------------------------------------
<BANKED_CODE> 1 (was BANKED_CODE)
  Relative segment, address: CODE 00004B1F - 00004B28 (0xa bytes), align: 0
  Segment part 18.            Intra module refs:   file_reader_init(file_reader_t *, char const *)
           LOCAL                   ADDRESS         
           =====                   =======         
           ?Subroutine2            00004B1F 
    -------------------------------------------------------------------------
<BANKED_CODE> 1 (was BANKED_CODE)
  Relative segment, address: CODE 00004B29 - 00004B34 (0xc bytes), align: 0
  Segment part 19.            Intra module refs:   ?Subroutine1
                                                   ?Subroutine2
                                                   file_reader_init(file_reader_t *, char const *)
           LOCAL                   ADDRESS         
           =====                   =======         
           ?Subroutine4            00004B29 
    -------------------------------------------------------------------------
<BANKED_CODE> 1 (was BANKED_CODE)
  Relative segment, address: CODE 00004B35 - 00004B41 (0xd bytes), align: 0
  Segment part 20.            Intra module refs:   file_reader_init(file_reader_t *, char const *)
           LOCAL                   ADDRESS         
           =====                   =======         
           ?Subroutine1            00004B35 
    -------------------------------------------------------------------------
<BANKED_CODE> 1 (was BANKED_CODE)
  Relative segment, address: CODE 00004B42 - 00004BB5 (0x74 bytes), align: 0
  Segment part 21.            Intra module refs:   file_reader_read_next(file_reader_t *, trajectory_point_t *)::?relay
           ENTRY                   ADDRESS         REF BY
           =====                   =======         ======
           file_reader_read_next(file_reader_t *, trajectory_point_t *)
                                   00004B42 
               XSTACK = 00000000 ( 0000000A )
    -------------------------------------------------------------------------
<BANKED_CODE> 1 (was BANKED_CODE)
  Relative segment, address: CODE 00004BB6 - 00004BBC (0x7 bytes), align: 0
  Segment part 25.            Intra module refs:   file_reader_close(file_reader_t *)
                                                   file_reader_get_total_points(file_reader_t *)
           LOCAL                   ADDRESS         
           =====                   =======         
           ?Subroutine0            00004BB6 
    -------------------------------------------------------------------------
<BANKED_CODE> 1 (was BANKED_CODE)
  Relative segment, address: CODE 00004BBD - 00004BDB (0x1f bytes), align: 0
  Segment part 26.            Intra module refs:   file_reader_close(file_reader_t *)::?relay
           ENTRY                   ADDRESS         REF BY
           =====                   =======         ======
           file_reader_close(file_reader_t *)
                                   00004BBD 
               ISTACK = 00000000 ( 00000003 )
    -------------------------------------------------------------------------
<BANKED_CODE> 1 (was BANKED_CODE)
  Relative segment, address: CODE 00004BDC - 00004BF8 (0x1d bytes), align: 0
  Segment part 28.            Intra module refs:   file_reader_get_total_points(file_reader_t *)::?relay
           ENTRY                   ADDRESS         REF BY
           =====                   =======         ======
           file_reader_get_total_points(file_reader_t *)
                                   00004BDC 
               ISTACK = 00000000 ( 00000002 )
    -------------------------------------------------------------------------
XDATA_I
  Relative segment, address: XDATA 00000A2F - 00000A32 (0x4 bytes), align: 0
  Segment part 9.             Intra module refs:   file_reader_init(file_reader_t *, char const *)
                                                   test_net_serf_qt_streaming() (iar_serf_test)
           ENTRY                   ADDRESS         REF BY
           =====                   =======         ======
           __Constant_38d1b717     00000A2F 
    -------------------------------------------------------------------------
XDATA_ID
  Relative segment, address: CODE 000000DA - 000000DD (0x4 bytes), align: 0
  Segment part 10.            Intra module refs:   __Constant_38d1b717
    -------------------------------------------------------------------------
XDATA_I
  Relative segment, address: XDATA 00000A33 - 00000A36 (0x4 bytes), align: 0
  Segment part 11.            Intra module refs:   file_reader_init(file_reader_t *, char const *)
           ENTRY                   ADDRESS         REF BY
           =====                   =======         ======
           __Constant_42200e33     00000A33 
    -------------------------------------------------------------------------
XDATA_ID
  Relative segment, address: CODE 000000DE - 000000E1 (0x4 bytes), align: 0
  Segment part 12.            Intra module refs:   __Constant_42200e33
    -------------------------------------------------------------------------
XDATA_I
  Relative segment, address: XDATA 00000A37 - 00000A3A (0x4 bytes), align: 0
  Segment part 13.            Intra module refs:   file_reader_init(file_reader_t *, char const *)
           ENTRY                   ADDRESS         REF BY
           =====                   =======         ======
           __Constant_42e89cea     00000A37 
    -------------------------------------------------------------------------
XDATA_ID
  Relative segment, address: CODE 000000E2 - 000000E5 (0x4 bytes), align: 0
  Segment part 14.            Intra module refs:   __Constant_42e89cea
    -------------------------------------------------------------------------
BANK_RELAYS
  Relative segment, address: CODE 0000056E - 00000573 (0x6 bytes), align: 0
  Segment part 16.
           ENTRY                   ADDRESS         REF BY
           =====                   =======         ======
           file_reader_init(file_reader_t *, char const *)::?relay
                                   0000056E        load_test_data(char const *) (iar_serf_test)
    -------------------------------------------------------------------------
BANK_RELAYS
  Relative segment, address: CODE 00000574 - 00000579 (0x6 bytes), align: 0
  Segment part 22.
           ENTRY                   ADDRESS         REF BY
           =====                   =======         ======
           file_reader_read_next(file_reader_t *, trajectory_point_t *)::?relay
                                   00000574        load_test_data(char const *) (iar_serf_test)
    -------------------------------------------------------------------------
BANK_RELAYS
  Relative segment, address: CODE 0000057A - 0000057F (0x6 bytes), align: 0
  Segment part 27.
           ENTRY                   ADDRESS         REF BY
           =====                   =======         ======
           file_reader_close(file_reader_t *)::?relay
                                   0000057A        load_test_data(char const *) (iar_serf_test)
    -------------------------------------------------------------------------
BANK_RELAYS
  Relative segment, address: CODE 00000580 - 00000585 (0x6 bytes), align: 0
  Segment part 29.
           ENTRY                   ADDRESS         REF BY
           =====                   =======         ======
           file_reader_get_total_points(file_reader_t *)::?relay
                                   00000580        load_test_data(char const *) (iar_serf_test)

    *************************************************************************

  FILE NAME : E:\实验室Start\TrajectoryCompression\Serf_Embedded\Debug\Obj\iar_serf_test.r51
  PROGRAM MODULE, NAME : iar_serf_test

  SEGMENTS IN THE MODULE
  ======================
XDATA_Z
  Relative segment, address: XDATA 00000843 - 000009D2 (0x190 bytes), align: 0
  Segment part 122.           Intra module refs:   load_test_data(char const *)
                                                   test_net_serf_qt_streaming()
           LOCAL                   ADDRESS         
           =====                   =======         
           test_data               00000843 
    -------------------------------------------------------------------------
XDATA_Z
  Relative segment, address: XDATA 000009D3 - 000009D4 (0x2 bytes), align: 0
  Segment part 123.           Intra module refs:   ?Subroutine16
                                                   load_test_data(char const *)
                                                   test_net_serf_qt_streaming()
           LOCAL                   ADDRESS         
           =====                   =======         
           test_data_count         000009D3 
    -------------------------------------------------------------------------
<BANKED_CODE> 1 (was BANKED_CODE)
  Relative segment, address: CODE 00002F3E - 0000301B (0xde bytes), align: 0
  Segment part 136.           Intra module refs:   load_test_data(char const *)::?relay
           ENTRY                   ADDRESS         REF BY
           =====                   =======         ======
           load_test_data(char const *)
                                   00002F3E 
               calls direct
               XSTACK = 00000000 ( 00000025 )
    -------------------------------------------------------------------------
<BANKED_CODE> 1 (was BANKED_CODE)
  Relative segment, address: CODE 0000301C - 00003023 (0x8 bytes), align: 0
  Segment part 140.           Intra module refs:   test_net_serf_qt_streaming()
           LOCAL                   ADDRESS         
           =====                   =======         
           ?Subroutine0            0000301C 
    -------------------------------------------------------------------------
<BANKED_CODE> 1 (was BANKED_CODE)
  Relative segment, address: CODE 00003024 - 00003026 (0x3 bytes), align: 0
  Segment part 153.           Intra module refs:   test_net_serf_qt_streaming()
           LOCAL                   ADDRESS         
           =====                   =======         
           ?Subroutine3            00003024 
    -------------------------------------------------------------------------
<BANKED_CODE> 1 (was BANKED_CODE)
  Relative segment, address: CODE 00003027 - 0000302D (0x7 bytes), align: 0
  Segment part 154.           Intra module refs:   ?Subroutine3
                                                   test_net_serf_qt_streaming()
    -------------------------------------------------------------------------
<BANKED_CODE> 1 (was BANKED_CODE)
  Relative segment, address: CODE 0000302E - 00003626 (0x5f9 bytes), align: 0
  Segment part 156.           Intra module refs:   test_net_serf_qt_streaming()::?relay
           ENTRY                   ADDRESS         REF BY
           =====                   =======         ======
           test_net_serf_qt_streaming()
                                   0000302E 
               calls direct
               XSTACK = 00000000 ( 0000007E )
               ISTACK = 00000000 ( 00000002 )
    -------------------------------------------------------------------------
<BANKED_CODE> 1 (was BANKED_CODE)
  Relative segment, address: CODE 00003627 - 0000362E (0x8 bytes), align: 0
  Segment part 158.           Intra module refs:   ?Subroutine16
                                                   test_net_serf_qt_streaming()
           LOCAL                   ADDRESS         
           =====                   =======         
           ?Subroutine23           00003627 
    -------------------------------------------------------------------------
<BANKED_CODE> 1 (was BANKED_CODE)
  Relative segment, address: CODE 0000362F - 00003638 (0xa bytes), align: 0
  Segment part 159.           Intra module refs:   test_net_serf_qt_streaming()
           LOCAL                   ADDRESS         
           =====                   =======         
           ?Subroutine19           0000362F 
    -------------------------------------------------------------------------
<BANKED_CODE> 1 (was BANKED_CODE)
  Relative segment, address: CODE 00003639 - 00003643 (0xb bytes), align: 0
  Segment part 160.           Intra module refs:   test_net_serf_qt_streaming()
           LOCAL                   ADDRESS         
           =====                   =======         
           ?Subroutine16           00003639 
    -------------------------------------------------------------------------
<BANKED_CODE> 1 (was BANKED_CODE)
  Relative segment, address: CODE 00003644 - 00003647 (0x4 bytes), align: 0
  Segment part 161.           Intra module refs:   test_net_serf_qt_streaming()
           LOCAL                   ADDRESS         
           =====                   =======         
           ?Subroutine14           00003644 
    -------------------------------------------------------------------------
<BANKED_CODE> 1 (was BANKED_CODE)
  Relative segment, address: CODE 00003648 - 00003650 (0x9 bytes), align: 0
  Segment part 162.           Intra module refs:   ?Subroutine13
                                                   ?Subroutine14
           LOCAL                   ADDRESS         
           =====                   =======         
           ?Subroutine25           00003648 
    -------------------------------------------------------------------------
<BANKED_CODE> 1 (was BANKED_CODE)
  Relative segment, address: CODE 00003651 - 00003658 (0x8 bytes), align: 0
  Segment part 163.           Intra module refs:   test_net_serf_qt_streaming()
           LOCAL                   ADDRESS         
           =====                   =======         
           ?Subroutine13           00003651 
    -------------------------------------------------------------------------
<BANKED_CODE> 1 (was BANKED_CODE)
  Relative segment, address: CODE 00003659 - 00003662 (0xa bytes), align: 0
  Segment part 164.           Intra module refs:   test_net_serf_qt_streaming()
           LOCAL                   ADDRESS         
           =====                   =======         
           ?Subroutine11           00003659 
    -------------------------------------------------------------------------
<BANKED_CODE> 1 (was BANKED_CODE)
  Relative segment, address: CODE 00003663 - 00003668 (0x6 bytes), align: 0
  Segment part 165.           Intra module refs:   test_net_serf_qt_streaming()
           LOCAL                   ADDRESS         
           =====                   =======         
           ?Subroutine10           00003663 
    -------------------------------------------------------------------------
<BANKED_CODE> 1 (was BANKED_CODE)
  Relative segment, address: CODE 00003669 - 0000366C (0x4 bytes), align: 0
  Segment part 166.           Intra module refs:   ?Subroutine10
                                                   test_net_serf_qt_streaming()
    -------------------------------------------------------------------------
<BANKED_CODE> 1 (was BANKED_CODE)
  Relative segment, address: CODE 0000366D - 00003672 (0x6 bytes), align: 0
  Segment part 167.           Intra module refs:   Segment part 166
                                                   Segment part 170
           LOCAL                   ADDRESS         
           =====                   =======         
           ?Subroutine24           0000366D 
    -------------------------------------------------------------------------
<BANKED_CODE> 1 (was BANKED_CODE)
  Relative segment, address: CODE 00003673 - 0000367A (0x8 bytes), align: 0
  Segment part 168.           Intra module refs:   test_net_serf_qt_streaming()
           LOCAL                   ADDRESS         
           =====                   =======         
           ?Subroutine7            00003673 
    -------------------------------------------------------------------------
<BANKED_CODE> 1 (was BANKED_CODE)
  Relative segment, address: CODE 0000367B - 00003680 (0x6 bytes), align: 0
  Segment part 170.           Intra module refs:   test_net_serf_qt_streaming()
    -------------------------------------------------------------------------
<BANKED_CODE> 1 (was BANKED_CODE)
  Relative segment, address: CODE 00003681 - 00003686 (0x6 bytes), align: 0
  Segment part 171.           Intra module refs:   test_net_serf_qt_streaming()
           LOCAL                   ADDRESS         
           =====                   =======         
           ?Subroutine4            00003681 
    -------------------------------------------------------------------------
<BANKED_CODE> 1 (was BANKED_CODE)
  Relative segment, address: CODE 00003687 - 0000368F (0x9 bytes), align: 0
  Segment part 172.           Intra module refs:   test_net_serf_qt_streaming()
           LOCAL                   ADDRESS         
           =====                   =======         
           ?Subroutine1            00003687 
    -------------------------------------------------------------------------
<BANKED_CODE> 1 (was BANKED_CODE)
  Relative segment, address: CODE 00003690 - 000036BD (0x2e bytes), align: 0
  Segment part 173.
           ENTRY                   ADDRESS         REF BY
           =====                   =======         ======
           main                    00003690        ?call_main (?cmain)
               calls direct
    -------------------------------------------------------------------------
XDATA_ID
  Relative segment, address: CODE 000000E6 - 000000F6 (0x11 bytes), align: 0
  Segment part 7.             Intra module refs:   Segment part 6
    -------------------------------------------------------------------------
XDATA_ID
  Relative segment, address: CODE 000000F7 - 0000011B (0x25 bytes), align: 0
  Segment part 9.             Intra module refs:   Segment part 8
    -------------------------------------------------------------------------
XDATA_ID
  Relative segment, address: CODE 0000011C - 00000139 (0x1e bytes), align: 0
  Segment part 11.            Intra module refs:   Segment part 10
    -------------------------------------------------------------------------
XDATA_ID
  Relative segment, address: CODE 0000013A - 00000149 (0x10 bytes), align: 0
  Segment part 15.            Intra module refs:   Segment part 14
    -------------------------------------------------------------------------
XDATA_ID
  Relative segment, address: CODE 0000014A - 0000016E (0x25 bytes), align: 0
  Segment part 79.            Intra module refs:   Segment part 78
    -------------------------------------------------------------------------
XDATA_ID
  Relative segment, address: CODE 0000016F - 00000199 (0x2b bytes), align: 0
  Segment part 81.            Intra module refs:   Segment part 80
    -------------------------------------------------------------------------
XDATA_ID
  Relative segment, address: CODE 0000019A - 000001EB (0x52 bytes), align: 0
  Segment part 83.            Intra module refs:   Segment part 82
    -------------------------------------------------------------------------
XDATA_ID
  Relative segment, address: CODE 000001EC - 00000208 (0x1d bytes), align: 0
  Segment part 85.            Intra module refs:   Segment part 84
    -------------------------------------------------------------------------
XDATA_ID
  Relative segment, address: CODE 00000209 - 0000025D (0x55 bytes), align: 0
  Segment part 87.            Intra module refs:   Segment part 86
    -------------------------------------------------------------------------
XDATA_ID
  Relative segment, address: CODE 0000025E - 0000027E (0x21 bytes), align: 0
  Segment part 89.            Intra module refs:   Segment part 88
    -------------------------------------------------------------------------
XDATA_ID
  Relative segment, address: CODE 0000027F - 00000294 (0x16 bytes), align: 0
  Segment part 91.            Intra module refs:   Segment part 90
    -------------------------------------------------------------------------
XDATA_ID
  Relative segment, address: CODE 00000295 - 000002C0 (0x2c bytes), align: 0
  Segment part 93.            Intra module refs:   Segment part 92
    -------------------------------------------------------------------------
XDATA_ID
  Relative segment, address: CODE 000002C1 - 000002EB (0x2b bytes), align: 0
  Segment part 95.            Intra module refs:   Segment part 94
    -------------------------------------------------------------------------
XDATA_ID
  Relative segment, address: CODE 000002EC - 00000307 (0x1c bytes), align: 0
  Segment part 97.            Intra module refs:   Segment part 96
    -------------------------------------------------------------------------
XDATA_ID
  Relative segment, address: CODE 00000308 - 0000032C (0x25 bytes), align: 0
  Segment part 99.            Intra module refs:   Segment part 98
    -------------------------------------------------------------------------
XDATA_ID
  Relative segment, address: CODE 0000032D - 00000350 (0x24 bytes), align: 0
  Segment part 101.           Intra module refs:   Segment part 100
    -------------------------------------------------------------------------
XDATA_ID
  Relative segment, address: CODE 00000351 - 00000366 (0x16 bytes), align: 0
  Segment part 103.           Intra module refs:   Segment part 102
    -------------------------------------------------------------------------
XDATA_ID
  Relative segment, address: CODE 00000367 - 00000389 (0x23 bytes), align: 0
  Segment part 105.           Intra module refs:   Segment part 104
    -------------------------------------------------------------------------
XDATA_ID
  Relative segment, address: CODE 0000038A - 000003AC (0x23 bytes), align: 0
  Segment part 107.           Intra module refs:   Segment part 106
    -------------------------------------------------------------------------
XDATA_ID
  Relative segment, address: CODE 000003AD - 000003CD (0x21 bytes), align: 0
  Segment part 109.           Intra module refs:   Segment part 108
    -------------------------------------------------------------------------
XDATA_ID
  Relative segment, address: CODE 000003CE - 000003E9 (0x1c bytes), align: 0
  Segment part 111.           Intra module refs:   Segment part 110
    -------------------------------------------------------------------------
XDATA_ID
  Relative segment, address: CODE 000003EA - 00000419 (0x30 bytes), align: 0
  Segment part 113.           Intra module refs:   Segment part 112
    -------------------------------------------------------------------------
XDATA_ID
  Relative segment, address: CODE 0000041A - 0000042C (0x13 bytes), align: 0
  Segment part 115.           Intra module refs:   Segment part 114
    -------------------------------------------------------------------------
XDATA_ID
  Relative segment, address: CODE 0000042D - 00000443 (0x17 bytes), align: 0
  Segment part 117.           Intra module refs:   Segment part 116
    -------------------------------------------------------------------------
XDATA_ID
  Relative segment, address: CODE 00000444 - 00000459 (0x16 bytes), align: 0
  Segment part 119.           Intra module refs:   Segment part 118
    -------------------------------------------------------------------------
XDATA_ID
  Relative segment, address: CODE 0000045A - 0000045D (0x4 bytes), align: 0
  Segment part 131.           Intra module refs:   __Constant_42c80000
    -------------------------------------------------------------------------
XDATA_ID
  Relative segment, address: CODE 0000045E - 00000461 (0x4 bytes), align: 0
  Segment part 133.           Intra module refs:   __Constant_38d1b718
    -------------------------------------------------------------------------
BANK_RELAYS
  Relative segment, address: CODE 00000586 - 0000058B (0x6 bytes), align: 0
  Segment part 137.           Intra module refs:   main
           ENTRY                   ADDRESS         REF BY
           =====                   =======         ======
           load_test_data(char const *)::?relay
                                   00000586 
    -------------------------------------------------------------------------
BANK_RELAYS
  Relative segment, address: CODE 0000058C - 00000591 (0x6 bytes), align: 0
  Segment part 157.           Intra module refs:   main
           ENTRY                   ADDRESS         REF BY
           =====                   =======         ======
           test_net_serf_qt_streaming()::?relay
                                   0000058C 
    -------------------------------------------------------------------------
XDATA_I
  Relative segment, address: XDATA 00000A3B - 00000A4B (0x11 bytes), align: 0
  Segment part 6.             Intra module refs:   load_test_data(char const *)
    -------------------------------------------------------------------------
XDATA_I
  Relative segment, address: XDATA 00000A4C - 00000A70 (0x25 bytes), align: 0
  Segment part 8.             Intra module refs:   load_test_data(char const *)
    -------------------------------------------------------------------------
XDATA_I
  Relative segment, address: XDATA 00000A71 - 00000A8E (0x1e bytes), align: 0
  Segment part 10.            Intra module refs:   load_test_data(char const *)
    -------------------------------------------------------------------------
XDATA_I
  Relative segment, address: XDATA 00000A8F - 00000A9E (0x10 bytes), align: 0
  Segment part 14.            Intra module refs:   test_net_serf_qt_streaming()
    -------------------------------------------------------------------------
XDATA_I
  Relative segment, address: XDATA 00000A9F - 00000AC3 (0x25 bytes), align: 0
  Segment part 78.            Intra module refs:   test_net_serf_qt_streaming()
    -------------------------------------------------------------------------
XDATA_I
  Relative segment, address: XDATA 00000AC4 - 00000AEE (0x2b bytes), align: 0
  Segment part 80.            Intra module refs:   test_net_serf_qt_streaming()
    -------------------------------------------------------------------------
XDATA_I
  Relative segment, address: XDATA 00000AEF - 00000B40 (0x52 bytes), align: 0
  Segment part 82.            Intra module refs:   test_net_serf_qt_streaming()
    -------------------------------------------------------------------------
XDATA_I
  Relative segment, address: XDATA 00000B41 - 00000B5D (0x1d bytes), align: 0
  Segment part 84.            Intra module refs:   test_net_serf_qt_streaming()
    -------------------------------------------------------------------------
XDATA_I
  Relative segment, address: XDATA 00000B5E - 00000BB2 (0x55 bytes), align: 0
  Segment part 86.            Intra module refs:   test_net_serf_qt_streaming()
    -------------------------------------------------------------------------
XDATA_I
  Relative segment, address: XDATA 00000BB3 - 00000BD3 (0x21 bytes), align: 0
  Segment part 88.            Intra module refs:   test_net_serf_qt_streaming()
    -------------------------------------------------------------------------
XDATA_I
  Relative segment, address: XDATA 00000BD4 - 00000BE9 (0x16 bytes), align: 0
  Segment part 90.            Intra module refs:   test_net_serf_qt_streaming()
    -------------------------------------------------------------------------
XDATA_I
  Relative segment, address: XDATA 00000BEA - 00000C15 (0x2c bytes), align: 0
  Segment part 92.            Intra module refs:   test_net_serf_qt_streaming()
    -------------------------------------------------------------------------
XDATA_I
  Relative segment, address: XDATA 00000C16 - 00000C40 (0x2b bytes), align: 0
  Segment part 94.            Intra module refs:   test_net_serf_qt_streaming()
    -------------------------------------------------------------------------
XDATA_I
  Relative segment, address: XDATA 00000C41 - 00000C5C (0x1c bytes), align: 0
  Segment part 96.            Intra module refs:   test_net_serf_qt_streaming()
    -------------------------------------------------------------------------
XDATA_I
  Relative segment, address: XDATA 00000C5D - 00000C81 (0x25 bytes), align: 0
  Segment part 98.            Intra module refs:   test_net_serf_qt_streaming()
    -------------------------------------------------------------------------
XDATA_I
  Relative segment, address: XDATA 00000C82 - 00000CA5 (0x24 bytes), align: 0
  Segment part 100.           Intra module refs:   test_net_serf_qt_streaming()
    -------------------------------------------------------------------------
XDATA_I
  Relative segment, address: XDATA 00000CA6 - 00000CBB (0x16 bytes), align: 0
  Segment part 102.           Intra module refs:   test_net_serf_qt_streaming()
    -------------------------------------------------------------------------
XDATA_I
  Relative segment, address: XDATA 00000CBC - 00000CDE (0x23 bytes), align: 0
  Segment part 104.           Intra module refs:   test_net_serf_qt_streaming()
    -------------------------------------------------------------------------
XDATA_I
  Relative segment, address: XDATA 00000CDF - 00000D01 (0x23 bytes), align: 0
  Segment part 106.           Intra module refs:   test_net_serf_qt_streaming()
    -------------------------------------------------------------------------
XDATA_I
  Relative segment, address: XDATA 00000D02 - 00000D22 (0x21 bytes), align: 0
  Segment part 108.           Intra module refs:   test_net_serf_qt_streaming()
    -------------------------------------------------------------------------
XDATA_I
  Relative segment, address: XDATA 00000D23 - 00000D3E (0x1c bytes), align: 0
  Segment part 110.           Intra module refs:   test_net_serf_qt_streaming()
    -------------------------------------------------------------------------
XDATA_I
  Relative segment, address: XDATA 00000D3F - 00000D6E (0x30 bytes), align: 0
  Segment part 112.           Intra module refs:   main
    -------------------------------------------------------------------------
XDATA_I
  Relative segment, address: XDATA 00000D6F - 00000D81 (0x13 bytes), align: 0
  Segment part 114.           Intra module refs:   main
    -------------------------------------------------------------------------
XDATA_I
  Relative segment, address: XDATA 00000D82 - 00000D98 (0x17 bytes), align: 0
  Segment part 116.           Intra module refs:   main
    -------------------------------------------------------------------------
XDATA_I
  Relative segment, address: XDATA 00000D99 - 00000DAE (0x16 bytes), align: 0
  Segment part 118.           Intra module refs:   main
    -------------------------------------------------------------------------
XDATA_I
  Relative segment, address: XDATA 00000DAF - 00000DB2 (0x4 bytes), align: 0
  Segment part 130.           Intra module refs:   test_net_serf_qt_streaming()
           ENTRY                   ADDRESS         REF BY
           =====                   =======         ======
           __Constant_42c80000     00000DAF 
    -------------------------------------------------------------------------
XDATA_I
  Relative segment, address: XDATA 00000DB3 - 00000DB6 (0x4 bytes), align: 0
  Segment part 132.           Intra module refs:   test_net_serf_qt_streaming()
           ENTRY                   ADDRESS         REF BY
           =====                   =======         ======
           __Constant_38d1b718     00000DB3 

    *************************************************************************

  FILE NAME : E:\实验室Start\TrajectoryCompression\Serf_Embedded\Debug\Obj\input_bit_stream.r51
  PROGRAM MODULE, NAME : input_bit_stream

  SEGMENTS IN THE MODULE
  ======================
<BANKED_CODE> 1 (was BANKED_CODE)
  Relative segment, address: CODE 000036BE - 000036F8 (0x3b bytes), align: 0
  Segment part 20.            Intra module refs:   InputBitStream::InputBitStream()::?relay
           ENTRY                   ADDRESS         REF BY
           =====                   =======         ======
           InputBitStream::InputBitStream()
                                   000036BE 
               XSTACK = 0000000A ( 00000000 )
               ISTACK = 00000000 ( 00000002 )
    -------------------------------------------------------------------------
<BANKED_CODE> 1 (was BANKED_CODE)
  Relative segment, address: CODE 000036F9 - 00003702 (0xa bytes), align: 0
  Segment part 22.            Intra module refs:   InputBitStream::InputBitStream()
           LOCAL                   ADDRESS         
           =====                   =======         
           ?Subroutine7            000036F9 
    -------------------------------------------------------------------------
<BANKED_CODE> 1 (was BANKED_CODE)
  Relative segment, address: CODE 00003703 - 00003709 (0x7 bytes), align: 0
  Segment part 23.            Intra module refs:   InputBitStream::InputBitStream()
           LOCAL                   ADDRESS         
           =====                   =======         
           ?Subroutine4            00003703 
    -------------------------------------------------------------------------
<BANKED_CODE> 1 (was BANKED_CODE)
  Relative segment, address: CODE 0000370A - 0000370E (0x5 bytes), align: 0
  Segment part 24.            Intra module refs:   ?Subroutine4
                                                   InputBitStream::InputBitStream()
    -------------------------------------------------------------------------
<BANKED_CODE> 1 (was BANKED_CODE)
  Relative segment, address: CODE 0000370F - 00003713 (0x5 bytes), align: 0
  Segment part 27.            Intra module refs:   InputBitStream::HasMoreData() const
                                                   InputBitStream::ReadBit()
           LOCAL                   ADDRESS         
           =====                   =======         
           ?Subroutine0            0000370F 
    -------------------------------------------------------------------------
<BANKED_CODE> 1 (was BANKED_CODE)
  Relative segment, address: CODE 00003714 - 00003715 (0x2 bytes), align: 0
  Segment part 28.            Intra module refs:   InputBitStream::InputBitStream()
           LOCAL                   ADDRESS         
           =====                   =======         
           ?Subroutine6            00003714 
    -------------------------------------------------------------------------
<BANKED_CODE> 1 (was BANKED_CODE)
  Relative segment, address: CODE 00003716 - 00003716 (0x1 bytes), align: 0
  Segment part 29.            Intra module refs:   ?Subroutine6
                                                   InputBitStream::Peek(uint32_t)
    -------------------------------------------------------------------------
<BANKED_CODE> 1 (was BANKED_CODE)
  Relative segment, address: CODE 00003717 - 0000371A (0x4 bytes), align: 0
  Segment part 30.            Intra module refs:   InputBitStream::InputBitStream()
                                                   Segment part 29
    -------------------------------------------------------------------------
<BANKED_CODE> 1 (was BANKED_CODE)
  Relative segment, address: CODE 0000371B - 0000389C (0x182 bytes), align: 0
  Segment part 33.            Intra module refs:   InputBitStream::Peek(uint32_t)::?relay
           ENTRY                   ADDRESS         REF BY
           =====                   =======         ======
           InputBitStream::Peek(uint32_t)
                                   0000371B 
               XSTACK = 00000014 ( 00000020 )
               ISTACK = 00000000 ( 00000004 )
    -------------------------------------------------------------------------
<BANKED_CODE> 1 (was BANKED_CODE)
  Relative segment, address: CODE 0000389D - 000038A1 (0x5 bytes), align: 0
  Segment part 35.            Intra module refs:   InputBitStream::Forward(uint32_t)
                                                   InputBitStream::Peek(uint32_t)
                                                   InputBitStream::SetBuffer(Array<uint8_t> const &)
           LOCAL                   ADDRESS         
           =====                   =======         
           ?Subroutine2            0000389D 
    -------------------------------------------------------------------------
<BANKED_CODE> 1 (was BANKED_CODE)
  Relative segment, address: CODE 000038A2 - 000038E2 (0x41 bytes), align: 0
  Segment part 36.            Intra module refs:   InputBitStream::ReadInt(uint32_t)
           LOCAL                   ADDRESS         
           =====                   =======         
           ?Subroutine1            000038A2 
    -------------------------------------------------------------------------
<BANKED_CODE> 1 (was BANKED_CODE)
  Relative segment, address: CODE 000038E3 - 000038E7 (0x5 bytes), align: 0
  Segment part 37.            Intra module refs:   ?Subroutine1
                                                   ?Subroutine2
    -------------------------------------------------------------------------
<BANKED_CODE> 1 (was BANKED_CODE)
  Relative segment, address: CODE 000038E8 - 00003A1F (0x138 bytes), align: 0
  Segment part 38.            Intra module refs:   InputBitStream::Forward(uint32_t)::?relay
           ENTRY                   ADDRESS         REF BY
           =====                   =======         ======
           InputBitStream::Forward(uint32_t)
                                   000038E8 
               XSTACK = 00000014 ( 00000016 )
    -------------------------------------------------------------------------
<BANKED_CODE> 1 (was BANKED_CODE)
  Relative segment, address: CODE 00003A20 - 00003A25 (0x6 bytes), align: 0
  Segment part 40.            Intra module refs:   InputBitStream::Forward(uint32_t)
                                                   InputBitStream::InputBitStream()
                                                   InputBitStream::ReadBit()
           LOCAL                   ADDRESS         
           =====                   =======         
           ?Subroutine9            00003A20 
    -------------------------------------------------------------------------
<BANKED_CODE> 1 (was BANKED_CODE)
  Relative segment, address: CODE 00003A26 - 00003A28 (0x3 bytes), align: 0
  Segment part 43.            Intra module refs:   InputBitStream::ReadInt(uint32_t)::?relay
           ENTRY                   ADDRESS         REF BY
           =====                   =======         ======
           InputBitStream::ReadInt(uint32_t)
                                   00003A26 
               calls direct
               XSTACK = 00000004 ( 00000014 )
    -------------------------------------------------------------------------
<BANKED_CODE> 1 (was BANKED_CODE)
  Relative segment, address: CODE 00003A29 - 00003A86 (0x5e bytes), align: 0
  Segment part 45.            Intra module refs:   InputBitStream::ReadBit()::?relay
           ENTRY                   ADDRESS         REF BY
           =====                   =======         ======
           InputBitStream::ReadBit()
                                   00003A29 
               calls direct
               XSTACK = 00000000 ( 00000010 )
    -------------------------------------------------------------------------
<BANKED_CODE> 1 (was BANKED_CODE)
  Relative segment, address: CODE 00003A87 - 00003A8F (0x9 bytes), align: 0
  Segment part 47.            Intra module refs:   InputBitStream::HasMoreData() const
                                                   InputBitStream::Peek(uint32_t)
                                                   InputBitStream::ReadBit()
           LOCAL                   ADDRESS         
           =====                   =======         
           ?Subroutine15           00003A87 
    -------------------------------------------------------------------------
<BANKED_CODE> 1 (was BANKED_CODE)
  Relative segment, address: CODE 00003A90 - 00003AE0 (0x51 bytes), align: 0
  Segment part 48.            Intra module refs:   InputBitStream::HasMoreData() const::?relay
           ENTRY                   ADDRESS         REF BY
           =====                   =======         ======
           InputBitStream::HasMoreData() const
                                   00003A90 
               XSTACK = 00000000 ( 0000000C )
    -------------------------------------------------------------------------
<BANKED_CODE> 1 (was BANKED_CODE)
  Relative segment, address: CODE 00003AE1 - 00003AEC (0xc bytes), align: 0
  Segment part 50.            Intra module refs:   InputBitStream::HasMoreData() const
           LOCAL                   ADDRESS         
           =====                   =======         
           ?Subroutine12           00003AE1 
    -------------------------------------------------------------------------
<BANKED_CODE> 1 (was BANKED_CODE)
  Relative segment, address: CODE 00003AED - 00003CDE (0x1f2 bytes), align: 0
  Segment part 51.            Intra module refs:   InputBitStream::SetBuffer(Array<uint8_t> const &)::?relay
           ENTRY                   ADDRESS         REF BY
           =====                   =======         ======
           InputBitStream::SetBuffer(Array<uint8_t> const &)
                                   00003AED 
               calls direct
               XSTACK = 00000000 ( 0000001E )
    -------------------------------------------------------------------------
<BANKED_CODE> 1 (was BANKED_CODE)
  Relative segment, address: CODE 00003CDF - 00003CE2 (0x4 bytes), align: 0
  Segment part 53.            Intra module refs:   InputBitStream::SetBuffer(Array<uint8_t> const &)
           LOCAL                   ADDRESS         
           =====                   =======         
           ?Subroutine14           00003CDF 
    -------------------------------------------------------------------------
<BANKED_CODE> 1 (was BANKED_CODE)
  Relative segment, address: CODE 00003CE3 - 00003CEB (0x9 bytes), align: 0
  Segment part 54.            Intra module refs:   ?Subroutine10
                                                   ?Subroutine13
                                                   ?Subroutine14
                                                   ?Subroutine3
           LOCAL                   ADDRESS         
           =====                   =======         
           ?Subroutine18           00003CE3 
    -------------------------------------------------------------------------
<BANKED_CODE> 1 (was BANKED_CODE)
  Relative segment, address: CODE 00003CEC - 00003CF0 (0x5 bytes), align: 0
  Segment part 55.            Intra module refs:   InputBitStream::SetBuffer(Array<uint8_t> const &)
           LOCAL                   ADDRESS         
           =====                   =======         
           ?Subroutine13           00003CEC 
    -------------------------------------------------------------------------
<BANKED_CODE> 1 (was BANKED_CODE)
  Relative segment, address: CODE 00003CF1 - 00003CF8 (0x8 bytes), align: 0
  Segment part 56.            Intra module refs:   InputBitStream::SetBuffer(Array<uint8_t> const &)
           LOCAL                   ADDRESS         
           =====                   =======         
           ?Subroutine11           00003CF1 
    -------------------------------------------------------------------------
<BANKED_CODE> 1 (was BANKED_CODE)
  Relative segment, address: CODE 00003CF9 - 00003CFB (0x3 bytes), align: 0
  Segment part 57.            Intra module refs:   InputBitStream::SetBuffer(Array<uint8_t> const &)
           LOCAL                   ADDRESS         
           =====                   =======         
           ?Subroutine10           00003CF9 
    -------------------------------------------------------------------------
<BANKED_CODE> 1 (was BANKED_CODE)
  Relative segment, address: CODE 00003CFC - 00003D03 (0x8 bytes), align: 0
  Segment part 58.            Intra module refs:   ?Subroutine10
                                                   InputBitStream::SetBuffer(Array<uint8_t> const &)
    -------------------------------------------------------------------------
<BANKED_CODE> 1 (was BANKED_CODE)
  Relative segment, address: CODE 00003D04 - 00003D2F (0x2c bytes), align: 0
  Segment part 59.            Intra module refs:   InputBitStream::SetBuffer(Array<uint8_t> const &)
           LOCAL                   ADDRESS         
           =====                   =======         
           ?Subroutine3            00003D04 
    -------------------------------------------------------------------------
<BANKED_CODE> 1 (was BANKED_CODE)
  Relative segment, address: CODE 00003D30 - 00003D37 (0x8 bytes), align: 0
  Segment part 60.            Intra module refs:   ?Subroutine3
                                                   Segment part 24
                                                   Segment part 30
           LOCAL                   ADDRESS         
           =====                   =======         
           ?Subroutine17           00003D30 
    -------------------------------------------------------------------------
<BANKED_CODE> 1 (was BANKED_CODE)
  Relative segment, address: CODE 00003D38 - 00003D3D (0x6 bytes), align: 0
  Segment part 61.            Intra module refs:   ?Subroutine3
           LOCAL                   ADDRESS         
           =====                   =======         
           ?Subroutine16           00003D38 
    -------------------------------------------------------------------------
<BANKED_CODE> 1 (was BANKED_CODE)
  Relative segment, address: CODE 00003D3E - 00003D51 (0x14 bytes), align: 0
  Segment part 62.            Intra module refs:   ?Subroutine16
                                                   ?Subroutine3
    -------------------------------------------------------------------------
<BANKED_CODE> 1 (was BANKED_CODE)
  Relative segment, address: CODE 00003D52 - 00003D5B (0xa bytes), align: 0
  Segment part 65.            Intra module refs:   InputBitStream::HasMoreData() const
           LOCAL                   ADDRESS         
           =====                   =======         
           ?Subroutine8            00003D52 
    -------------------------------------------------------------------------
<BANKED_CODE> 1 (was BANKED_CODE)
  Relative segment, address: CODE 00003D5C - 00003E2E (0xd3 bytes), align: 0
  Segment part 66.            Intra module refs:   Array<uint32_t>::operator=(Array<uint32_t> const &)::?relay
           ENTRY                   ADDRESS         REF BY
           =====                   =======         ======
           Array<uint32_t>::operator=(Array<uint32_t> const &)
                                   00003D5C 
               calls direct
               XSTACK = 0000001C ( 00000010 )
    -------------------------------------------------------------------------
XDATA_ID
  Relative segment, address: CODE 00000462 - 00000498 (0x37 bytes), align: 0
  Segment part 7.             Intra module refs:   Segment part 6
    -------------------------------------------------------------------------
XDATA_ID
  Relative segment, address: CODE 00000499 - 0000049C (0x4 bytes), align: 0
  Segment part 9.             Intra module refs:   __Constant_21
    -------------------------------------------------------------------------
XDATA_ID
  Relative segment, address: CODE 0000049D - 000004A0 (0x4 bytes), align: 0
  Segment part 13.            Intra module refs:   __Constant_8
    -------------------------------------------------------------------------
XDATA_ID
  Relative segment, address: CODE 000004A1 - 000004A4 (0x4 bytes), align: 0
  Segment part 15.            Intra module refs:   __Constant_fffffff8
    -------------------------------------------------------------------------
XDATA_ID
  Relative segment, address: CODE 000004A5 - 000004A8 (0x4 bytes), align: 0
  Segment part 17.            Intra module refs:   __Constant_3e800000
    -------------------------------------------------------------------------
BANK_RELAYS
  Relative segment, address: CODE 00000592 - 00000597 (0x6 bytes), align: 0
  Segment part 21.
           ENTRY                   ADDRESS         REF BY
           =====                   =======         ======
           InputBitStream::InputBitStream()::?relay
                                   00000592        NetSerfQtDecompressor::NetSerfQtDecompressor(double) (net_serf_qt_decompressor)
    -------------------------------------------------------------------------
BANK_RELAYS
  Relative segment, address: CODE 00000598 - 0000059D (0x6 bytes), align: 0
  Segment part 34.            Intra module refs:   ?Subroutine1
                                                   InputBitStream::ReadBit()
           ENTRY                   ADDRESS         REF BY
           =====                   =======         ======
           InputBitStream::Peek(uint32_t)::?relay
                                   00000598 
    -------------------------------------------------------------------------
BANK_RELAYS
  Relative segment, address: CODE 0000059E - 000005A3 (0x6 bytes), align: 0
  Segment part 39.            Intra module refs:   ?Subroutine1
                                                   InputBitStream::ReadBit()
           ENTRY                   ADDRESS         REF BY
           =====                   =======         ======
           InputBitStream::Forward(uint32_t)::?relay
                                   0000059E 
    -------------------------------------------------------------------------
BANK_RELAYS
  Relative segment, address: CODE 000005A4 - 000005A9 (0x6 bytes), align: 0
  Segment part 44.
           ENTRY                   ADDRESS         REF BY
           =====                   =======         ======
           InputBitStream::ReadInt(uint32_t)::?relay
                                   000005A4        EliasGammaCodec::Decode(InputBitStream *) (elias_gamma_codec)
                                                   NetSerfQtDecompressor::Decompress(Array<uint8_t> &) (net_serf_qt_decompressor)
    -------------------------------------------------------------------------
BANK_RELAYS
  Relative segment, address: CODE 000005AA - 000005AF (0x6 bytes), align: 0
  Segment part 46.
           ENTRY                   ADDRESS         REF BY
           =====                   =======         ======
           InputBitStream::ReadBit()::?relay
                                   000005AA        EliasGammaCodec::Decode(InputBitStream *) (elias_gamma_codec)
    -------------------------------------------------------------------------
BANK_RELAYS
  Relative segment, address: CODE 000005B0 - 000005B5 (0x6 bytes), align: 0
  Segment part 49.
           ENTRY                   ADDRESS         REF BY
           =====                   =======         ======
           InputBitStream::HasMoreData() const::?relay
                                   000005B0        EliasGammaCodec::Decode(InputBitStream *) (elias_gamma_codec)
    -------------------------------------------------------------------------
BANK_RELAYS
  Relative segment, address: CODE 000005B6 - 000005BB (0x6 bytes), align: 0
  Segment part 52.
           ENTRY                   ADDRESS         REF BY
           =====                   =======         ======
           InputBitStream::SetBuffer(Array<uint8_t> const &)::?relay
                                   000005B6        NetSerfQtDecompressor::Decompress(Array<uint8_t> &) (net_serf_qt_decompressor)
    -------------------------------------------------------------------------
BANK_RELAYS
  Relative segment, address: CODE 000005BC - 000005C1 (0x6 bytes), align: 0
  Segment part 67.            Intra module refs:   InputBitStream::SetBuffer(Array<uint8_t> const &)
           ENTRY                   ADDRESS         REF BY
           =====                   =======         ======
           Array<uint32_t>::operator=(Array<uint32_t> const &)::?relay
                                   000005BC 
    -------------------------------------------------------------------------
XDATA_I
  Relative segment, address: XDATA 00000DB7 - 00000DED (0x37 bytes), align: 0
  Segment part 6.             Intra module refs:   InputBitStream::SetBuffer(Array<uint8_t> const &)
    -------------------------------------------------------------------------
XDATA_I
  Relative segment, address: XDATA 00000DEE - 00000DF1 (0x4 bytes), align: 0
  Segment part 8.             Intra module refs:   InputBitStream::Peek(uint32_t)
                                                   OutputBitStream::Write(uint32_t, uint32_t) (output_bit_stream)
           ENTRY                   ADDRESS         REF BY
           =====                   =======         ======
           __Constant_21           00000DEE 
    -------------------------------------------------------------------------
XDATA_I
  Relative segment, address: XDATA 00000DF2 - 00000DF5 (0x4 bytes), align: 0
  Segment part 12.            Intra module refs:   InputBitStream::Forward(uint32_t)
                                                   InputBitStream::Peek(uint32_t)
                                                   OutputBitStream::Write(uint32_t, uint32_t) (output_bit_stream)
           ENTRY                   ADDRESS         REF BY
           =====                   =======         ======
           __Constant_8            00000DF2 
    -------------------------------------------------------------------------
XDATA_I
  Relative segment, address: XDATA 00000DF6 - 00000DF9 (0x4 bytes), align: 0
  Segment part 14.            Intra module refs:   InputBitStream::Forward(uint32_t)
           ENTRY                   ADDRESS         REF BY
           =====                   =======         ======
           __Constant_fffffff8     00000DF6 
    -------------------------------------------------------------------------
XDATA_I
  Relative segment, address: XDATA 00000DFA - 00000DFD (0x4 bytes), align: 0
  Segment part 16.            Intra module refs:   InputBitStream::SetBuffer(Array<uint8_t> const &)
           ENTRY                   ADDRESS         REF BY
           =====                   =======         ======
[...]
  Segment part 152.           Intra module refs:   Segment part 151
                                                   _GenldLargeNoMb
    -------------------------------------------------------------------------
<BANKED_CODE> 1 (was BANKED_CODE)
  Relative segment, address: CODE 00002E8E - 00002EE0 (0x53 bytes), align: 0
  Segment part 153.           Intra module refs:   _PutcharLargeNoMb::?relay
           LOCAL                   ADDRESS         
           =====                   =======         
           _PutcharLargeNoMb       00002E8E 
               XSTACK = 0000006C ( 0000000E )
    -------------------------------------------------------------------------
<BANKED_CODE> 1 (was BANKED_CODE)
  Relative segment, address: CODE 00002EE1 - 00002F32 (0x52 bytes), align: 0
  Segment part 155.           Intra module refs:   _PutcharsLargeNoMb::?relay
           LOCAL                   ADDRESS         
           =====                   =======         
           _PutcharsLargeNoMb      00002EE1 
               calls direct
               XSTACK = 00000070 ( 00000010 )
    -------------------------------------------------------------------------
<BANKED_CODE> 1 (was BANKED_CODE)
  Relative segment, address: CODE 00002F33 - 00002F3D (0xb bytes), align: 0
  Segment part 157.           Intra module refs:   Segment part 119
                                                   _PutcharsLargeNoMb
    -------------------------------------------------------------------------
XDATA_ID
  Relative segment, address: CODE 00000535 - 0000053B (0x7 bytes), align: 0
  Segment part 7.             Intra module refs:   Segment part 6
    -------------------------------------------------------------------------
XDATA_ID
  Relative segment, address: CODE 0000053C - 0000053F (0x4 bytes), align: 0
  Segment part 9.             Intra module refs:   Segment part 8
    -------------------------------------------------------------------------
XDATA_ID
  Relative segment, address: CODE 00000540 - 00000543 (0x4 bytes), align: 0
  Segment part 11.            Intra module refs:   Segment part 10
    -------------------------------------------------------------------------
XDATA_ID
  Relative segment, address: CODE 00000544 - 00000547 (0x4 bytes), align: 0
  Segment part 13.            Intra module refs:   Segment part 12
    -------------------------------------------------------------------------
XDATA_ID
  Relative segment, address: CODE 00000548 - 0000054B (0x4 bytes), align: 0
  Segment part 15.            Intra module refs:   Segment part 14
    -------------------------------------------------------------------------
XDATA_ID
  Relative segment, address: CODE 0000054C - 0000054D (0x2 bytes), align: 0
  Segment part 17.            Intra module refs:   Segment part 16
    -------------------------------------------------------------------------
XDATA_ID
  Relative segment, address: CODE 0000054E - 00000551 (0x4 bytes), align: 0
  Segment part 19.            Intra module refs:   __Constant_ffff
    -------------------------------------------------------------------------
XDATA_ID
  Relative segment, address: CODE 00000552 - 00000555 (0x4 bytes), align: 0
  Segment part 23.            Intra module refs:   __Constant_7597
    -------------------------------------------------------------------------
XDATA_ID
  Relative segment, address: CODE 00000556 - 00000559 (0x4 bytes), align: 0
  Segment part 25.            Intra module refs:   __Constant_186a0
    -------------------------------------------------------------------------
XDATA_ID
  Relative segment, address: CODE 0000055A - 0000055D (0x4 bytes), align: 0
  Segment part 29.            Intra module refs:   __Constant_a
    -------------------------------------------------------------------------
XDATA_ID
  Relative segment, address: CODE 0000055E - 00000561 (0x4 bytes), align: 0
  Segment part 31.            Intra module refs:   __Constant_4cbebc20
    -------------------------------------------------------------------------
BANK_RELAYS
  Relative segment, address: CODE 000006A0 - 000006A5 (0x6 bytes), align: 0
  Segment part 33.
           ENTRY                   ADDRESS         REF BY
           =====                   =======         ======
           _PrintfLargeNoMb::?relay
                                   000006A0        printf (?printf)
    -------------------------------------------------------------------------
BANK_RELAYS
  Relative segment, address: CODE 000006A6 - 000006AB (0x6 bytes), align: 0
  Segment part 63.            Intra module refs:   _PrintfLargeNoMb
           LOCAL                   ADDRESS         
           =====                   =======         
           pad::?relay             000006A6 
    -------------------------------------------------------------------------
BANK_RELAYS
  Relative segment, address: CODE 000006AC - 000006B1 (0x6 bytes), align: 0
  Segment part 65.            Intra module refs:   _PrintfLargeNoMb
           LOCAL                   ADDRESS         
           =====                   =======         
           _LitobLargeNoMb::?relay
                                   000006AC 
    -------------------------------------------------------------------------
BANK_RELAYS
  Relative segment, address: CODE 000006B2 - 000006B7 (0x6 bytes), align: 0
  Segment part 79.            Intra module refs:   _LdtobLargeNoMb
           LOCAL                   ADDRESS         
           =====                   =======         
           scale::?relay           000006B2 
    -------------------------------------------------------------------------
BANK_RELAYS
  Relative segment, address: CODE 000006B8 - 000006BD (0x6 bytes), align: 0
  Segment part 82.            Intra module refs:   _PrintfLargeNoMb
           LOCAL                   ADDRESS         
           =====                   =======         
           _LdtobLargeNoMb::?relay
                                   000006B8 
    -------------------------------------------------------------------------
BANK_RELAYS
  Relative segment, address: CODE 000006BE - 000006C3 (0x6 bytes), align: 0
  Segment part 115.           Intra module refs:   _LdtobLargeNoMb
           LOCAL                   ADDRESS         
           =====                   =======         
           _GenldLargeNoMb::?relay
                                   000006BE 
    -------------------------------------------------------------------------
BANK_RELAYS
  Relative segment, address: CODE 000006C4 - 000006C9 (0x6 bytes), align: 0
  Segment part 154.           Intra module refs:   _PrintfLargeNoMb
                                                   _PutcharsLargeNoMb
           LOCAL                   ADDRESS         
           =====                   =======         
           _PutcharLargeNoMb::?relay
                                   000006C4 
    -------------------------------------------------------------------------
BANK_RELAYS
  Relative segment, address: CODE 000006CA - 000006CF (0x6 bytes), align: 0
  Segment part 156.           Intra module refs:   _PrintfLargeNoMb
                                                   pad
           LOCAL                   ADDRESS         
           =====                   =======         
           _PutcharsLargeNoMb::?relay
                                   000006CA 
    -------------------------------------------------------------------------
XDATA_I
  Relative segment, address: XDATA 00000E8A - 00000E90 (0x7 bytes), align: 0
  Segment part 6.             Intra module refs:   _PrintfLargeNoMb
    -------------------------------------------------------------------------
XDATA_I
  Relative segment, address: XDATA 00000E91 - 00000E94 (0x4 bytes), align: 0
  Segment part 8.             Intra module refs:   _LdtobLargeNoMb
    -------------------------------------------------------------------------
XDATA_I
  Relative segment, address: XDATA 00000E95 - 00000E98 (0x4 bytes), align: 0
  Segment part 10.            Intra module refs:   _LdtobLargeNoMb
    -------------------------------------------------------------------------
XDATA_I
  Relative segment, address: XDATA 00000E99 - 00000E9C (0x4 bytes), align: 0
  Segment part 12.            Intra module refs:   _LdtobLargeNoMb
    -------------------------------------------------------------------------
XDATA_I
  Relative segment, address: XDATA 00000E9D - 00000EA0 (0x4 bytes), align: 0
  Segment part 14.            Intra module refs:   _LdtobLargeNoMb
    -------------------------------------------------------------------------
XDATA_I
  Relative segment, address: XDATA 00000EA1 - 00000EA2 (0x2 bytes), align: 0
  Segment part 16.            Intra module refs:   _GenldLargeNoMb
    -------------------------------------------------------------------------
XDATA_I
  Relative segment, address: XDATA 00000EA3 - 00000EA6 (0x4 bytes), align: 0
  Segment part 18.            Intra module refs:   _PrintfLargeNoMb
           ENTRY                   ADDRESS         REF BY
           =====                   =======         ======
           __Constant_ffff         00000EA3 
    -------------------------------------------------------------------------
XDATA_I
  Relative segment, address: XDATA 00000EA7 - 00000EAA (0x4 bytes), align: 0
  Segment part 22.            Intra module refs:   _LdtobLargeNoMb
           ENTRY                   ADDRESS         REF BY
           =====                   =======         ======
           __Constant_7597         00000EA7 
    -------------------------------------------------------------------------
XDATA_I
  Relative segment, address: XDATA 00000EAB - 00000EAE (0x4 bytes), align: 0
  Segment part 24.            Intra module refs:   _LdtobLargeNoMb
           ENTRY                   ADDRESS         REF BY
           =====                   =======         ======
           __Constant_186a0        00000EAB 
    -------------------------------------------------------------------------
XDATA_I
  Relative segment, address: XDATA 00000EAF - 00000EB2 (0x4 bytes), align: 0
  Segment part 28.            Intra module refs:   _LdtobLargeNoMb
           ENTRY                   ADDRESS         REF BY
           =====                   =======         ======
           __Constant_a            00000EAF 
    -------------------------------------------------------------------------
XDATA_I
  Relative segment, address: XDATA 00000EB3 - 00000EB6 (0x4 bytes), align: 0
  Segment part 30.            Intra module refs:   _LdtobLargeNoMb
           ENTRY                   ADDRESS         REF BY
           =====                   =======         ======
           __Constant_4cbebc20     00000EB3 

    -------------------------------------------------------------------------
  LIBRARY MODULE, NAME : ?xprout

  SEGMENTS IN THE MODULE
  ======================
<BANKED_CODE> 1 (was BANKED_CODE)
  Relative segment, address: CODE 0000576A - 00005794 (0x2b bytes), align: 0
  Segment part 6.             Intra module refs:   _Prout::?relay
           ENTRY                   ADDRESS         REF BY
           =====                   =======         ======
           _Prout                  0000576A 
               calls direct
               XSTACK = 00000000 ( 0000000E )
    -------------------------------------------------------------------------
BANK_RELAYS
  Relative segment, address: CODE 000006D0 - 000006D5 (0x6 bytes), align: 0
  Segment part 7.
           ENTRY                   ADDRESS         REF BY
           =====                   =======         ======
           _Prout::?relay          000006D0        printf (?printf)

    -------------------------------------------------------------------------
  LIBRARY MODULE, NAME : ?xxmemxfree

  SEGMENTS IN THE MODULE
  ======================
<BANKED_CODE> 1 (was BANKED_CODE)
  Relative segment, address: CODE 000050A5 - 000051DC (0x138 bytes), align: 0
  Segment part 6.             Intra module refs:   __xdata_free::?relay
           ENTRY                   ADDRESS         REF BY
           =====                   =======         ======
           __xdata_free            000050A5 
               XSTACK = 0000000A ( 0000000E )
    -------------------------------------------------------------------------
<BANKED_CODE> 1 (was BANKED_CODE)
  Relative segment, address: CODE 000051DD - 000051E4 (0x8 bytes), align: 0
  Segment part 8.             Intra module refs:   __xdata_free
    -------------------------------------------------------------------------
BANK_RELAYS
  Relative segment, address: CODE 000006D6 - 000006DB (0x6 bytes), align: 0
  Segment part 7.
           ENTRY                   ADDRESS         REF BY
           =====                   =======         ======
           __xdata_free::?relay    000006D6        Array<uint32_t>::operator=(Array<uint32_t> const &) (input_bit_stream)
                                                   InputBitStream::SetBuffer(Array<uint8_t> const &) (input_bit_stream)
                                                   NetSerfQtCompressor::~NetSerfQtCompressor() (net_serf_qt_compressor)
                                                   NetSerfQtDecompressor::~NetSerfQtDecompressor() (net_serf_qt_decompressor)
                                                   OutputBitStream::OutputBitStream(uint32_t) (output_bit_stream)
                                                   __xdata_malloc (?xxmemxmalloc)
                                                   operator delete(void *) (?delop_0)
                                                   test_net_serf_qt_streaming() (iar_serf_test)

    -------------------------------------------------------------------------
  LIBRARY MODULE, NAME : ?xxmemxmalloc

  SEGMENTS IN THE MODULE
  ======================
XDATA_Z
  Relative segment, address: XDATA 000009DB - 000009DE (0x4 bytes), align: 0
  Segment part 6.             Intra module refs:   __xdata_malloc
           ENTRY                   ADDRESS         REF BY
           =====                   =======         ======
           __xdata_Aldata          000009DB        __xdata_free (?xxmemxfree)
    -------------------------------------------------------------------------
<BANKED_CODE> 1 (was BANKED_CODE)
  Relative segment, address: CODE 00004D96 - 00004F08 (0x173 bytes), align: 0
  Segment part 8.             Intra module refs:   __xdata_malloc::?relay
           ENTRY                   ADDRESS         REF BY
           =====                   =======         ======
           __xdata_malloc          00004D96 
               calls direct
               XSTACK = 0000000A ( 0000000F )
    -------------------------------------------------------------------------
<BANKED_CODE> 1 (was BANKED_CODE)
  Relative segment, address: CODE 00004F09 - 00004F11 (0x9 bytes), align: 0
  Segment part 10.            Intra module refs:   __xdata_malloc
    -------------------------------------------------------------------------
<BANKED_CODE> 1 (was BANKED_CODE)
  Relative segment, address: CODE 00004F12 - 00004F15 (0x4 bytes), align: 0
  Segment part 11.            Intra module refs:   __xdata_malloc
    -------------------------------------------------------------------------
<BANKED_CODE> 1 (was BANKED_CODE)
  Relative segment, address: CODE 00004F16 - 00004F1B (0x6 bytes), align: 0
  Segment part 12.            Intra module refs:   Segment part 11
                                                   __xdata_malloc
    -------------------------------------------------------------------------
<BANKED_CODE> 1 (was BANKED_CODE)
  Relative segment, address: CODE 00004F1C - 00004F1F (0x4 bytes), align: 0
  Segment part 13.            Intra module refs:   __xdata_malloc
    -------------------------------------------------------------------------
<BANKED_CODE> 1 (was BANKED_CODE)
  Relative segment, address: CODE 00004F20 - 00004F25 (0x6 bytes), align: 0
  Segment part 14.            Intra module refs:   Segment part 12
                                                   Segment part 13
                                                   __xdata_malloc
    -------------------------------------------------------------------------
<BANKED_CODE> 1 (was BANKED_CODE)
  Relative segment, address: CODE 00004F26 - 00004F2D (0x8 bytes), align: 0
  Segment part 15.            Intra module refs:   __xdata_malloc
    -------------------------------------------------------------------------
BANK_RELAYS
  Relative segment, address: CODE 000006DC - 000006E1 (0x6 bytes), align: 0
  Segment part 9.
           ENTRY                   ADDRESS         REF BY
           =====                   =======         ======
           __xdata_malloc::?relay
                                   000006DC        Array<uint32_t>::operator=(Array<uint32_t> const &) (input_bit_stream)
                                                   InputBitStream::SetBuffer(Array<uint8_t> const &) (input_bit_stream)
                                                   OutputBitStream::GetBuffer(uint32_t) (output_bit_stream)
                                                   OutputBitStream::OutputBitStream(uint32_t) (output_bit_stream)
                                                   operator new(unsigned int) (?newop_0)




                ****************************************
                *                                      *
                *      SEGMENTS IN ADDRESS ORDER       *
                *                                      *
                ****************************************


SEGMENT              SPACE    START ADDRESS   END ADDRESS     SIZE  TYPE  ALIGN
=======              =====    =============   ===========     ====  ====  =====
INTVEC               CODE          00000000 - 00000002           3   com    0
CSTART               CODE          00000003 - 00000089          87   rel    0
BIT_ID               CODE               0000008A                     dse    0
BDATA_ID             CODE               0000008A                     dse    0
DATA_ID              CODE               0000008A                     dse    0
PDATA_ID             CODE               0000008A                     dse    0
IDATA_ID             CODE               0000008A                     dse    0
IXDATA_ID            CODE               0000008A                     dse    0
XDATA_ID             CODE          0000008A - 00000561         4D8   rel    0
BANK_RELAYS          CODE          00000562 - 000006E1         180   rel    0
RCODE                CODE          000006E2 - 000014C6         DE5   rel    0
DIFUNCT              CODE               000014C7                     rel    0
<BANKED_CODE> 1      CODE          000014C7 - 0000586D        43A7   rel    0
REGISTERS            DATA          00000000 - 00000007           8   rel    0
VREG                 DATA          00000008 - 0000000F           8   rel    0
PSP                  DATA               00000010                     dse    0
XSP                  DATA          00000010 - 00000011           2   rel    0
BREG                 BIT        00000020.0  -  00000020.7        8   rel    0
XSTACK               XDATA         00000001 - 000001FF         1FF   rel    0
XDATA_Z              XDATA         00000200 - 000009DE         7DF   rel    0
XDATA_I              XDATA         000009DF - 00000EB6         4D8   rel    0
XDATA_HEAP           XDATA         00000EB7 - 00000FB5          FF   dse    0
ISTACK               IDATA         000000C0 - 000000FF          40   rel    0

                ****************************************
                *                                      *
                *        END OF CROSS REFERENCE        *
                *                                      *
                ****************************************

 22 638 bytes of CODE  memory
     18 bytes of DATA  memory
  4 021 bytes of XDATA memory
     64 bytes of IDATA memory
      8 bits  of BIT   memory

Errors: none
Warnings: none

