################################################################################
#                                                                              #
#      IAR Universal Linker V6.4.6.89                                          #
#                                                                              #
#           Link time     =  23/Oct/2025  16:28:37                             #
#           Target CPU    =  x51                                               #
#           List file     =  E:\实验室Start\TrajectoryCompression\Serf_Embedde #
#                            d\Debug\List\serf-all.map                         #
#           Output file 1 =  E:\实验室Start\TrajectoryCompression\Serf_Embedde #
#                            d\Debug\Exe\serf-all.a51                          #
#                            Format: intel-extended                            #
#           Output file 2 =  E:\实验室Start\TrajectoryCompression\Serf_Embedde #
#                            d\Debug\Exe\serf-all.d51                          #
#                            Format: ubrof10                                   #
#                            UBROF version 10.0.6                              #
#                            Using library modules for C-SPY (-rt)             #
#           Command line  =  -f C:\Users\zqq666\AppData\Local\Temp\EW6A.tmp    #
#                            (E:\实验室Start\TrajectoryCompression\Serf_Embedd #
#                            ed\Debug\Obj\elias_gamma_codec.r51                #
#                            E:\实验室Start\TrajectoryCompression\Serf_Embedde #
#                            d\Debug\Obj\file_reader.r51                       #
#                            E:\实验室Start\TrajectoryCompression\Serf_Embedde #
#                            d\Debug\Obj\iar_serf_test.r51                     #
#                            E:\实验室Start\TrajectoryCompression\Serf_Embedde #
#                            d\Debug\Obj\input_bit_stream.r51                  #
#                            E:\实验室Start\TrajectoryCompression\Serf_Embedde #
#                            d\Debug\Obj\output_bit_stream.r51                 #
#                            E:\实验室Start\TrajectoryCompression\Serf_Embedde #
#                            d\Debug\Obj\serf_qt_compressor.r51                #
#                            E:\实验室Start\TrajectoryCompression\Serf_Embedde #
#                            d\Debug\Obj\serf_qt_decompressor.r51              #
#                            -o                                                #
#                            E:\实验室Start\TrajectoryCompression\Serf_Embedde #
#                            d\Debug\Exe\serf-all.d51                          #
#                            -l                                                #
#                            E:\实验室Start\TrajectoryCompression\Serf_Embedde #
#                            d\Debug\List\serf-all.map                         #
#                            -xms -IE:\实验室Start\IAR\8051\LIB\ -f            #
#                            "E:\实验室Start\IAR\8051\config\devices\Texas Ins #
#                            truments\lnk51ew_cc2530F256_banked.xcl"           #
#                            (-D_IDATA0_START=0x00 -D_IDATA0_END=0xFF          #
#                            -D_PDATA0_START=0x1E00 -D_PDATA0_END=0x1EFF       #
#                            -D_IXDATA0_START=0x0001 -D_IXDATA0_END=0x1EFF     #
#                            -D_XDATA0_START=_IXDATA0_START                    #
#                            -D_XDATA0_END=_IXDATA0_END                        #
#                            -D_NEAR_CODE_START=0x0000                         #
#                            -D_FIRST_BANK_ADDR=0x10000 -D?REGISTER_BANK=0x0   #
#                            -D_REGISTER_BANK_START=0x0 -D_BREG_START=0x00     #
#                            -D?VB=0x20 -Z(BIT)BREG=_BREG_START                #
#                            -Z(BIT)BIT_N=0-7F                                 #
#                            -Z(DATA)REGISTERS+8=_REGISTER_BANK_START          #
#                            -Z(DATA)BDATA_Z,BDATA_N,BDATA_I=20-2F             #
#                            -Z(DATA)VREG=08-7F -Z(DATA)PSP,XSP=08-7F          #
#                            -Z(DATA)DOVERLAY=08-7F                            #
#                            -Z(DATA)DATA_I,DATA_Z,DATA_N=08-7F                #
#                            -U(IDATA)0-7F=(DATA)0-7F                          #
#                            -Z(IDATA)IDATA_I,IDATA_Z,IDATA_N=08-_IDATA0_END   #
#                            -Z(IDATA)ISTACK+_IDATA_STACK_SIZE#08-_IDATA0_END  #
#                            -Z(IDATA)IOVERLAY=08-FF -Z(CODE)INTVEC=0          #
#                            -Z(CODE)CSTART=_NEAR_CODE_START-(_CODEBANK_START- #
#                            1)                                                #
#                            -Z(CODE)BIT_ID,BDATA_ID,DATA_ID,IDATA_ID,IXDATA_I #
#                            D,PDATA_ID,XDATA_ID=_NEAR_CODE_START-(_CODEBANK_S #
#                            TART-1)                                           #
#                            -Z(CODE)BANK_RELAYS,RCODE,DIFUNCT,CODE_C,CODE_N,N #
#                            EAR_CODE=_NEAR_CODE_START-(_CODEBANK_START-1)     #
#                            -P(CODE)BANKED_CODE=_NEAR_CODE_START-(_CODEBANK_S #
#                            TART-1),[(_CODEBANK_START+_FIRST_BANK_ADDR)-(_COD #
#                            EBANK_END+_FIRST_BANK_ADDR)]*_NR_OF_BANKS+10000   #
#                            -Z(CODE)CHECKSUM#(_CODEBANK_START-1)              #
#                            -Z(XDATA)PDATA_Z,PDATA_I=_PDATA0_START-_PDATA0_EN #
#                            D                                                 #
#                            -P(XDATA)PDATA_N=_PDATA0_START-_PDATA0_END        #
#                            -Z(XDATA)PSTACK+_PDATA_STACK_SIZE=_PDATA0_START-_ #
#                            PDATA0_END                                        #
#                            -Z(XDATA)EXT_STACK+_EXTENDED_STACK_SIZE=_EXTENDED #
#                            _STACK_START                                      #
#                            -Z(XDATA)XSTACK+_XDATA_STACK_SIZE=_XDATA0_START-_ #
#                            XDATA0_END                                        #
#                            -Z(XDATA)IXDATA_Z,IXDATA_I=_IXDATA0_START-_IXDATA #
#                            0_END                                             #
#                            -P(XDATA)IXDATA_N=_IXDATA0_START-_IXDATA0_END     #
#                            -Z(XDATA)XDATA_Z,XDATA_I=_XDATA0_START-_XDATA0_EN #
#                            D                                                 #
#                            -P(XDATA)XDATA_N=_XDATA0_START-_XDATA0_END        #
#                            -Z(XDATA)XDATA_HEAP+_XDATA_HEAP_SIZE=_XDATA0_STAR #
#                            T-_XDATA0_END                                     #
#                            -Z(CONST)XDATA_ROM_C=_XDATA0_START-_XDATA0_END    #
#                            -cx51                                             #
#                            -M(CODE)[(_CODEBANK_START+_FIRST_BANK_ADDR)-(_COD #
#                            EBANK_END+_FIRST_BANK_ADDR)]*_NR_OF_BANKS+0x10000 #
#                            =0x8000                                           #
#                            -ww69=i -D_BANK0_START=0x00000                    #
#                            -D_BANK0_END=0x07FFF -D_BANK1_START=0x18000       #
#                            -D_BANK1_END=0x1FFFF -D_BANK2_START=0x28000       #
#                            -D_BANK2_END=0x2FFFF -D_BANK3_START=0x38000       #
#                            -D_BANK3_END=0x3FFFF -D_BANK4_START=0x48000       #
#                            -D_BANK4_END=0x4FFFF -D_BANK5_START=0x58000       #
#                            -D_BANK5_END=0x5FFFF -D_BANK6_START=0x68000       #
#                            -D_BANK6_END=0x6FFFF -D_BANK7_START=0x78000       #
#                            -D_BANK7_END=0x7FFFF                              #
#                            -P(CODE)BANK0=_BANK0_START-_BANK0_END             #
#                            -P(CODE)BANK1=_BANK1_START-_BANK1_END             #
#                            -P(CODE)BANK2=_BANK2_START-_BANK2_END             #
#                            -P(CODE)BANK3=_BANK3_START-_BANK3_END             #
#                            -P(CODE)BANK4=_BANK4_START-_BANK4_END             #
#                            -P(CODE)BANK5=_BANK5_START-_BANK5_END             #
#                            -P(CODE)BANK6=_BANK6_START-_BANK6_END             #
#                            -P(CODE)BANK7=_BANK7_START-_BANK7_END             #
#                            -D_FLASH_LOCK_BITS_START=0x7FFF0                  #
#                            -D_FLASH_LOCK_BITS_END=0x7FFFF                    #
#                            -Z(CODE)FLASH_LOCK_BITS=_FLASH_LOCK_BITS_START-_F #
#                            LASH_LOCK_BITS_END                                #
#                            -U(CODE)0x0000=(CODE)_FLASH_LOCK_BITS_START-_FLAS #
#                            H_LOCK_BITS_END)                                  #
#                            -D_NR_OF_VIRTUAL_REGISTERS=8 -D?PBANK=0x93        #
#                            -D?CBANK=0x9F -D?CBANK_MASK=0xFF                  #
#                            -e?BCALL_FF=?BCALL -e?BRET_FF=?BRET               #
#                            -e?BDISPATCH_FF=?BDISPATCH                        #
#                            -D_CODEBANK_START=0x8000 -D_CODEBANK_END=0xFFFF   #
#                            -D_NR_OF_BANKS=0x07                               #
#                            -IE:\实验室Start\IAR\8051\CONFIG\ -rt             #
#                            -Ointel-extended=E:\实验室Start\TrajectoryCompres #
#                            sion\Serf_Embedded\Debug\Exe\serf-all.a51         #
#                            -s __program_start                                #
#                            E:\实验室Start\IAR\8051\LIB\DLIB\dl-pli-blxd-1e16 #
#                            x01n.r51                                          #
#                            -D_IDATA_STACK_SIZE=0x40 -D?ESP=0 -D?ESP_MASK=0   #
#                            -D_EXTENDED_STACK_START=0                         #
#                            -D_EXTENDED_STACK_SIZE=0                          #
#                            -D_PDATA_STACK_SIZE=0x80                          #
#                            -D_XDATA_STACK_SIZE=0x1FF                         #
#                            -D_XDATA_HEAP_SIZE=0xFF -D_FAR_HEAP_SIZE=0xFFF    #
#                            -D_HUGE_HEAP_SIZE=0xFFF                           #
#                            -D_FAR22_HEAP_SIZE=0xFFF)                         #
#                                                                              #
#                           Copyright (C) 1987-2016 IAR Systems AB.            #
################################################################################





                ****************************************
                *                                      *
                *           CROSS REFERENCE            *
                *                                      *
                ****************************************

       Program entry at : CODE      00000065  Relocatable, from module : CSTARTUP




                ****************************************
                *                                      *
                *            RUNTIME MODEL             *
                *                                      *
                ****************************************

  __Heap_Handler             = Basic
  __SystemLibrary            = DLib
  __calling_convention       = xdata_reentrant
  __code_model               = banked
  __core                     = plain
  __data_model               = large
  __dlib_file_descriptor     = 0
  __dlib_full_locale_support = 0
  __dptr_size                = 16
  __extended_stack           = disabled
  __location_for_constants   = data
  __number_of_dptrs          = 1
  __register_banks           = *
  __rt_version               = 1

                ****************************************
                *                                      *
                *    AUTOMATIC SYMBOL REDIRECTIONS     *
                *                                      *
                ****************************************

       All references to: _Printf
         were redirected to: _PrintfLargeNoMb
       All references to: _Printf::?relay
         were redirected to: _PrintfLargeNoMb::?relay



                ****************************************
                *                                      *
                *              MODULE MAP              *
                *                                      *
                ****************************************


  DEFINED ABSOLUTE ENTRIES
    *************************************************************************

  DEFINED ABSOLUTE ENTRIES
  PROGRAM MODULE, NAME : ?ABS_ENTRY_MOD

Absolute parts
           ENTRY                   ADDRESS         REF BY
           =====                   =======         ======
           _FAR22_HEAP_SIZE        00000FFF 
           _HUGE_HEAP_SIZE         00000FFF 
           _FAR_HEAP_SIZE          00000FFF 
           _XDATA_HEAP_SIZE        000000FF 
           _XDATA_STACK_SIZE       000001FF 
           _PDATA_STACK_SIZE       00000080 
           _EXTENDED_STACK_SIZE    00000000 
           _EXTENDED_STACK_START   00000000 
           ?ESP_MASK               00000000 
           ?ESP                    00000000 
           _IDATA_STACK_SIZE       00000040 
           _NR_OF_BANKS            00000007 
           _CODEBANK_END           0000FFFF 
           _CODEBANK_START         00008000 
           ?CBANK_MASK             000000FF 
           ?CBANK                  0000009F        ?RESET_CODE_BANK (CSTARTUP)
                                                   Segment part 0 (?BANKED_CODE_SUPPORT)
           ?PBANK                  00000093 
           _NR_OF_VIRTUAL_REGISTERS
                                   00000008 
           _FLASH_LOCK_BITS_END    0003FFFF 
           _FLASH_LOCK_BITS_START
                                   0003FFF0 
           _BANK7_END              0003FFFF 
           _BANK7_START            00038000 
           _BANK6_END              00037FFF 
           _BANK6_START            00030000 
           _BANK5_END              0002FFFF 
           _BANK5_START            00028000 
           _BANK4_END              00027FFF 
           _BANK4_START            00020000 
           _BANK3_END              0001FFFF 
           _BANK3_START            00018000 
           _BANK2_END              00017FFF 
           _BANK2_START            00010000 
           _BANK1_END              0000FFFF 
           _BANK1_START            00008000 
           _BANK0_END              00007FFF 
           _BANK0_START            00000000 
           ?VB                     00000020        ?BANKED_ENTER_XDATA (?BANKED_ENTER_XDATA)
                                                   ?BANKED_LEAVE_XDATA (?BANKED_LEAVE_XDATA)
                                                   InputBitStream::ReadBit() (input_bit_stream)
           _BREG_START             00000000 
           _REGISTER_BANK_START    00000000 
           ?REGISTER_BANK          00000000        Segment part 6 (CSTARTUP)
           _FIRST_BANK_ADDR        00010000 
           _NEAR_CODE_START        00000000 
           _XDATA0_END             00001EFF 
           _XDATA0_START           00000001 
           _IXDATA0_END            00001EFF 
           _IXDATA0_START          00000001 
           _PDATA0_END             00001EFF 
           _PDATA0_START           00001E00 
           _IDATA0_END             000000FF 
           _IDATA0_START           00000000 
    *************************************************************************

  FILE NAME : E:\实验室Start\TrajectoryCompression\Serf_Embedded\Debug\Obj\elias_gamma_codec.r51
  PROGRAM MODULE, NAME : elias_gamma_codec

  SEGMENTS IN THE MODULE
  ======================
XDATA_I
  Relative segment, address: XDATA 000009E7 - 00000A2A (0x44 bytes), align: 0
  Segment part 8.             Intra module refs:   EliasGammaCodec::Encode(long, OutputBitStream *)
                                                   __sti__routine()
           ENTRY                   ADDRESS         REF BY
           =====                   =======         ======
           EliasGammaCodec::kLog2Table
                                   000009E7 
    -------------------------------------------------------------------------
XDATA_I
  Relative segment, address: XDATA 00000A2B - 00000A2E (0x4 bytes), align: 0
  Segment part 11.            Intra module refs:   EliasGammaCodec::Encode(long, OutputBitStream *)
           ENTRY                   ADDRESS         REF BY
           =====                   =======         ======
           __Constant_11           00000A2B 
    -------------------------------------------------------------------------
XDATA_I
  Relative segment, address: XDATA 00000A2F - 00000A32 (0x4 bytes), align: 0
  Segment part 13.            Intra module refs:   EliasGammaCodec::Encode(long, OutputBitStream *)
                                                   _LdtobLargeNoMb (?xprintflarge_nomb)
                                                   _LitobLargeNoMb (?xprintflarge_nomb)
                                                   _PrintfLargeNoMb (?xprintflarge_nomb)
                                                   fabsf (?fabsf)
                                                   floorf (?floorf)
           ENTRY                   ADDRESS         REF BY
           =====                   =======         ======
           __Constant_0            00000A2F 
    -------------------------------------------------------------------------
<BANKED_CODE> 1 (was BANKED_CODE)
  Relative segment, address: CODE 00005A3D - 00005A50 (0x14 bytes), align: 0
  Segment part 15.            Intra module refs:   __sti__routine()::?relay
           LOCAL                   ADDRESS         
           =====                   =======         
           __sti__routine()        00005A3D 
               calls direct
               ISTACK = 00000000 ( 00000002 )
    -------------------------------------------------------------------------
<BANKED_CODE> 1 (was BANKED_CODE)
  Relative segment, address: CODE 00005A51 - 00005B33 (0xe3 bytes), align: 0
  Segment part 17.            Intra module refs:   EliasGammaCodec::Encode(long, OutputBitStream *)::?relay
           ENTRY                   ADDRESS         REF BY
           =====                   =======         ======
           EliasGammaCodec::Encode(long, OutputBitStream *)
                                   00005A51 
               calls direct
               XSTACK = 00000002 ( 0000001A )
    -------------------------------------------------------------------------
<BANKED_CODE> 1 (was BANKED_CODE)
  Relative segment, address: CODE 00005B34 - 00005BC8 (0x95 bytes), align: 0
  Segment part 19.            Intra module refs:   EliasGammaCodec::Decode(InputBitStream *)::?relay
           ENTRY                   ADDRESS         REF BY
           =====                   =======         ======
           EliasGammaCodec::Decode(InputBitStream *)
                                   00005B34 
               calls direct
               XSTACK = 00000000 ( 00000016 )
    -------------------------------------------------------------------------
<BANKED_CODE> 1 (was BANKED_CODE)
  Relative segment, address: CODE 00005BC9 - 00005BD3 (0xb bytes), align: 0
  Segment part 21.            Intra module refs:   Double::kNan()::?relay
           ENTRY                   ADDRESS         REF BY
           =====                   =======         ======
           Double::kNan()          00005BC9 
    -------------------------------------------------------------------------
XDATA_ID
  Relative segment, address: CODE 00000095 - 000000D8 (0x44 bytes), align: 0
  Segment part 9.             Intra module refs:   EliasGammaCodec::kLog2Table
    -------------------------------------------------------------------------
DIFUNCT
  Relative segment, address: CODE 000016CC - 000016CD (0x2 bytes), align: 0
  Segment part 10. ROOT 
    -------------------------------------------------------------------------
XDATA_ID
  Relative segment, address: CODE 000000D9 - 000000DC (0x4 bytes), align: 0
  Segment part 12.            Intra module refs:   __Constant_11
    -------------------------------------------------------------------------
XDATA_ID
  Relative segment, address: CODE 000000DD - 000000E0 (0x4 bytes), align: 0
  Segment part 14.            Intra module refs:   __Constant_0
    -------------------------------------------------------------------------
BANK_RELAYS
  Relative segment, address: CODE 00000633 - 00000638 (0x6 bytes), align: 0
  Segment part 16.            Intra module refs:   Segment part 10
           LOCAL                   ADDRESS         
           =====                   =======         
           __sti__routine()::?relay
                                   00000633 
    -------------------------------------------------------------------------
BANK_RELAYS
  Relative segment, address: CODE 00000639 - 0000063E (0x6 bytes), align: 0
  Segment part 18.
           ENTRY                   ADDRESS         REF BY
           =====                   =======         ======
           EliasGammaCodec::Encode(long, OutputBitStream *)::?relay
                                   00000639        SerfQtCompressor::AddValue(float) (serf_qt_compressor)
    -------------------------------------------------------------------------
BANK_RELAYS
  Relative segment, address: CODE 0000063F - 00000644 (0x6 bytes), align: 0
  Segment part 20.
           ENTRY                   ADDRESS         REF BY
           =====                   =======         ======
           EliasGammaCodec::Decode(InputBitStream *)::?relay
                                   0000063F        SerfQtDecompressor::NextValue() (serf_qt_decompressor)
    -------------------------------------------------------------------------
BANK_RELAYS
  Relative segment, address: CODE 00000645 - 0000064A (0x6 bytes), align: 0
  Segment part 22.            Intra module refs:   __sti__routine()
           ENTRY                   ADDRESS         REF BY
           =====                   =======         ======
           Double::kNan()::?relay
                                   00000645 

    *************************************************************************

  FILE NAME : E:\实验室Start\TrajectoryCompression\Serf_Embedded\Debug\Obj\file_reader.r51
  PROGRAM MODULE, NAME : file_reader

  SEGMENTS IN THE MODULE
  ======================
XDATA_Z
  Relative segment, address: XDATA 00000200 - 0000083F (0x640 bytes), align: 0
  Segment part 6.             Intra module refs:   file_reader_read_next(file_reader_t *, trajectory_point_t *)
                                                   load_trajectory_data_internal(char const *)
           LOCAL                   ADDRESS         
           =====                   =======         
           trajectory_data         00000200 
    -------------------------------------------------------------------------
XDATA_Z
  Relative segment, address: XDATA 00000840 - 00000841 (0x2 bytes), align: 0
  Segment part 7.             Intra module refs:   file_reader_init(file_reader_t *, char const *)
                                                   load_trajectory_data_internal(char const *)
           LOCAL                   ADDRESS         
           =====                   =======         
           trajectory_count        00000840 
    -------------------------------------------------------------------------
XDATA_Z
  Relative segment, address: XDATA 00000842 - 00000842 (0x1 bytes), align: 0
  Segment part 8.             Intra module refs:   load_trajectory_data_internal(char const *)
           LOCAL                   ADDRESS         
           =====                   =======         
           data_loaded             00000842 
    -------------------------------------------------------------------------
<BANKED_CODE> 1 (was BANKED_CODE)
  Relative segment, address: CODE 00005696 - 0000577B (0xe6 bytes), align: 0
  Segment part 15.            Intra module refs:   load_trajectory_data_internal(char const *)::?relay
           LOCAL                   ADDRESS         
           =====                   =======         
           load_trajectory_data_internal(char const *)
                                   00005696 
               XSTACK = 0000000A ( 00000016 )
    -------------------------------------------------------------------------
<BANKED_CODE> 1 (was BANKED_CODE)
  Relative segment, address: CODE 0000577C - 000057EA (0x6f bytes), align: 0
  Segment part 17.            Intra module refs:   file_reader_init(file_reader_t *, char const *)::?relay
           ENTRY                   ADDRESS         REF BY
           =====                   =======         ======
           file_reader_init(file_reader_t *, char const *)
                                   0000577C 
               calls direct
               XSTACK = 00000000 ( 0000000A )
               ISTACK = 00000000 ( 00000001 )
    -------------------------------------------------------------------------
<BANKED_CODE> 1 (was BANKED_CODE)
  Relative segment, address: CODE 000057EB - 0000585E (0x74 bytes), align: 0
  Segment part 19.            Intra module refs:   file_reader_read_next(file_reader_t *, trajectory_point_t *)::?relay
           ENTRY                   ADDRESS         REF BY
           =====                   =======         ======
           file_reader_read_next(file_reader_t *, trajectory_point_t *)
                                   000057EB 
               XSTACK = 00000000 ( 0000000A )
    -------------------------------------------------------------------------
<BANKED_CODE> 1 (was BANKED_CODE)
  Relative segment, address: CODE 0000585F - 00005882 (0x24 bytes), align: 0
  Segment part 23.            Intra module refs:   file_reader_close(file_reader_t *)::?relay
           ENTRY                   ADDRESS         REF BY
           =====                   =======         ======
           file_reader_close(file_reader_t *)
                                   0000585F 
               ISTACK = 00000000 ( 00000003 )
    -------------------------------------------------------------------------
<BANKED_CODE> 1 (was BANKED_CODE)
  Relative segment, address: CODE 00005883 - 000058A4 (0x22 bytes), align: 0
  Segment part 25.            Intra module refs:   file_reader_get_total_points(file_reader_t *)::?relay
           ENTRY                   ADDRESS         REF BY
           =====                   =======         ======
           file_reader_get_total_points(file_reader_t *)
                                   00005883 
               ISTACK = 00000000 ( 00000002 )
    -------------------------------------------------------------------------
XDATA_I
  Relative segment, address: XDATA 00000A33 - 00000A36 (0x4 bytes), align: 0
  Segment part 9.             Intra module refs:   load_trajectory_data_internal(char const *)
                                                   test_serf_qt_compression() (iar_serf_test)
           ENTRY                   ADDRESS         REF BY
           =====                   =======         ======
           __Constant_38d1b717     00000A33 
    -------------------------------------------------------------------------
XDATA_ID
  Relative segment, address: CODE 000000E1 - 000000E4 (0x4 bytes), align: 0
  Segment part 10.            Intra module refs:   __Constant_38d1b717
    -------------------------------------------------------------------------
XDATA_I
  Relative segment, address: XDATA 00000A37 - 00000A3A (0x4 bytes), align: 0
  Segment part 11.            Intra module refs:   load_trajectory_data_internal(char const *)
           ENTRY                   ADDRESS         REF BY
           =====                   =======         ======
           __Constant_42200e33     00000A37 
    -------------------------------------------------------------------------
XDATA_ID
  Relative segment, address: CODE 000000E5 - 000000E8 (0x4 bytes), align: 0
  Segment part 12.            Intra module refs:   __Constant_42200e33
    -------------------------------------------------------------------------
XDATA_I
  Relative segment, address: XDATA 00000A3B - 00000A3E (0x4 bytes), align: 0
  Segment part 13.            Intra module refs:   load_trajectory_data_internal(char const *)
           ENTRY                   ADDRESS         REF BY
           =====                   =======         ======
           __Constant_42e89cea     00000A3B 
    -------------------------------------------------------------------------
XDATA_ID
  Relative segment, address: CODE 000000E9 - 000000EC (0x4 bytes), align: 0
  Segment part 14.            Intra module refs:   __Constant_42e89cea
    -------------------------------------------------------------------------
BANK_RELAYS
  Relative segment, address: CODE 0000064B - 00000650 (0x6 bytes), align: 0
  Segment part 16.            Intra module refs:   file_reader_init(file_reader_t *, char const *)
           LOCAL                   ADDRESS         
           =====                   =======         
           load_trajectory_data_internal(char const *)::?relay
                                   0000064B 
    -------------------------------------------------------------------------
BANK_RELAYS
  Relative segment, address: CODE 00000651 - 00000656 (0x6 bytes), align: 0
  Segment part 18.
           ENTRY                   ADDRESS         REF BY
           =====                   =======         ======
           file_reader_init(file_reader_t *, char const *)::?relay
                                   00000651        load_test_data(char const *) (iar_serf_test)
    -------------------------------------------------------------------------
BANK_RELAYS
  Relative segment, address: CODE 00000657 - 0000065C (0x6 bytes), align: 0
  Segment part 20.
           ENTRY                   ADDRESS         REF BY
           =====                   =======         ======
           file_reader_read_next(file_reader_t *, trajectory_point_t *)::?relay
                                   00000657        load_test_data(char const *) (iar_serf_test)
    -------------------------------------------------------------------------
BANK_RELAYS
  Relative segment, address: CODE 0000065D - 00000662 (0x6 bytes), align: 0
  Segment part 24.
           ENTRY                   ADDRESS         REF BY
           =====                   =======         ======
           file_reader_close(file_reader_t *)::?relay
                                   0000065D        load_test_data(char const *) (iar_serf_test)
    -------------------------------------------------------------------------
BANK_RELAYS
  Relative segment, address: CODE 00000663 - 00000668 (0x6 bytes), align: 0
  Segment part 26.
           ENTRY                   ADDRESS         REF BY
           =====                   =======         ======
           file_reader_get_total_points(file_reader_t *)::?relay
                                   00000663        load_test_data(char const *) (iar_serf_test)

    *************************************************************************

  FILE NAME : E:\实验室Start\TrajectoryCompression\Serf_Embedded\Debug\Obj\iar_serf_test.r51
  PROGRAM MODULE, NAME : iar_serf_test

  SEGMENTS IN THE MODULE
  ======================
<BANKED_CODE> 1 (was BANKED_CODE)
  Relative segment, address: CODE 00004751 - 0000475E (0xe bytes), align: 0
  Segment part 59.            Intra module refs:   free::?relay
           ENTRY                   ADDRESS         REF BY
           =====                   =======         ======
           free                    00004751 
               calls direct
               ISTACK = 00000000 ( 00000002 )
    -------------------------------------------------------------------------
<BANKED_CODE> 1 (was BANKED_CODE)
  Relative segment, address: CODE 0000475F - 0000477B (0x1d bytes), align: 0
  Segment part 61.            Intra module refs:   Array<uint8_t>::~Array()::?relay
           ENTRY                   ADDRESS         REF BY
           =====                   =======         ======
           Array<uint8_t>::~Array()
                                   0000475F 
               calls direct
               XSTACK = 0000007E ( 00000000 )
               ISTACK = 00000000 ( 00000002 )
    -------------------------------------------------------------------------
<BANKED_CODE> 1 (was BANKED_CODE)
  Relative segment, address: CODE 0000477C - 00004798 (0x1d bytes), align: 0
  Segment part 63.            Intra module refs:   Array<float>::~Array()::?relay
           ENTRY                   ADDRESS         REF BY
           =====                   =======         ======
           Array<float>::~Array()
                                   0000477C 
               calls direct
               XSTACK = 0000007E ( 00000000 )
               ISTACK = 00000000 ( 00000002 )
    -------------------------------------------------------------------------
<BANKED_CODE> 1 (was BANKED_CODE)
  Relative segment, address: CODE 00004799 - 000047DA (0x42 bytes), align: 0
  Segment part 65.            Intra module refs:   Array<float>::operator[](uint16_t) const::?relay
           ENTRY                   ADDRESS         REF BY
           =====                   =======         ======
           Array<float>::operator[](uint16_t) const
                                   00004799 
               XSTACK = 0000007E ( 0000000A )
    -------------------------------------------------------------------------
XDATA_Z
  Relative segment, address: XDATA 00000843 - 00000846 (0x4 bytes), align: 0
  Segment part 50.            Intra module refs:   Array<float>::operator[](uint16_t) const
           ENTRY                   ADDRESS         REF BY
           =====                   =======         ======
           Array<float>::operator[](uint16_t) const::error_value
                                   00000843 
    -------------------------------------------------------------------------
<BANKED_CODE> 1 (was BANKED_CODE)
  Relative segment, address: CODE 000047DB - 000047EE (0x14 bytes), align: 0
  Segment part 67.            Intra module refs:   Array<float>::length() const::?relay
           ENTRY                   ADDRESS         REF BY
           =====                   =======         ======
           Array<float>::length() const
                                   000047DB 
               XSTACK = 0000007E ( 00000000 )
               ISTACK = 00000000 ( 00000002 )
    -------------------------------------------------------------------------
<BANKED_CODE> 1 (was BANKED_CODE)
  Relative segment, address: CODE 000047EF - 0000481D (0x2f bytes), align: 0
  Segment part 69.            Intra module refs:   Array<float>::is_valid() const::?relay
           ENTRY                   ADDRESS         REF BY
           =====                   =======         ======
           Array<float>::is_valid() const
                                   000047EF 
               XSTACK = 0000007E ( 00000000 )
               ISTACK = 00000000 ( 00000002 )
    -------------------------------------------------------------------------
XDATA_Z
  Relative segment, address: XDATA 00000847 - 000009D6 (0x190 bytes), align: 0
  Segment part 51.            Intra module refs:   load_test_data(char const *)
                                                   test_serf_qt_compression()
           LOCAL                   ADDRESS         
           =====                   =======         
           test_data               00000847 
    -------------------------------------------------------------------------
XDATA_Z
  Relative segment, address: XDATA 000009D7 - 000009D8 (0x2 bytes), align: 0
  Segment part 52.            Intra module refs:   load_test_data(char const *)
                                                   test_serf_qt_compression()
           LOCAL                   ADDRESS         
           =====                   =======         
           test_data_count         000009D7 
    -------------------------------------------------------------------------
<BANKED_CODE> 1 (was BANKED_CODE)
  Relative segment, address: CODE 0000481E - 000048A8 (0x8b bytes), align: 0
  Segment part 71.            Intra module refs:   load_test_data(char const *)::?relay
           ENTRY                   ADDRESS         REF BY
           =====                   =======         ======
           load_test_data(char const *)
                                   0000481E 
               calls direct
               XSTACK = 00000000 ( 00000019 )
    -------------------------------------------------------------------------
<BANKED_CODE> 1 (was BANKED_CODE)
  Relative segment, address: CODE 000048A9 - 00004D73 (0x4cb bytes), align: 0
  Segment part 73.            Intra module refs:   test_serf_qt_compression()::?relay
           ENTRY                   ADDRESS         REF BY
           =====                   =======         ======
           test_serf_qt_compression()
                                   000048A9 
               calls direct
               XSTACK = 00000000 ( 00000082 )
    -------------------------------------------------------------------------
<BANKED_CODE> 1 (was BANKED_CODE)
  Relative segment, address: CODE 00004D74 - 00004DA1 (0x2e bytes), align: 0
  Segment part 75.
           ENTRY                   ADDRESS         REF BY
           =====                   =======         ======
           main                    00004D74        ?call_main (?cmain)
               calls direct
    -------------------------------------------------------------------------
XDATA_ID
  Relative segment, address: CODE 000000ED - 000000FD (0x11 bytes), align: 0
  Segment part 7.             Intra module refs:   Segment part 6
    -------------------------------------------------------------------------
XDATA_ID
  Relative segment, address: CODE 000000FE - 0000011D (0x20 bytes), align: 0
  Segment part 9.             Intra module refs:   Segment part 8
    -------------------------------------------------------------------------
XDATA_ID
  Relative segment, address: CODE 0000011E - 0000012D (0x10 bytes), align: 0
  Segment part 11.            Intra module refs:   Segment part 10
    -------------------------------------------------------------------------
XDATA_ID
  Relative segment, address: CODE 0000012E - 00000164 (0x37 bytes), align: 0
  Segment part 13.            Intra module refs:   Segment part 12
    -------------------------------------------------------------------------
XDATA_ID
  Relative segment, address: CODE 00000165 - 0000017E (0x1a bytes), align: 0
  Segment part 15.            Intra module refs:   Segment part 14
    -------------------------------------------------------------------------
XDATA_ID
  Relative segment, address: CODE 0000017F - 0000019A (0x1c bytes), align: 0
  Segment part 17.            Intra module refs:   Segment part 16
    -------------------------------------------------------------------------
XDATA_ID
  Relative segment, address: CODE 0000019B - 000001B5 (0x1b bytes), align: 0
  Segment part 19.            Intra module refs:   Segment part 18
    -------------------------------------------------------------------------
XDATA_ID
  Relative segment, address: CODE 000001B6 - 000001CF (0x1a bytes), align: 0
  Segment part 21.            Intra module refs:   Segment part 20
    -------------------------------------------------------------------------
XDATA_ID
  Relative segment, address: CODE 000001D0 - 000001E9 (0x1a bytes), align: 0
  Segment part 23.            Intra module refs:   Segment part 22
    -------------------------------------------------------------------------
XDATA_ID
  Relative segment, address: CODE 000001EA - 0000020B (0x22 bytes), align: 0
  Segment part 25.            Intra module refs:   Segment part 24
    -------------------------------------------------------------------------
XDATA_ID
  Relative segment, address: CODE 0000020C - 00000224 (0x19 bytes), align: 0
  Segment part 27.            Intra module refs:   Segment part 26
    -------------------------------------------------------------------------
XDATA_ID
  Relative segment, address: CODE 00000225 - 00000249 (0x25 bytes), align: 0
  Segment part 29.            Intra module refs:   Segment part 28
    -------------------------------------------------------------------------
XDATA_ID
  Relative segment, address: CODE 0000024A - 00000260 (0x17 bytes), align: 0
  Segment part 31.            Intra module refs:   Segment part 30
    -------------------------------------------------------------------------
XDATA_ID
  Relative segment, address: CODE 00000261 - 00000276 (0x16 bytes), align: 0
  Segment part 33.            Intra module refs:   Segment part 32
    -------------------------------------------------------------------------
XDATA_ID
  Relative segment, address: CODE 00000277 - 0000028B (0x15 bytes), align: 0
  Segment part 35.            Intra module refs:   Segment part 34
    -------------------------------------------------------------------------
XDATA_ID
  Relative segment, address: CODE 0000028C - 000002A0 (0x15 bytes), align: 0
  Segment part 37.            Intra module refs:   Segment part 36
    -------------------------------------------------------------------------
XDATA_ID
  Relative segment, address: CODE 000002A1 - 000002D1 (0x31 bytes), align: 0
  Segment part 39.            Intra module refs:   Segment part 38
    -------------------------------------------------------------------------
XDATA_ID
  Relative segment, address: CODE 000002D2 - 00000301 (0x30 bytes), align: 0
  Segment part 41.            Intra module refs:   Segment part 40
    -------------------------------------------------------------------------
XDATA_ID
  Relative segment, address: CODE 00000302 - 00000331 (0x30 bytes), align: 0
  Segment part 43.            Intra module refs:   Segment part 42
    -------------------------------------------------------------------------
XDATA_ID
  Relative segment, address: CODE 00000332 - 00000344 (0x13 bytes), align: 0
  Segment part 45.            Intra module refs:   Segment part 44
    -------------------------------------------------------------------------
XDATA_ID
  Relative segment, address: CODE 00000345 - 0000035B (0x17 bytes), align: 0
  Segment part 47.            Intra module refs:   Segment part 46
    -------------------------------------------------------------------------
XDATA_ID
  Relative segment, address: CODE 0000035C - 00000371 (0x16 bytes), align: 0
  Segment part 49.            Intra module refs:   Segment part 48
    -------------------------------------------------------------------------
XDATA_ID
  Relative segment, address: CODE 00000372 - 00000375 (0x4 bytes), align: 0
  Segment part 56.            Intra module refs:   __Constant_42c80000
    -------------------------------------------------------------------------
XDATA_ID
  Relative segment, address: CODE 00000376 - 00000379 (0x4 bytes), align: 0
  Segment part 58.            Intra module refs:   __Constant_38d1b718
    -------------------------------------------------------------------------
BANK_RELAYS
  Relative segment, address: CODE 00000669 - 0000066E (0x6 bytes), align: 0
  Segment part 60.            Intra module refs:   Array<float>::~Array()
                                                   Array<uint32_t>::operator=(Array<uint32_t> const &) (input_bit_stream)
                                                   Array<uint32_t>::~Array() (input_bit_stream)
                                                   Array<uint8_t>::operator=(Array<uint8_t> const &) (serf_qt_compressor)
                                                   Array<uint8_t>::~Array()
           ENTRY                   ADDRESS         REF BY
           =====                   =======         ======
           free::?relay            00000669 
    -------------------------------------------------------------------------
BANK_RELAYS
  Relative segment, address: CODE 0000066F - 00000674 (0x6 bytes), align: 0
  Segment part 62.            Intra module refs:   OutputBitStream::GetBuffer(uint32_t) (output_bit_stream)
                                                   SerfQtCompressor::Close() (serf_qt_compressor)
                                                   SerfQtCompressor::~SerfQtCompressor() (serf_qt_compressor)
                                                   test_serf_qt_compression()
           ENTRY                   ADDRESS         REF BY
           =====                   =======         ======
           Array<uint8_t>::~Array()::?relay
                                   0000066F 
    -------------------------------------------------------------------------
BANK_RELAYS
  Relative segment, address: CODE 00000675 - 0000067A (0x6 bytes), align: 0
  Segment part 64.            Intra module refs:   SerfQtDecompressor::Decompress(Array<uint8_t> const &) (serf_qt_decompressor)
                                                   test_serf_qt_compression()
           ENTRY                   ADDRESS         REF BY
           =====                   =======         ======
           Array<float>::~Array()::?relay
                                   00000675 
    -------------------------------------------------------------------------
BANK_RELAYS
  Relative segment, address: CODE 0000067B - 00000680 (0x6 bytes), align: 0
  Segment part 66.            Intra module refs:   SerfQtDecompressor::Decompress(Array<uint8_t> const &) (serf_qt_decompressor)
                                                   test_serf_qt_compression()
           ENTRY                   ADDRESS         REF BY
           =====                   =======         ======
           Array<float>::operator[](uint16_t) const::?relay
                                   0000067B 
    -------------------------------------------------------------------------
BANK_RELAYS
  Relative segment, address: CODE 00000681 - 00000686 (0x6 bytes), align: 0
  Segment part 68.            Intra module refs:   test_serf_qt_compression()
           ENTRY                   ADDRESS         REF BY
           =====                   =======         ======
           Array<float>::length() const::?relay
                                   00000681 
    -------------------------------------------------------------------------
BANK_RELAYS
  Relative segment, address: CODE 00000687 - 0000068C (0x6 bytes), align: 0
  Segment part 70.            Intra module refs:   SerfQtDecompressor::Decompress(Array<uint8_t> const &) (serf_qt_decompressor)
                                                   test_serf_qt_compression()
           ENTRY                   ADDRESS         REF BY
           =====                   =======         ======
           Array<float>::is_valid() const::?relay
                                   00000687 
    -------------------------------------------------------------------------
BANK_RELAYS
  Relative segment, address: CODE 0000068D - 00000692 (0x6 bytes), align: 0
  Segment part 72.            Intra module refs:   main
           ENTRY                   ADDRESS         REF BY
           =====                   =======         ======
           load_test_data(char const *)::?relay
                                   0000068D 
    -------------------------------------------------------------------------
BANK_RELAYS
  Relative segment, address: CODE 00000693 - 00000698 (0x6 bytes), align: 0
  Segment part 74.            Intra module refs:   main
           ENTRY                   ADDRESS         REF BY
           =====                   =======         ======
           test_serf_qt_compression()::?relay
                                   00000693 
    -------------------------------------------------------------------------
XDATA_I
  Relative segment, address: XDATA 00000A3F - 00000A4F (0x11 bytes), align: 0
  Segment part 6.             Intra module refs:   load_test_data(char const *)
    -------------------------------------------------------------------------
XDATA_I
  Relative segment, address: XDATA 00000A50 - 00000A6F (0x20 bytes), align: 0
  Segment part 8.             Intra module refs:   test_serf_qt_compression()
    -------------------------------------------------------------------------
XDATA_I
  Relative segment, address: XDATA 00000A70 - 00000A7F (0x10 bytes), align: 0
  Segment part 10.            Intra module refs:   test_serf_qt_compression()
    -------------------------------------------------------------------------
XDATA_I
  Relative segment, address: XDATA 00000A80 - 00000AB6 (0x37 bytes), align: 0
  Segment part 12.            Intra module refs:   test_serf_qt_compression()
    -------------------------------------------------------------------------
XDATA_I
  Relative segment, address: XDATA 00000AB7 - 00000AD0 (0x1a bytes), align: 0
  Segment part 14.            Intra module refs:   test_serf_qt_compression()
    -------------------------------------------------------------------------
XDATA_I
  Relative segment, address: XDATA 00000AD1 - 00000AEC (0x1c bytes), align: 0
  Segment part 16.            Intra module refs:   test_serf_qt_compression()
    -------------------------------------------------------------------------
XDATA_I
  Relative segment, address: XDATA 00000AED - 00000B07 (0x1b bytes), align: 0
  Segment part 18.            Intra module refs:   test_serf_qt_compression()
    -------------------------------------------------------------------------
XDATA_I
  Relative segment, address: XDATA 00000B08 - 00000B21 (0x1a bytes), align: 0
  Segment part 20.            Intra module refs:   test_serf_qt_compression()
    -------------------------------------------------------------------------
XDATA_I
  Relative segment, address: XDATA 00000B22 - 00000B3B (0x1a bytes), align: 0
  Segment part 22.            Intra module refs:   test_serf_qt_compression()
    -------------------------------------------------------------------------
XDATA_I
  Relative segment, address: XDATA 00000B3C - 00000B5D (0x22 bytes), align: 0
  Segment part 24.            Intra module refs:   test_serf_qt_compression()
    -------------------------------------------------------------------------
XDATA_I
  Relative segment, address: XDATA 00000B5E - 00000B76 (0x19 bytes), align: 0
  Segment part 26.            Intra module refs:   test_serf_qt_compression()
    -------------------------------------------------------------------------
XDATA_I
  Relative segment, address: XDATA 00000B77 - 00000B9B (0x25 bytes), align: 0
  Segment part 28.            Intra module refs:   test_serf_qt_compression()
    -------------------------------------------------------------------------
XDATA_I
  Relative segment, address: XDATA 00000B9C - 00000BB2 (0x17 bytes), align: 0
  Segment part 30.            Intra module refs:   test_serf_qt_compression()
    -------------------------------------------------------------------------
XDATA_I
  Relative segment, address: XDATA 00000BB3 - 00000BC8 (0x16 bytes), align: 0
  Segment part 32.            Intra module refs:   test_serf_qt_compression()
    -------------------------------------------------------------------------
XDATA_I
  Relative segment, address: XDATA 00000BC9 - 00000BDD (0x15 bytes), align: 0
  Segment part 34.            Intra module refs:   test_serf_qt_compression()
    -------------------------------------------------------------------------
XDATA_I
  Relative segment, address: XDATA 00000BDE - 00000BF2 (0x15 bytes), align: 0
  Segment part 36.            Intra module refs:   test_serf_qt_compression()
    -------------------------------------------------------------------------
XDATA_I
  Relative segment, address: XDATA 00000BF3 - 00000C23 (0x31 bytes), align: 0
  Segment part 38.            Intra module refs:   test_serf_qt_compression()
    -------------------------------------------------------------------------
XDATA_I
  Relative segment, address: XDATA 00000C24 - 00000C53 (0x30 bytes), align: 0
  Segment part 40.            Intra module refs:   test_serf_qt_compression()
    -------------------------------------------------------------------------
XDATA_I
  Relative segment, address: XDATA 00000C54 - 00000C83 (0x30 bytes), align: 0
  Segment part 42.            Intra module refs:   main
    -------------------------------------------------------------------------
XDATA_I
  Relative segment, address: XDATA 00000C84 - 00000C96 (0x13 bytes), align: 0
  Segment part 44.            Intra module refs:   main
    -------------------------------------------------------------------------
XDATA_I
  Relative segment, address: XDATA 00000C97 - 00000CAD (0x17 bytes), align: 0
  Segment part 46.            Intra module refs:   main
    -------------------------------------------------------------------------
XDATA_I
  Relative segment, address: XDATA 00000CAE - 00000CC3 (0x16 bytes), align: 0
  Segment part 48.            Intra module refs:   main
    -------------------------------------------------------------------------
XDATA_I
  Relative segment, address: XDATA 00000CC4 - 00000CC7 (0x4 bytes), align: 0
  Segment part 55.            Intra module refs:   test_serf_qt_compression()
           ENTRY                   ADDRESS         REF BY
           =====                   =======         ======
           __Constant_42c80000     00000CC4 
    -------------------------------------------------------------------------
XDATA_I
  Relative segment, address: XDATA 00000CC8 - 00000CCB (0x4 bytes), align: 0
  Segment part 57.            Intra module refs:   test_serf_qt_compression()
           ENTRY                   ADDRESS         REF BY
           =====                   =======         ======
           __Constant_38d1b718     00000CC8 

    *************************************************************************

  FILE NAME : E:\实验室Start\TrajectoryCompression\Serf_Embedded\Debug\Obj\input_bit_stream.r51
  PROGRAM MODULE, NAME : input_bit_stream

  SEGMENTS IN THE MODULE
  ======================
XDATA_Z
  Relative segment, address: XDATA 000009D9 - 000009DC (0x4 bytes), align: 0
  Segment part 10.            Intra module refs:   Array<uint32_t>::operator[](uint16_t) const
           ENTRY                   ADDRESS         REF BY
           =====                   =======         ======
           Array<uint32_t>::operator[](uint16_t) const::error_value
                                   000009D9 
    -------------------------------------------------------------------------
<BANKED_CODE> 1 (was BANKED_CODE)
  Relative segment, address: CODE 00003145 - 0000318D (0x49 bytes), align: 0
  Segment part 31.            Intra module refs:   InputBitStream::InputBitStream()::?relay
           ENTRY                   ADDRESS         REF BY
           =====                   =======         ======
           InputBitStream::InputBitStream()
                                   00003145 
               calls direct
               XSTACK = 0000000A ( 00000009 )
    -------------------------------------------------------------------------
<BANKED_CODE> 1 (was BANKED_CODE)
  Relative segment, address: CODE 0000318E - 00003236 (0xa9 bytes), align: 0
  Segment part 35.            Intra module refs:   InputBitStream::Peek(uint32_t)::?relay
           ENTRY                   ADDRESS         REF BY
           =====                   =======         ======
           InputBitStream::Peek(uint32_t)
                                   0000318E 
               XSTACK = 00000014 ( 00000010 )
               ISTACK = 00000000 ( 00000004 )
    -------------------------------------------------------------------------
<BANKED_CODE> 1 (was BANKED_CODE)
  Relative segment, address: CODE 00003237 - 00003350 (0x11a bytes), align: 0
  Segment part 37.            Intra module refs:   InputBitStream::Forward(uint32_t)::?relay
           ENTRY                   ADDRESS         REF BY
           =====                   =======         ======
           InputBitStream::Forward(uint32_t)
                                   00003237 
               calls direct
               XSTACK = 00000014 ( 00000010 )
    -------------------------------------------------------------------------
<BANKED_CODE> 1 (was BANKED_CODE)
  Relative segment, address: CODE 00003351 - 000033D2 (0x82 bytes), align: 0
  Segment part 39.            Intra module refs:   InputBitStream::ReadLong(uint32_t)::?relay
           ENTRY                   ADDRESS         REF BY
           =====                   =======         ======
           InputBitStream::ReadLong(uint32_t)
                                   00003351 
               calls direct
               XSTACK = 00000004 ( 00000014 )
    -------------------------------------------------------------------------
<BANKED_CODE> 1 (was BANKED_CODE)
  Relative segment, address: CODE 000033D3 - 00003418 (0x46 bytes), align: 0
  Segment part 41.            Intra module refs:   InputBitStream::ReadInt(uint32_t)::?relay
           ENTRY                   ADDRESS         REF BY
           =====                   =======         ======
           InputBitStream::ReadInt(uint32_t)
                                   000033D3 
               calls direct
               XSTACK = 00000004 ( 00000014 )
    -------------------------------------------------------------------------
<BANKED_CODE> 1 (was BANKED_CODE)
  Relative segment, address: CODE 00003419 - 00003445 (0x2d bytes), align: 0
  Segment part 43.            Intra module refs:   InputBitStream::ReadBit()::?relay
           ENTRY                   ADDRESS         REF BY
           =====                   =======         ======
           InputBitStream::ReadBit()
                                   00003419 
               calls direct
               XSTACK = 00000000 ( 00000010 )
    -------------------------------------------------------------------------
<BANKED_CODE> 1 (was BANKED_CODE)
  Relative segment, address: CODE 00003446 - 00003742 (0x2fd bytes), align: 0
  Segment part 45.            Intra module refs:   InputBitStream::SetBuffer(Array<uint8_t> const &)::?relay
           ENTRY                   ADDRESS         REF BY
           =====                   =======         ======
           InputBitStream::SetBuffer(Array<uint8_t> const &)
                                   00003446 
               calls direct
               XSTACK = 00000000 ( 00000028 )
               ISTACK = 00000000 ( 00000004 )
    -------------------------------------------------------------------------
<BANKED_CODE> 1 (was BANKED_CODE)
  Relative segment, address: CODE 00003743 - 00003750 (0xe bytes), align: 0
  Segment part 49.            Intra module refs:   malloc::?relay
           ENTRY                   ADDRESS         REF BY
           =====                   =======         ======
           malloc                  00003743 
               calls direct
               XSTACK = 0000000E ( 00000000 )
               ISTACK = 00000000 ( 00000002 )
    -------------------------------------------------------------------------
<BANKED_CODE> 1 (was BANKED_CODE)
  Relative segment, address: CODE 00003751 - 0000376C (0x1c bytes), align: 0
  Segment part 51.            Intra module refs:   Array<uint32_t>::Array()::?relay
           ENTRY                   ADDRESS         REF BY
           =====                   =======         ======
           Array<uint32_t>::Array()
                                   00003751 
               XSTACK = 00000016 ( 00000000 )
               ISTACK = 00000000 ( 00000002 )
    -------------------------------------------------------------------------
<BANKED_CODE> 1 (was BANKED_CODE)
  Relative segment, address: CODE 0000376D - 000037EB (0x7f bytes), align: 0
  Segment part 53.            Intra module refs:   Array<uint32_t>::Array(uint16_t)::?relay
           ENTRY                   ADDRESS         REF BY
           =====                   =======         ======
           Array<uint32_t>::Array(uint16_t)
                                   0000376D 
               calls direct
               XSTACK = 00000024 ( 00000010 )
    -------------------------------------------------------------------------
<BANKED_CODE> 1 (was BANKED_CODE)
  Relative segment, address: CODE 000037EC - 000038BC (0xd1 bytes), align: 0
  Segment part 55.            Intra module refs:   Array<uint32_t>::operator=(Array<uint32_t> const &)::?relay
           ENTRY                   ADDRESS         REF BY
           =====                   =======         ======
           Array<uint32_t>::operator=(Array<uint32_t> const &)
                                   000037EC 
               calls direct
               XSTACK = 00000024 ( 00000010 )
    -------------------------------------------------------------------------
<BANKED_CODE> 1 (was BANKED_CODE)
  Relative segment, address: CODE 000038BD - 000038D9 (0x1d bytes), align: 0
  Segment part 57.            Intra module refs:   Array<uint32_t>::~Array()::?relay
           ENTRY                   ADDRESS         REF BY
           =====                   =======         ======
           Array<uint32_t>::~Array()
                                   000038BD 
               calls direct
               XSTACK = 00000024 ( 00000000 )
               ISTACK = 00000000 ( 00000002 )
    -------------------------------------------------------------------------
<BANKED_CODE> 1 (was BANKED_CODE)
  Relative segment, address: CODE 000038DA - 0000391B (0x42 bytes), align: 0
  Segment part 59.            Intra module refs:   Array<uint32_t>::operator[](uint16_t) const::?relay
           ENTRY                   ADDRESS         REF BY
           =====                   =======         ======
           Array<uint32_t>::operator[](uint16_t) const
                                   000038DA 
               XSTACK = 00000024 ( 0000000A )
    -------------------------------------------------------------------------
<BANKED_CODE> 1 (was BANKED_CODE)
  Relative segment, address: CODE 0000391C - 00003931 (0x16 bytes), align: 0
  Segment part 61.            Intra module refs:   Array<uint32_t>::begin() const::?relay
           ENTRY                   ADDRESS         REF BY
           =====                   =======         ======
           Array<uint32_t>::begin() const
                                   0000391C 
               XSTACK = 00000018 ( 00000000 )
               ISTACK = 00000000 ( 00000002 )
    -------------------------------------------------------------------------
<BANKED_CODE> 1 (was BANKED_CODE)
  Relative segment, address: CODE 00003932 - 00003947 (0x16 bytes), align: 0
  Segment part 63.            Intra module refs:   Array<uint8_t>::begin() const::?relay
           ENTRY                   ADDRESS         REF BY
           =====                   =======         ======
           Array<uint8_t>::begin() const
                                   00003932 
               XSTACK = 00000024 ( 00000000 )
               ISTACK = 00000000 ( 00000002 )
    -------------------------------------------------------------------------
<BANKED_CODE> 1 (was BANKED_CODE)
  Relative segment, address: CODE 00003948 - 0000395B (0x14 bytes), align: 0
  Segment part 65.            Intra module refs:   Array<uint32_t>::length() const::?relay
           ENTRY                   ADDRESS         REF BY
           =====                   =======         ======
           Array<uint32_t>::length() const
                                   00003948 
               XSTACK = 00000024 ( 00000000 )
               ISTACK = 00000000 ( 00000002 )
    -------------------------------------------------------------------------
<BANKED_CODE> 1 (was BANKED_CODE)
  Relative segment, address: CODE 0000395C - 0000396F (0x14 bytes), align: 0
  Segment part 67.            Intra module refs:   Array<uint8_t>::length() const::?relay
           ENTRY                   ADDRESS         REF BY
           =====                   =======         ======
           Array<uint8_t>::length() const
                                   0000395C 
               XSTACK = 00000024 ( 00000000 )
               ISTACK = 00000000 ( 00000002 )
    -------------------------------------------------------------------------
<BANKED_CODE> 1 (was BANKED_CODE)
  Relative segment, address: CODE 00003970 - 0000399E (0x2f bytes), align: 0
  Segment part 69.            Intra module refs:   Array<uint32_t>::is_valid() const::?relay
           ENTRY                   ADDRESS         REF BY
           =====                   =======         ======
           Array<uint32_t>::is_valid() const
                                   00003970 
               XSTACK = 00000024 ( 00000000 )
               ISTACK = 00000000 ( 00000002 )
    -------------------------------------------------------------------------
<BANKED_CODE> 1 (was BANKED_CODE)
  Relative segment, address: CODE 0000399F - 000039CD (0x2f bytes), align: 0
  Segment part 71.            Intra module refs:   Array<uint8_t>::is_valid() const::?relay
           ENTRY                   ADDRESS         REF BY
           =====                   =======         ======
           Array<uint8_t>::is_valid() const
                                   0000399F 
               XSTACK = 00000024 ( 00000000 )
               ISTACK = 00000000 ( 00000002 )
    -------------------------------------------------------------------------
XDATA_ID
  Relative segment, address: CODE 0000037A - 00000396 (0x1d bytes), align: 0
  Segment part 7.             Intra module refs:   Segment part 6
    -------------------------------------------------------------------------
XDATA_ID
  Relative segment, address: CODE 00000397 - 000003B3 (0x1d bytes), align: 0
  Segment part 9.             Intra module refs:   Segment part 8
    -------------------------------------------------------------------------
XDATA_ID
  Relative segment, address: CODE 000003B4 - 000003B7 (0x4 bytes), align: 0
  Segment part 16.            Intra module refs:   __Constant_3e800000
    -------------------------------------------------------------------------
XDATA_ID
  Relative segment, address: CODE 000003B8 - 000003BB (0x4 bytes), align: 0
  Segment part 18.            Intra module refs:   __Constant_1
    -------------------------------------------------------------------------
XDATA_ID
  Relative segment, address: CODE 000003BC - 000003BF (0x4 bytes), align: 0
  Segment part 20.            Intra module refs:   __Constant_21
    -------------------------------------------------------------------------
XDATA_ID
  Relative segment, address: CODE 000003C0 - 000003C3 (0x4 bytes), align: 0
  Segment part 22.            Intra module refs:   __Constant_20
    -------------------------------------------------------------------------
XDATA_ID
  Relative segment, address: CODE 000003C4 - 000003C7 (0x4 bytes), align: 0
  Segment part 24.            Intra module refs:   __Constant_4
    -------------------------------------------------------------------------
BANK_RELAYS
  Relative segment, address: CODE 00000699 - 0000069E (0x6 bytes), align: 0
  Segment part 32.
           ENTRY                   ADDRESS         REF BY
           =====                   =======         ======
           InputBitStream::InputBitStream()::?relay
                                   00000699        SerfQtDecompressor::SerfQtDecompressor() (serf_qt_decompressor)
    -------------------------------------------------------------------------
BANK_RELAYS
  Relative segment, address: CODE 0000069F - 000006A4 (0x6 bytes), align: 0
  Segment part 36.            Intra module refs:   InputBitStream::ReadInt(uint32_t)
                                                   InputBitStream::ReadLong(uint32_t)
           ENTRY                   ADDRESS         REF BY
           =====                   =======         ======
           InputBitStream::Peek(uint32_t)::?relay
                                   0000069F 
    -------------------------------------------------------------------------
BANK_RELAYS
  Relative segment, address: CODE 000006A5 - 000006AA (0x6 bytes), align: 0
  Segment part 38.            Intra module refs:   InputBitStream::ReadBit()
                                                   InputBitStream::ReadInt(uint32_t)
                                                   InputBitStream::ReadLong(uint32_t)
           ENTRY                   ADDRESS         REF BY
           =====                   =======         ======
           InputBitStream::Forward(uint32_t)::?relay
                                   000006A5 
    -------------------------------------------------------------------------
BANK_RELAYS
  Relative segment, address: CODE 000006AB - 000006B0 (0x6 bytes), align: 0
  Segment part 40.
           ENTRY                   ADDRESS         REF BY
           =====                   =======         ======
           InputBitStream::ReadLong(uint32_t)::?relay
                                   000006AB        SerfQtDecompressor::Decompress(Array<uint8_t> const &) (serf_qt_decompressor)
    -------------------------------------------------------------------------
BANK_RELAYS
  Relative segment, address: CODE 000006B1 - 000006B6 (0x6 bytes), align: 0
  Segment part 42.
           ENTRY                   ADDRESS         REF BY
           =====                   =======         ======
           InputBitStream::ReadInt(uint32_t)::?relay
                                   000006B1        EliasGammaCodec::Decode(InputBitStream *) (elias_gamma_codec)
                                                   SerfQtDecompressor::Decompress(Array<uint8_t> const &) (serf_qt_decompressor)
    -------------------------------------------------------------------------
BANK_RELAYS
  Relative segment, address: CODE 000006B7 - 000006BC (0x6 bytes), align: 0
  Segment part 44.
           ENTRY                   ADDRESS         REF BY
           =====                   =======         ======
           InputBitStream::ReadBit()::?relay
                                   000006B7        EliasGammaCodec::Decode(InputBitStream *) (elias_gamma_codec)
    -------------------------------------------------------------------------
BANK_RELAYS
  Relative segment, address: CODE 000006BD - 000006C2 (0x6 bytes), align: 0
  Segment part 46.
           ENTRY                   ADDRESS         REF BY
           =====                   =======         ======
           InputBitStream::SetBuffer(Array<uint8_t> const &)::?relay
                                   000006BD        SerfQtDecompressor::Decompress(Array<uint8_t> const &) (serf_qt_decompressor)
    -------------------------------------------------------------------------
BANK_RELAYS
  Relative segment, address: CODE 000006C3 - 000006C8 (0x6 bytes), align: 0
  Segment part 50.            Intra module refs:   Array<float>::Array(Array<float> const &) (serf_qt_decompressor)
                                                   Array<float>::Array(uint16_t) (serf_qt_decompressor)
                                                   Array<uint32_t>::Array(uint16_t)
                                                   Array<uint32_t>::operator=(Array<uint32_t> const &)
                                                   Array<uint8_t>::Array(Array<uint8_t> const &) (output_bit_stream)
                                                   Array<uint8_t>::Array(uint16_t) (output_bit_stream)
                                                   Array<uint8_t>::operator=(Array<uint8_t> const &) (serf_qt_compressor)
           ENTRY                   ADDRESS         REF BY
           =====                   =======         ======
           malloc::?relay          000006C3 
    -------------------------------------------------------------------------
BANK_RELAYS
  Relative segment, address: CODE 000006C9 - 000006CE (0x6 bytes), align: 0
  Segment part 52.            Intra module refs:   InputBitStream::InputBitStream()
                                                   OutputBitStream::OutputBitStream(uint32_t) (output_bit_stream)
           ENTRY                   ADDRESS         REF BY
           =====                   =======         ======
           Array<uint32_t>::Array()::?relay
                                   000006C9 
    -------------------------------------------------------------------------
BANK_RELAYS
  Relative segment, address: CODE 000006CF - 000006D4 (0x6 bytes), align: 0
  Segment part 54.            Intra module refs:   InputBitStream::SetBuffer(Array<uint8_t> const &)
                                                   OutputBitStream::OutputBitStream(uint32_t) (output_bit_stream)
           ENTRY                   ADDRESS         REF BY
           =====                   =======         ======
           Array<uint32_t>::Array(uint16_t)::?relay
                                   000006CF 
    -------------------------------------------------------------------------
BANK_RELAYS
  Relative segment, address: CODE 000006D5 - 000006DA (0x6 bytes), align: 0
  Segment part 56.            Intra module refs:   InputBitStream::SetBuffer(Array<uint8_t> const &)
                                                   OutputBitStream::OutputBitStream(uint32_t) (output_bit_stream)
           ENTRY                   ADDRESS         REF BY
           =====                   =======         ======
           Array<uint32_t>::operator=(Array<uint32_t> const &)::?relay
                                   000006D5 
    -------------------------------------------------------------------------
BANK_RELAYS
  Relative segment, address: CODE 000006DB - 000006E0 (0x6 bytes), align: 0
  Segment part 58.            Intra module refs:   InputBitStream::SetBuffer(Array<uint8_t> const &)
                                                   InputBitStream::~InputBitStream() (serf_qt_decompressor)
                                                   OutputBitStream::OutputBitStream(uint32_t) (output_bit_stream)
                                                   OutputBitStream::~OutputBitStream() (serf_qt_compressor)
           ENTRY                   ADDRESS         REF BY
           =====                   =======         ======
           Array<uint32_t>::~Array()::?relay
                                   000006DB 
    -------------------------------------------------------------------------
BANK_RELAYS
  Relative segment, address: CODE 000006E1 - 000006E6 (0x6 bytes), align: 0
  Segment part 60.            Intra module refs:   InputBitStream::Forward(uint32_t)
                                                   InputBitStream::SetBuffer(Array<uint8_t> const &)
                                                   OutputBitStream::Flush() (output_bit_stream)
                                                   OutputBitStream::GetBuffer(uint32_t) (output_bit_stream)
                                                   OutputBitStream::Write(uint32_t, uint32_t) (output_bit_stream)
           ENTRY                   ADDRESS         REF BY
           =====                   =======         ======
           Array<uint32_t>::operator[](uint16_t) const::?relay
                                   000006E1 
    -------------------------------------------------------------------------
BANK_RELAYS
  Relative segment, address: CODE 000006E7 - 000006EC (0x6 bytes), align: 0
  Segment part 62.            Intra module refs:   OutputBitStream::GetBuffer(uint32_t) (output_bit_stream)
           ENTRY                   ADDRESS         REF BY
           =====                   =======         ======
           Array<uint32_t>::begin() const::?relay
                                   000006E7 
    -------------------------------------------------------------------------
BANK_RELAYS
  Relative segment, address: CODE 000006ED - 000006F2 (0x6 bytes), align: 0
  Segment part 64.            Intra module refs:   InputBitStream::SetBuffer(Array<uint8_t> const &)
                                                   OutputBitStream::GetBuffer(uint32_t) (output_bit_stream)
           ENTRY                   ADDRESS         REF BY
           =====                   =======         ======
           Array<uint8_t>::begin() const::?relay
                                   000006ED 
    -------------------------------------------------------------------------
BANK_RELAYS
  Relative segment, address: CODE 000006F3 - 000006F8 (0x6 bytes), align: 0
  Segment part 66.            Intra module refs:   InputBitStream::Forward(uint32_t)
                                                   InputBitStream::SetBuffer(Array<uint8_t> const &)
           ENTRY                   ADDRESS         REF BY
           =====                   =======         ======
           Array<uint32_t>::length() const::?relay
                                   000006F3 
    -------------------------------------------------------------------------
BANK_RELAYS
  Relative segment, address: CODE 000006F9 - 000006FE (0x6 bytes), align: 0
  Segment part 68.            Intra module refs:   InputBitStream::SetBuffer(Array<uint8_t> const &)
                                                   SerfQtCompressor::Close() (serf_qt_compressor)
                                                   SerfQtDecompressor::Decompress(Array<uint8_t> const &) (serf_qt_decompressor)
           ENTRY                   ADDRESS         REF BY
           =====                   =======         ======
           Array<uint8_t>::length() const::?relay
                                   000006F9 
    -------------------------------------------------------------------------
BANK_RELAYS
  Relative segment, address: CODE 000006FF - 00000704 (0x6 bytes), align: 0
  Segment part 70.            Intra module refs:   InputBitStream::SetBuffer(Array<uint8_t> const &)
           ENTRY                   ADDRESS         REF BY
           =====                   =======         ======
           Array<uint32_t>::is_valid() const::?relay
                                   000006FF 
    -------------------------------------------------------------------------
BANK_RELAYS
  Relative segment, address: CODE 00000705 - 0000070A (0x6 bytes), align: 0
  Segment part 72.            Intra module refs:   InputBitStream::SetBuffer(Array<uint8_t> const &)
                                                   OutputBitStream::GetBuffer(uint32_t) (output_bit_stream)
                                                   SerfQtCompressor::Close() (serf_qt_compressor)
           ENTRY                   ADDRESS         REF BY
           =====                   =======         ======
           Array<uint8_t>::is_valid() const::?relay
                                   00000705 
    -------------------------------------------------------------------------
XDATA_I
  Relative segment, address: XDATA 00000CCC - 00000CE8 (0x1d bytes), align: 0
  Segment part 6.             Intra module refs:   InputBitStream::SetBuffer(Array<uint8_t> const &)
    -------------------------------------------------------------------------
XDATA_I
  Relative segment, address: XDATA 00000CE9 - 00000D05 (0x1d bytes), align: 0
  Segment part 8.             Intra module refs:   InputBitStream::SetBuffer(Array<uint8_t> const &)
    -------------------------------------------------------------------------
XDATA_I
  Relative segment, address: XDATA 00000D06 - 00000D09 (0x4 bytes), align: 0
[...]
<BANKED_CODE> 1 (was BANKED_CODE)
  Relative segment, address: CODE 00003078 - 00003080 (0x9 bytes), align: 0
  Segment part 149.           Intra module refs:   Segment part 140
                                                   Segment part 148
                                                   Segment part 93
    -------------------------------------------------------------------------
<BANKED_CODE> 1 (was BANKED_CODE)
  Relative segment, address: CODE 00003081 - 00003081 (0x1 bytes), align: 0
  Segment part 150.           Intra module refs:   _GenldLargeNoMb
    -------------------------------------------------------------------------
<BANKED_CODE> 1 (was BANKED_CODE)
  Relative segment, address: CODE 00003082 - 00003084 (0x3 bytes), align: 0
  Segment part 151.           Intra module refs:   Segment part 150
                                                   _GenldLargeNoMb
    -------------------------------------------------------------------------
<BANKED_CODE> 1 (was BANKED_CODE)
  Relative segment, address: CODE 00003085 - 00003094 (0x10 bytes), align: 0
  Segment part 152.           Intra module refs:   Segment part 151
                                                   _GenldLargeNoMb
    -------------------------------------------------------------------------
<BANKED_CODE> 1 (was BANKED_CODE)
  Relative segment, address: CODE 00003095 - 000030E7 (0x53 bytes), align: 0
  Segment part 153.           Intra module refs:   _PutcharLargeNoMb::?relay
           LOCAL                   ADDRESS         
           =====                   =======         
           _PutcharLargeNoMb       00003095 
               XSTACK = 0000006C ( 0000000E )
    -------------------------------------------------------------------------
<BANKED_CODE> 1 (was BANKED_CODE)
  Relative segment, address: CODE 000030E8 - 00003139 (0x52 bytes), align: 0
  Segment part 155.           Intra module refs:   _PutcharsLargeNoMb::?relay
           LOCAL                   ADDRESS         
           =====                   =======         
           _PutcharsLargeNoMb      000030E8 
               calls direct
               XSTACK = 00000070 ( 00000010 )
    -------------------------------------------------------------------------
<BANKED_CODE> 1 (was BANKED_CODE)
  Relative segment, address: CODE 0000313A - 00003144 (0xb bytes), align: 0
  Segment part 157.           Intra module refs:   Segment part 119
                                                   _PutcharsLargeNoMb
    -------------------------------------------------------------------------
XDATA_ID
  Relative segment, address: CODE 00000606 - 0000060C (0x7 bytes), align: 0
  Segment part 7.             Intra module refs:   Segment part 6
    -------------------------------------------------------------------------
XDATA_ID
  Relative segment, address: CODE 0000060D - 00000610 (0x4 bytes), align: 0
  Segment part 9.             Intra module refs:   Segment part 8
    -------------------------------------------------------------------------
XDATA_ID
  Relative segment, address: CODE 00000611 - 00000614 (0x4 bytes), align: 0
  Segment part 11.            Intra module refs:   Segment part 10
    -------------------------------------------------------------------------
XDATA_ID
  Relative segment, address: CODE 00000615 - 00000618 (0x4 bytes), align: 0
  Segment part 13.            Intra module refs:   Segment part 12
    -------------------------------------------------------------------------
XDATA_ID
  Relative segment, address: CODE 00000619 - 0000061C (0x4 bytes), align: 0
  Segment part 15.            Intra module refs:   Segment part 14
    -------------------------------------------------------------------------
XDATA_ID
  Relative segment, address: CODE 0000061D - 0000061E (0x2 bytes), align: 0
  Segment part 17.            Intra module refs:   Segment part 16
    -------------------------------------------------------------------------
XDATA_ID
  Relative segment, address: CODE 0000061F - 00000622 (0x4 bytes), align: 0
  Segment part 19.            Intra module refs:   __Constant_ffff
    -------------------------------------------------------------------------
XDATA_ID
  Relative segment, address: CODE 00000623 - 00000626 (0x4 bytes), align: 0
  Segment part 23.            Intra module refs:   __Constant_7597
    -------------------------------------------------------------------------
XDATA_ID
  Relative segment, address: CODE 00000627 - 0000062A (0x4 bytes), align: 0
  Segment part 25.            Intra module refs:   __Constant_186a0
    -------------------------------------------------------------------------
XDATA_ID
  Relative segment, address: CODE 0000062B - 0000062E (0x4 bytes), align: 0
  Segment part 29.            Intra module refs:   __Constant_a
    -------------------------------------------------------------------------
XDATA_ID
  Relative segment, address: CODE 0000062F - 00000632 (0x4 bytes), align: 0
  Segment part 31.            Intra module refs:   __Constant_4cbebc20
    -------------------------------------------------------------------------
BANK_RELAYS
  Relative segment, address: CODE 00000867 - 0000086C (0x6 bytes), align: 0
  Segment part 33.
           ENTRY                   ADDRESS         REF BY
           =====                   =======         ======
           _PrintfLargeNoMb::?relay
                                   00000867        printf (?printf)
    -------------------------------------------------------------------------
BANK_RELAYS
  Relative segment, address: CODE 0000086D - 00000872 (0x6 bytes), align: 0
  Segment part 63.            Intra module refs:   _PrintfLargeNoMb
           LOCAL                   ADDRESS         
           =====                   =======         
           pad::?relay             0000086D 
    -------------------------------------------------------------------------
BANK_RELAYS
  Relative segment, address: CODE 00000873 - 00000878 (0x6 bytes), align: 0
  Segment part 65.            Intra module refs:   _PrintfLargeNoMb
           LOCAL                   ADDRESS         
           =====                   =======         
           _LitobLargeNoMb::?relay
                                   00000873 
    -------------------------------------------------------------------------
BANK_RELAYS
  Relative segment, address: CODE 00000879 - 0000087E (0x6 bytes), align: 0
  Segment part 79.            Intra module refs:   _LdtobLargeNoMb
           LOCAL                   ADDRESS         
           =====                   =======         
           scale::?relay           00000879 
    -------------------------------------------------------------------------
BANK_RELAYS
  Relative segment, address: CODE 0000087F - 00000884 (0x6 bytes), align: 0
  Segment part 82.            Intra module refs:   _PrintfLargeNoMb
           LOCAL                   ADDRESS         
           =====                   =======         
           _LdtobLargeNoMb::?relay
                                   0000087F 
    -------------------------------------------------------------------------
BANK_RELAYS
  Relative segment, address: CODE 00000885 - 0000088A (0x6 bytes), align: 0
  Segment part 115.           Intra module refs:   _LdtobLargeNoMb
           LOCAL                   ADDRESS         
           =====                   =======         
           _GenldLargeNoMb::?relay
                                   00000885 
    -------------------------------------------------------------------------
BANK_RELAYS
  Relative segment, address: CODE 0000088B - 00000890 (0x6 bytes), align: 0
  Segment part 154.           Intra module refs:   _PrintfLargeNoMb
                                                   _PutcharsLargeNoMb
           LOCAL                   ADDRESS         
           =====                   =======         
           _PutcharLargeNoMb::?relay
                                   0000088B 
    -------------------------------------------------------------------------
BANK_RELAYS
  Relative segment, address: CODE 00000891 - 00000896 (0x6 bytes), align: 0
  Segment part 156.           Intra module refs:   _PrintfLargeNoMb
                                                   pad
           LOCAL                   ADDRESS         
           =====                   =======         
           _PutcharsLargeNoMb::?relay
                                   00000891 
    -------------------------------------------------------------------------
XDATA_I
  Relative segment, address: XDATA 00000F58 - 00000F5E (0x7 bytes), align: 0
  Segment part 6.             Intra module refs:   _PrintfLargeNoMb
    -------------------------------------------------------------------------
XDATA_I
  Relative segment, address: XDATA 00000F5F - 00000F62 (0x4 bytes), align: 0
  Segment part 8.             Intra module refs:   _LdtobLargeNoMb
    -------------------------------------------------------------------------
XDATA_I
  Relative segment, address: XDATA 00000F63 - 00000F66 (0x4 bytes), align: 0
  Segment part 10.            Intra module refs:   _LdtobLargeNoMb
    -------------------------------------------------------------------------
XDATA_I
  Relative segment, address: XDATA 00000F67 - 00000F6A (0x4 bytes), align: 0
  Segment part 12.            Intra module refs:   _LdtobLargeNoMb
    -------------------------------------------------------------------------
XDATA_I
  Relative segment, address: XDATA 00000F6B - 00000F6E (0x4 bytes), align: 0
  Segment part 14.            Intra module refs:   _LdtobLargeNoMb
    -------------------------------------------------------------------------
XDATA_I
  Relative segment, address: XDATA 00000F6F - 00000F70 (0x2 bytes), align: 0
  Segment part 16.            Intra module refs:   _GenldLargeNoMb
    -------------------------------------------------------------------------
XDATA_I
  Relative segment, address: XDATA 00000F71 - 00000F74 (0x4 bytes), align: 0
  Segment part 18.            Intra module refs:   _PrintfLargeNoMb
           ENTRY                   ADDRESS         REF BY
           =====                   =======         ======
           __Constant_ffff         00000F71 
    -------------------------------------------------------------------------
XDATA_I
  Relative segment, address: XDATA 00000F75 - 00000F78 (0x4 bytes), align: 0
  Segment part 22.            Intra module refs:   _LdtobLargeNoMb
           ENTRY                   ADDRESS         REF BY
           =====                   =======         ======
           __Constant_7597         00000F75 
    -------------------------------------------------------------------------
XDATA_I
  Relative segment, address: XDATA 00000F79 - 00000F7C (0x4 bytes), align: 0
  Segment part 24.            Intra module refs:   _LdtobLargeNoMb
           ENTRY                   ADDRESS         REF BY
           =====                   =======         ======
           __Constant_186a0        00000F79 
    -------------------------------------------------------------------------
XDATA_I
  Relative segment, address: XDATA 00000F7D - 00000F80 (0x4 bytes), align: 0
  Segment part 28.            Intra module refs:   _LdtobLargeNoMb
           ENTRY                   ADDRESS         REF BY
           =====                   =======         ======
           __Constant_a            00000F7D 
    -------------------------------------------------------------------------
XDATA_I
  Relative segment, address: XDATA 00000F81 - 00000F84 (0x4 bytes), align: 0
  Segment part 30.            Intra module refs:   _LdtobLargeNoMb
           ENTRY                   ADDRESS         REF BY
           =====                   =======         ======
           __Constant_4cbebc20     00000F81 

    -------------------------------------------------------------------------
  LIBRARY MODULE, NAME : ?xprout

  SEGMENTS IN THE MODULE
  ======================
<BANKED_CODE> 1 (was BANKED_CODE)
  Relative segment, address: CODE 0000630D - 00006337 (0x2b bytes), align: 0
  Segment part 6.             Intra module refs:   _Prout::?relay
           ENTRY                   ADDRESS         REF BY
           =====                   =======         ======
           _Prout                  0000630D 
               calls direct
               XSTACK = 00000000 ( 0000000E )
    -------------------------------------------------------------------------
BANK_RELAYS
  Relative segment, address: CODE 00000897 - 0000089C (0x6 bytes), align: 0
  Segment part 7.
           ENTRY                   ADDRESS         REF BY
           =====                   =======         ======
           _Prout::?relay          00000897        printf (?printf)

    -------------------------------------------------------------------------
  LIBRARY MODULE, NAME : ?xxmemxfree

  SEGMENTS IN THE MODULE
  ======================
<BANKED_CODE> 1 (was BANKED_CODE)
  Relative segment, address: CODE 00005BD4 - 00005D0B (0x138 bytes), align: 0
  Segment part 6.             Intra module refs:   __xdata_free::?relay
           ENTRY                   ADDRESS         REF BY
           =====                   =======         ======
           __xdata_free            00005BD4 
               XSTACK = 0000000A ( 0000000E )
    -------------------------------------------------------------------------
<BANKED_CODE> 1 (was BANKED_CODE)
  Relative segment, address: CODE 00005D0C - 00005D13 (0x8 bytes), align: 0
  Segment part 8.             Intra module refs:   __xdata_free
    -------------------------------------------------------------------------
BANK_RELAYS
  Relative segment, address: CODE 0000089D - 000008A2 (0x6 bytes), align: 0
  Segment part 7.
           ENTRY                   ADDRESS         REF BY
           =====                   =======         ======
           __xdata_free::?relay    0000089D        __xdata_malloc (?xxmemxmalloc)
                                                   free (iar_serf_test)
                                                   operator delete(void *) (?delop_0)

    -------------------------------------------------------------------------
  LIBRARY MODULE, NAME : ?xxmemxmalloc

  SEGMENTS IN THE MODULE
  ======================
XDATA_Z
  Relative segment, address: XDATA 000009E3 - 000009E6 (0x4 bytes), align: 0
  Segment part 6.             Intra module refs:   __xdata_malloc
           ENTRY                   ADDRESS         REF BY
           =====                   =======         ======
           __xdata_Aldata          000009E3        __xdata_free (?xxmemxfree)
    -------------------------------------------------------------------------
<BANKED_CODE> 1 (was BANKED_CODE)
  Relative segment, address: CODE 000058A5 - 00005A17 (0x173 bytes), align: 0
  Segment part 8.             Intra module refs:   __xdata_malloc::?relay
           ENTRY                   ADDRESS         REF BY
           =====                   =======         ======
           __xdata_malloc          000058A5 
               calls direct
               XSTACK = 0000000A ( 0000000F )
    -------------------------------------------------------------------------
<BANKED_CODE> 1 (was BANKED_CODE)
  Relative segment, address: CODE 00005A18 - 00005A20 (0x9 bytes), align: 0
  Segment part 10.            Intra module refs:   __xdata_malloc
    -------------------------------------------------------------------------
<BANKED_CODE> 1 (was BANKED_CODE)
  Relative segment, address: CODE 00005A21 - 00005A24 (0x4 bytes), align: 0
  Segment part 11.            Intra module refs:   __xdata_malloc
    -------------------------------------------------------------------------
<BANKED_CODE> 1 (was BANKED_CODE)
  Relative segment, address: CODE 00005A25 - 00005A2A (0x6 bytes), align: 0
  Segment part 12.            Intra module refs:   Segment part 11
                                                   __xdata_malloc
    -------------------------------------------------------------------------
<BANKED_CODE> 1 (was BANKED_CODE)
  Relative segment, address: CODE 00005A2B - 00005A2E (0x4 bytes), align: 0
  Segment part 13.            Intra module refs:   __xdata_malloc
    -------------------------------------------------------------------------
<BANKED_CODE> 1 (was BANKED_CODE)
  Relative segment, address: CODE 00005A2F - 00005A34 (0x6 bytes), align: 0
  Segment part 14.            Intra module refs:   Segment part 12
                                                   Segment part 13
                                                   __xdata_malloc
    -------------------------------------------------------------------------
<BANKED_CODE> 1 (was BANKED_CODE)
  Relative segment, address: CODE 00005A35 - 00005A3C (0x8 bytes), align: 0
  Segment part 15.            Intra module refs:   __xdata_malloc
    -------------------------------------------------------------------------
BANK_RELAYS
  Relative segment, address: CODE 000008A3 - 000008A8 (0x6 bytes), align: 0
  Segment part 9.
           ENTRY                   ADDRESS         REF BY
           =====                   =======         ======
           __xdata_malloc::?relay
                                   000008A3        malloc (input_bit_stream)
                                                   operator new(unsigned int) (?newop_0)




                ****************************************
                *                                      *
                *      SEGMENTS IN ADDRESS ORDER       *
                *                                      *
                ****************************************


SEGMENT              SPACE    START ADDRESS   END ADDRESS     SIZE  TYPE  ALIGN
=======              =====    =============   ===========     ====  ====  =====
INTVEC               CODE          00000000 - 00000002           3   com    0
CSTART               CODE          00000003 - 00000094          92   rel    0
BIT_ID               CODE               00000095                     dse    0
BDATA_ID             CODE               00000095                     dse    0
DATA_ID              CODE               00000095                     dse    0
PDATA_ID             CODE               00000095                     dse    0
IDATA_ID             CODE               00000095                     dse    0
IXDATA_ID            CODE               00000095                     dse    0
XDATA_ID             CODE          00000095 - 00000632         59E   rel    0
BANK_RELAYS          CODE          00000633 - 000008A8         276   rel    0
RCODE                CODE          000008A9 - 000016CB         E23   rel    0
DIFUNCT              CODE          000016CC - 000016CD           2   rel    0
<BANKED_CODE> 1      CODE          000016CE - 00006443        4D76   rel    0
REGISTERS            DATA          00000000 - 00000007           8   rel    0
VREG                 DATA          00000008 - 0000000F           8   rel    0
PSP                  DATA               00000010                     dse    0
XSP                  DATA          00000010 - 00000011           2   rel    0
BREG                 BIT        00000020.0  -  00000020.7        8   rel    0
XSTACK               XDATA         00000001 - 000001FF         1FF   rel    0
XDATA_Z              XDATA         00000200 - 000009E6         7E7   rel    0
XDATA_I              XDATA         000009E7 - 00000F84         59E   rel    0
XDATA_HEAP           XDATA         00000F85 - 00001083          FF   dse    0
ISTACK               IDATA         000000C0 - 000000FF          40   rel    0

                ****************************************
                *                                      *
                *        END OF CROSS REFERENCE        *
                *                                      *
                ****************************************

 25 668 bytes of CODE  memory
     18 bytes of DATA  memory
  4 227 bytes of XDATA memory
     64 bytes of IDATA memory
      8 bits  of BIT   memory

Errors: none
Warnings: none

